2026-02-22T02:17:31.5443608Z Current runner version: '2.331.0'
2026-02-22T02:17:31.5467831Z ##[group]Runner Image Provisioner
2026-02-22T02:17:31.5468558Z Hosted Compute Agent
2026-02-22T02:17:31.5469094Z Version: 20260123.484
2026-02-22T02:17:31.5469628Z Commit: 6bd6555ca37d84114959e1c76d2c01448ff61c5d
2026-02-22T02:17:31.5470193Z Build Date: 2026-01-23T19:41:17Z
2026-02-22T02:17:31.5470795Z Worker ID: {c5a884a4-03a5-44da-aa58-e045acf6d8e5}
2026-02-22T02:17:31.5471458Z Azure Region: northcentralus
2026-02-22T02:17:31.5472010Z ##[endgroup]
2026-02-22T02:17:31.5473271Z ##[group]Operating System
2026-02-22T02:17:31.5473848Z Ubuntu
2026-02-22T02:17:31.5474220Z 24.04.3
2026-02-22T02:17:31.5474753Z LTS
2026-02-22T02:17:31.5475250Z ##[endgroup]
2026-02-22T02:17:31.5475645Z ##[group]Runner Image
2026-02-22T02:17:31.5476102Z Image: ubuntu-24.04
2026-02-22T02:17:31.5476550Z Version: 20260201.15.1
2026-02-22T02:17:31.5477594Z Included Software: https://github.com/actions/runner-images/blob/ubuntu24/20260201.15/images/ubuntu/Ubuntu2404-Readme.md
2026-02-22T02:17:31.5478879Z Image Release: https://github.com/actions/runner-images/releases/tag/ubuntu24%2F20260201.15
2026-02-22T02:17:31.5479642Z ##[endgroup]
2026-02-22T02:17:31.5480563Z ##[group]GITHUB_TOKEN Permissions
2026-02-22T02:17:31.5482731Z Contents: read
2026-02-22T02:17:31.5483268Z Metadata: read
2026-02-22T02:17:31.5483710Z Packages: read
2026-02-22T02:17:31.5484159Z ##[endgroup]
2026-02-22T02:17:31.5486430Z Secret source: Actions
2026-02-22T02:17:31.5487429Z Prepare workflow directory
2026-02-22T02:17:31.5874247Z Prepare all required actions
2026-02-22T02:17:31.5931829Z Getting action download info
2026-02-22T02:17:31.9411370Z Download action repository 'actions/checkout@v4' (SHA:34e114876b0b11c390a56381ad16ebd13914f8d5)
2026-02-22T02:17:32.0577192Z Download action repository 'cachix/install-nix-action@v25' (SHA:6004951b182f8860210c8d6f0d808ec5b1a33d28)
2026-02-22T02:17:32.3710479Z Download action repository 'cachix/cachix-action@v14' (SHA:18cf96c7c98e048e10a83abd92116114cd8504be)
2026-02-22T02:17:32.7082309Z Download action repository 'actions/upload-artifact@v4' (SHA:ea165f8d65b6e75b540449e92b4886f43607fa02)
2026-02-22T02:17:32.9015795Z Complete job name: Build Go60
2026-02-22T02:17:32.9710692Z ##[group]Run actions/checkout@v4
2026-02-22T02:17:32.9711396Z with:
2026-02-22T02:17:32.9711827Z   repository: nothingfortune/zmk-custom-functions-lib
2026-02-22T02:17:32.9712531Z   token: ***
2026-02-22T02:17:32.9712851Z   ssh-strict: true
2026-02-22T02:17:32.9713195Z   ssh-user: git
2026-02-22T02:17:32.9713553Z   persist-credentials: true
2026-02-22T02:17:32.9713955Z   clean: true
2026-02-22T02:17:32.9714305Z   sparse-checkout-cone-mode: true
2026-02-22T02:17:32.9715138Z   fetch-depth: 1
2026-02-22T02:17:32.9715459Z   fetch-tags: false
2026-02-22T02:17:32.9715799Z   show-progress: true
2026-02-22T02:17:32.9716127Z   lfs: false
2026-02-22T02:17:32.9716438Z   submodules: false
2026-02-22T02:17:32.9716785Z   set-safe-directory: true
2026-02-22T02:17:32.9717396Z ##[endgroup]
2026-02-22T02:17:33.0716755Z Syncing repository: nothingfortune/zmk-custom-functions-lib
2026-02-22T02:17:33.0718474Z ##[group]Getting Git version info
2026-02-22T02:17:33.0719426Z Working directory is '/home/runner/work/zmk-custom-functions-lib/zmk-custom-functions-lib'
2026-02-22T02:17:33.0720458Z [command]/usr/bin/git version
2026-02-22T02:17:33.0788964Z git version 2.52.0
2026-02-22T02:17:33.0811428Z ##[endgroup]
2026-02-22T02:17:33.0832639Z Temporarily overriding HOME='/home/runner/work/_temp/0356da5d-b7c7-4ba6-a376-a8f5780ce260' before making global git config changes
2026-02-22T02:17:33.0833817Z Adding repository directory to the temporary git global config as a safe directory
2026-02-22T02:17:33.0838514Z [command]/usr/bin/git config --global --add safe.directory /home/runner/work/zmk-custom-functions-lib/zmk-custom-functions-lib
2026-02-22T02:17:33.0875020Z Deleting the contents of '/home/runner/work/zmk-custom-functions-lib/zmk-custom-functions-lib'
2026-02-22T02:17:33.0878011Z ##[group]Initializing the repository
2026-02-22T02:17:33.0882016Z [command]/usr/bin/git init /home/runner/work/zmk-custom-functions-lib/zmk-custom-functions-lib
2026-02-22T02:17:33.0989146Z hint: Using 'master' as the name for the initial branch. This default branch name
2026-02-22T02:17:33.0990391Z hint: will change to "main" in Git 3.0. To configure the initial branch name
2026-02-22T02:17:33.0991477Z hint: to use in all of your new repositories, which will suppress this warning,
2026-02-22T02:17:33.0992536Z hint: call:
2026-02-22T02:17:33.0993055Z hint:
2026-02-22T02:17:33.0993744Z hint: 	git config --global init.defaultBranch <name>
2026-02-22T02:17:33.0994767Z hint:
2026-02-22T02:17:33.0995584Z hint: Names commonly chosen instead of 'master' are 'main', 'trunk' and
2026-02-22T02:17:33.0996952Z hint: 'development'. The just-created branch can be renamed via this command:
2026-02-22T02:17:33.0997939Z hint:
2026-02-22T02:17:33.0998492Z hint: 	git branch -m <name>
2026-02-22T02:17:33.0999165Z hint:
2026-02-22T02:17:33.1000049Z hint: Disable this message with "git config set advice.defaultBranchName false"
2026-02-22T02:17:33.1001862Z Initialized empty Git repository in /home/runner/work/zmk-custom-functions-lib/zmk-custom-functions-lib/.git/
2026-02-22T02:17:33.1005348Z [command]/usr/bin/git remote add origin https://github.com/nothingfortune/zmk-custom-functions-lib
2026-02-22T02:17:33.1035092Z ##[endgroup]
2026-02-22T02:17:33.1036168Z ##[group]Disabling automatic garbage collection
2026-02-22T02:17:33.1039780Z [command]/usr/bin/git config --local gc.auto 0
2026-02-22T02:17:33.1063219Z ##[endgroup]
2026-02-22T02:17:33.1064218Z ##[group]Setting up auth
2026-02-22T02:17:33.1070636Z [command]/usr/bin/git config --local --name-only --get-regexp core\.sshCommand
2026-02-22T02:17:33.1096123Z [command]/usr/bin/git submodule foreach --recursive sh -c "git config --local --name-only --get-regexp 'core\.sshCommand' && git config --local --unset-all 'core.sshCommand' || :"
2026-02-22T02:17:33.1398797Z [command]/usr/bin/git config --local --name-only --get-regexp http\.https\:\/\/github\.com\/\.extraheader
2026-02-22T02:17:33.1423774Z [command]/usr/bin/git submodule foreach --recursive sh -c "git config --local --name-only --get-regexp 'http\.https\:\/\/github\.com\/\.extraheader' && git config --local --unset-all 'http.https://github.com/.extraheader' || :"
2026-02-22T02:17:33.1621955Z [command]/usr/bin/git config --local --name-only --get-regexp ^includeIf\.gitdir:
2026-02-22T02:17:33.1651803Z [command]/usr/bin/git submodule foreach --recursive git config --local --show-origin --name-only --get-regexp remote.origin.url
2026-02-22T02:17:33.1822125Z [command]/usr/bin/git config --local http.https://github.com/.extraheader AUTHORIZATION: basic ***
2026-02-22T02:17:33.1850912Z ##[endgroup]
2026-02-22T02:17:33.1852016Z ##[group]Fetching the repository
2026-02-22T02:17:33.1860020Z [command]/usr/bin/git -c protocol.version=2 fetch --no-tags --prune --no-recurse-submodules --depth=1 origin +f33cabcc919227226a9f2d9afd751e6d6a9c35d5:refs/remotes/origin/main
2026-02-22T02:17:33.4874585Z From https://github.com/nothingfortune/zmk-custom-functions-lib
2026-02-22T02:17:33.4876294Z  * [new ref]         f33cabcc919227226a9f2d9afd751e6d6a9c35d5 -> origin/main
2026-02-22T02:17:33.4900420Z ##[endgroup]
2026-02-22T02:17:33.4901360Z ##[group]Determining the checkout info
2026-02-22T02:17:33.4902403Z ##[endgroup]
2026-02-22T02:17:33.4906722Z [command]/usr/bin/git sparse-checkout disable
2026-02-22T02:17:33.4939475Z [command]/usr/bin/git config --local --unset-all extensions.worktreeConfig
2026-02-22T02:17:33.4959687Z ##[group]Checking out the ref
2026-02-22T02:17:33.4963613Z [command]/usr/bin/git checkout --progress --force -B main refs/remotes/origin/main
2026-02-22T02:17:33.5131080Z Switched to a new branch 'main'
2026-02-22T02:17:33.5131834Z branch 'main' set up to track 'origin/main'.
2026-02-22T02:17:33.5138426Z ##[endgroup]
2026-02-22T02:17:33.5167051Z [command]/usr/bin/git log -1 --format=%H
2026-02-22T02:17:33.5190544Z f33cabcc919227226a9f2d9afd751e6d6a9c35d5
2026-02-22T02:17:33.5428477Z ##[group]Run actions/checkout@v4
2026-02-22T02:17:33.5429201Z with:
2026-02-22T02:17:33.5429648Z   repository: moergo-sc/zmk
2026-02-22T02:17:33.5430137Z   ref: main
2026-02-22T02:17:33.5430560Z   path: src
2026-02-22T02:17:33.5431154Z   token: ***
2026-02-22T02:17:33.5431586Z   ssh-strict: true
2026-02-22T02:17:33.5432020Z   ssh-user: git
2026-02-22T02:17:33.5432457Z   persist-credentials: true
2026-02-22T02:17:33.5432933Z   clean: true
2026-02-22T02:17:33.5433370Z   sparse-checkout-cone-mode: true
2026-02-22T02:17:33.5433895Z   fetch-depth: 1
2026-02-22T02:17:33.5434330Z   fetch-tags: false
2026-02-22T02:17:33.5435113Z   show-progress: true
2026-02-22T02:17:33.5435565Z   lfs: false
2026-02-22T02:17:33.5436006Z   submodules: false
2026-02-22T02:17:33.5436473Z   set-safe-directory: true
2026-02-22T02:17:33.5436956Z ##[endgroup]
2026-02-22T02:17:33.6299913Z Syncing repository: moergo-sc/zmk
2026-02-22T02:17:33.6307243Z ##[group]Getting Git version info
2026-02-22T02:17:33.6308275Z Working directory is '/home/runner/work/zmk-custom-functions-lib/zmk-custom-functions-lib/src'
2026-02-22T02:17:33.6343165Z [command]/usr/bin/git version
2026-02-22T02:17:33.6374542Z git version 2.52.0
2026-02-22T02:17:33.6396837Z ##[endgroup]
2026-02-22T02:17:33.6416160Z Temporarily overriding HOME='/home/runner/work/_temp/3cb1f6d9-5282-42a8-89e9-fa8caf4fcc61' before making global git config changes
2026-02-22T02:17:33.6417488Z Adding repository directory to the temporary git global config as a safe directory
2026-02-22T02:17:33.6420774Z [command]/usr/bin/git config --global --add safe.directory /home/runner/work/zmk-custom-functions-lib/zmk-custom-functions-lib/src
2026-02-22T02:17:33.6444759Z ##[group]Initializing the repository
2026-02-22T02:17:33.6449080Z [command]/usr/bin/git init /home/runner/work/zmk-custom-functions-lib/zmk-custom-functions-lib/src
2026-02-22T02:17:33.6474905Z hint: Using 'master' as the name for the initial branch. This default branch name
2026-02-22T02:17:33.6475927Z hint: will change to "main" in Git 3.0. To configure the initial branch name
2026-02-22T02:17:33.6476831Z hint: to use in all of your new repositories, which will suppress this warning,
2026-02-22T02:17:33.6477539Z hint: call:
2026-02-22T02:17:33.6477936Z hint:
2026-02-22T02:17:33.6478413Z hint: 	git config --global init.defaultBranch <name>
2026-02-22T02:17:33.6478986Z hint:
2026-02-22T02:17:33.6479549Z hint: Names commonly chosen instead of 'master' are 'main', 'trunk' and
2026-02-22T02:17:33.6480414Z hint: 'development'. The just-created branch can be renamed via this command:
2026-02-22T02:17:33.6481101Z hint:
2026-02-22T02:17:33.6481511Z hint: 	git branch -m <name>
2026-02-22T02:17:33.6481989Z hint:
2026-02-22T02:17:33.6482603Z hint: Disable this message with "git config set advice.defaultBranchName false"
2026-02-22T02:17:33.6484026Z Initialized empty Git repository in /home/runner/work/zmk-custom-functions-lib/zmk-custom-functions-lib/src/.git/
2026-02-22T02:17:33.6486327Z [command]/usr/bin/git remote add origin https://github.com/moergo-sc/zmk
2026-02-22T02:17:33.6511746Z ##[endgroup]
2026-02-22T02:17:33.6512517Z ##[group]Disabling automatic garbage collection
2026-02-22T02:17:33.6515730Z [command]/usr/bin/git config --local gc.auto 0
2026-02-22T02:17:33.6540312Z ##[endgroup]
2026-02-22T02:17:33.6541042Z ##[group]Setting up auth
2026-02-22T02:17:33.6547428Z [command]/usr/bin/git config --local --name-only --get-regexp core\.sshCommand
2026-02-22T02:17:33.6574473Z [command]/usr/bin/git submodule foreach --recursive sh -c "git config --local --name-only --get-regexp 'core\.sshCommand' && git config --local --unset-all 'core.sshCommand' || :"
2026-02-22T02:17:33.6755657Z [command]/usr/bin/git config --local --name-only --get-regexp http\.https\:\/\/github\.com\/\.extraheader
2026-02-22T02:17:33.6780702Z [command]/usr/bin/git submodule foreach --recursive sh -c "git config --local --name-only --get-regexp 'http\.https\:\/\/github\.com\/\.extraheader' && git config --local --unset-all 'http.https://github.com/.extraheader' || :"
2026-02-22T02:17:33.6957196Z [command]/usr/bin/git config --local --name-only --get-regexp ^includeIf\.gitdir:
2026-02-22T02:17:33.6989244Z [command]/usr/bin/git submodule foreach --recursive git config --local --show-origin --name-only --get-regexp remote.origin.url
2026-02-22T02:17:33.7158369Z [command]/usr/bin/git config --local http.https://github.com/.extraheader AUTHORIZATION: basic ***
2026-02-22T02:17:33.7187153Z ##[endgroup]
2026-02-22T02:17:33.7188590Z ##[group]Fetching the repository
2026-02-22T02:17:33.7196743Z [command]/usr/bin/git -c protocol.version=2 fetch --no-tags --prune --no-recurse-submodules --depth=1 origin +refs/heads/main*:refs/remotes/origin/main* +refs/tags/main*:refs/tags/main*
2026-02-22T02:17:34.2610124Z From https://github.com/moergo-sc/zmk
2026-02-22T02:17:34.2612253Z  * [new branch]      main       -> origin/main
2026-02-22T02:17:34.2631934Z ##[endgroup]
2026-02-22T02:17:34.2633116Z ##[group]Determining the checkout info
2026-02-22T02:17:34.2637827Z [command]/usr/bin/git branch --list --remote origin/main
2026-02-22T02:17:34.2656629Z   origin/main
2026-02-22T02:17:34.2660094Z ##[endgroup]
2026-02-22T02:17:34.2663744Z [command]/usr/bin/git sparse-checkout disable
2026-02-22T02:17:34.2690298Z [command]/usr/bin/git config --local --unset-all extensions.worktreeConfig
2026-02-22T02:17:34.2711275Z ##[group]Checking out the ref
2026-02-22T02:17:34.2714476Z [command]/usr/bin/git checkout --progress --force -B main refs/remotes/origin/main
2026-02-22T02:17:34.3586838Z Switched to a new branch 'main'
2026-02-22T02:17:34.3588663Z branch 'main' set up to track 'origin/main'.
2026-02-22T02:17:34.3597594Z ##[endgroup]
2026-02-22T02:17:34.3629849Z [command]/usr/bin/git log -1 --format=%H
2026-02-22T02:17:34.3650403Z 11454d23596afbdb06380a1125371b19ab65675c
2026-02-22T02:17:34.3885488Z ##[group]Run cachix/install-nix-action@v25
2026-02-22T02:17:34.3886611Z with:
2026-02-22T02:17:34.3887392Z   nix_path: nixpkgs=channel:nixos-22.05
2026-02-22T02:17:34.3888441Z   enable_kvm: true
2026-02-22T02:17:34.3889227Z ##[endgroup]
2026-02-22T02:17:34.3995170Z ##[group]Run ${GITHUB_ACTION_PATH}/install-nix.sh
2026-02-22T02:17:34.3996724Z [36;1m${GITHUB_ACTION_PATH}/install-nix.sh[0m
2026-02-22T02:17:34.4021606Z shell: /usr/bin/bash --noprofile --norc -e -o pipefail {0}
2026-02-22T02:17:34.4022826Z env:
2026-02-22T02:17:34.4023536Z   INPUT_EXTRA_NIX_CONFIG: 
2026-02-22T02:17:34.4024546Z   INPUT_GITHUB_ACCESS_TOKEN: 
2026-02-22T02:17:34.4025478Z   INPUT_INSTALL_OPTIONS: 
2026-02-22T02:17:34.4026344Z   INPUT_INSTALL_URL: 
2026-02-22T02:17:34.4027239Z   INPUT_NIX_PATH: nixpkgs=channel:nixos-22.05
2026-02-22T02:17:34.4028308Z   INPUT_ENABLE_KVM: true
2026-02-22T02:17:34.4029647Z   GITHUB_TOKEN: ***
2026-02-22T02:17:34.4030386Z ##[endgroup]
2026-02-22T02:17:34.4120807Z ##[group]Enabling KVM support
2026-02-22T02:17:34.4171373Z KERNEL=="kvm", GROUP="kvm", MODE="0666", OPTIONS+="static_node=kvm"
2026-02-22T02:17:34.4394808Z Enabled KVM
2026-02-22T02:17:34.4396716Z ##[endgroup]
2026-02-22T02:17:34.4398079Z ##[group]Installing Nix
2026-02-22T02:17:34.4660231Z installer options: --no-channel-add --darwin-use-unencrypted-nix-store-volume --nix-extra-conf-file /tmp/tmp.SAPujoLPzy/nix.conf --daemon --daemon-user-count 8
2026-02-22T02:17:34.4800030Z * Host releases.nixos.org:443 was resolved.
2026-02-22T02:17:34.4805627Z * IPv6: 2a04:4e42:83::347
2026-02-22T02:17:34.4806508Z * IPv4: 146.75.77.91
2026-02-22T02:17:34.4807287Z *   Trying 146.75.77.91:443...
2026-02-22T02:17:34.4816504Z * Connected to releases.nixos.org (146.75.77.91) port 443
2026-02-22T02:17:34.4830805Z * ALPN: curl offers h2,http/1.1
2026-02-22T02:17:34.4831987Z } [5 bytes data]
2026-02-22T02:17:34.4832858Z * TLSv1.3 (OUT), TLS handshake, Client hello (1):
2026-02-22T02:17:34.4833938Z } [512 bytes data]
2026-02-22T02:17:34.5041089Z *  CAfile: /etc/ssl/certs/ca-certificates.crt
2026-02-22T02:17:34.5042294Z *  CApath: /etc/ssl/certs
2026-02-22T02:17:34.5043387Z { [5 bytes data]
2026-02-22T02:17:34.5044261Z * TLSv1.3 (IN), TLS handshake, Server hello (2):
2026-02-22T02:17:34.5045496Z { [122 bytes data]
2026-02-22T02:17:34.5046727Z * TLSv1.3 (IN), TLS handshake, Encrypted Extensions (8):
2026-02-22T02:17:34.5047873Z { [19 bytes data]
2026-02-22T02:17:34.5049110Z * TLSv1.3 (IN), TLS handshake, Certificate (11):
2026-02-22T02:17:34.5050828Z { [2602 bytes data]
2026-02-22T02:17:34.5052190Z * TLSv1.3 (IN), TLS handshake, CERT verify (15):
2026-02-22T02:17:34.5053781Z { [264 bytes data]
2026-02-22T02:17:34.5054697Z * TLSv1.3 (IN), TLS handshake, Finished (20):
2026-02-22T02:17:34.5055721Z { [36 bytes data]
2026-02-22T02:17:34.5056682Z * TLSv1.3 (OUT), TLS change cipher, Change cipher spec (1):
2026-02-22T02:17:34.5057823Z } [1 bytes data]
2026-02-22T02:17:34.5058654Z * TLSv1.3 (OUT), TLS handshake, Finished (20):
2026-02-22T02:17:34.5059691Z } [36 bytes data]
2026-02-22T02:17:34.5060859Z * SSL connection using TLSv1.3 / TLS_AES_128_GCM_SHA256 / X25519 / RSASSA-PSS
2026-02-22T02:17:34.5062520Z * ALPN: server accepted h2
2026-02-22T02:17:34.5063386Z * Server certificate:
2026-02-22T02:17:34.5064481Z *  subject: CN=releases.nixos.org
2026-02-22T02:17:34.5065663Z *  start date: Jan 13 01:58:01 2026 GMT
2026-02-22T02:17:34.5066724Z *  expire date: Apr 13 01:58:00 2026 GMT
2026-02-22T02:17:34.5068203Z *  subjectAltName: host "releases.nixos.org" matched cert's "releases.nixos.org"
2026-02-22T02:17:34.5069769Z *  issuer: C=US; O=Let's Encrypt; CN=R12
2026-02-22T02:17:34.5070769Z *  SSL certificate verify ok.
2026-02-22T02:17:34.5072397Z *   Certificate level 0: Public key type RSA (2048/112 Bits/secBits), signed using sha256WithRSAEncryption
2026-02-22T02:17:34.5075878Z *   Certificate level 1: Public key type RSA (2048/112 Bits/secBits), signed using sha256WithRSAEncryption
2026-02-22T02:17:34.5078660Z *   Certificate level 2: Public key type RSA (4096/152 Bits/secBits), signed using sha256WithRSAEncryption
2026-02-22T02:17:34.5080376Z { [5 bytes data]
2026-02-22T02:17:34.5081296Z * TLSv1.3 (IN), TLS handshake, Newsession Ticket (4):
2026-02-22T02:17:34.5082394Z { [201 bytes data]
2026-02-22T02:17:34.5083120Z * using HTTP/2
2026-02-22T02:17:34.5084323Z * [HTTP/2] [1] OPENED stream for https://releases.nixos.org/nix/nix-2.19.2/install
2026-02-22T02:17:34.5085928Z * [HTTP/2] [1] [:method: GET]
2026-02-22T02:17:34.5087091Z * [HTTP/2] [1] [:scheme: https]
2026-02-22T02:17:34.5088204Z * [HTTP/2] [1] [:authority: releases.nixos.org]
2026-02-22T02:17:34.5089369Z * [HTTP/2] [1] [:path: /nix/nix-2.19.2/install]
2026-02-22T02:17:34.5090454Z * [HTTP/2] [1] [user-agent: curl/8.5.0]
2026-02-22T02:17:34.5091527Z * [HTTP/2] [1] [accept: */*]
2026-02-22T02:17:34.5092372Z } [5 bytes data]
2026-02-22T02:17:34.5093126Z > GET /nix/nix-2.19.2/install HTTP/2
2026-02-22T02:17:34.5094085Z > Host: releases.nixos.org
2026-02-22T02:17:34.5095314Z > User-Agent: curl/8.5.0
2026-02-22T02:17:34.5096122Z > Accept: */*
2026-02-22T02:17:34.5096789Z > 
2026-02-22T02:17:34.5097405Z { [5 bytes data]
2026-02-22T02:17:34.5098104Z < HTTP/2 200 
2026-02-22T02:17:34.5098889Z < last-modified: Wed, 29 Nov 2023 16:16:25 GMT
2026-02-22T02:17:34.5099983Z < etag: "65029e6468c72d36dcb083ab91c4a430"
2026-02-22T02:17:34.5101046Z < x-amz-server-side-encryption: AES256
2026-02-22T02:17:34.5102055Z < content-type: text/plain
2026-02-22T02:17:34.5102878Z < server: AmazonS3
2026-02-22T02:17:34.5103621Z < via: 1.1 varnish, 1.1 varnish
2026-02-22T02:17:34.5104614Z < access-control-allow-origin: *
2026-02-22T02:17:34.5105527Z < accept-ranges: bytes
2026-02-22T02:17:34.5106343Z < date: Sun, 22 Feb 2026 02:17:34 GMT
2026-02-22T02:17:34.5107265Z < age: 69020
2026-02-22T02:17:34.5108237Z < x-served-by: cache-dub4395-DUB, cache-chi-kigq8000033-CHI
2026-02-22T02:17:34.5109422Z < x-cache: HIT, HIT
2026-02-22T02:17:34.5110165Z < x-cache-hits: 985, 2
2026-02-22T02:17:34.5110941Z < content-length: 4052
2026-02-22T02:17:34.5111683Z < 
2026-02-22T02:17:34.5112281Z { [5 bytes data]
2026-02-22T02:17:34.5113181Z * Connection #0 to host releases.nixos.org left intact
2026-02-22T02:17:34.5132131Z downloading Nix 2.19.2 binary tarball for x86_64-linux from 'https://releases.nixos.org/nix/nix-2.19.2/nix-2.19.2-x86_64-linux.tar.xz' to '/tmp/nix-binary-tarball-unpack.jdQ1K8hkit'...
2026-02-22T02:17:34.5168127Z   % Total    % Received % Xferd  Average Speed   Time    Time     Time  Current
2026-02-22T02:17:34.5170149Z                                  Dload  Upload   Total   Spent    Left  Speed
2026-02-22T02:17:34.5171153Z 
2026-02-22T02:17:34.5959423Z   0     0    0     0    0     0      0      0 --:--:-- --:--:-- --:--:--     0
2026-02-22T02:17:34.5962689Z 100 20.6M  100 20.6M    0     0   260M      0 --:--:-- --:--:-- --:--:--  261M
2026-02-22T02:17:36.0499808Z Note: a multi-user installation is possible. See https://nixos.org/manual/nix/stable/installation/installing-binary.html#multi-user-installation
2026-02-22T02:17:36.0506904Z Warning: the flag --darwin-use-unencrypted-nix-store-volume
2026-02-22T02:17:36.0507411Z          is no longer needed and will be removed in the future.
2026-02-22T02:17:36.0507652Z 
2026-02-22T02:17:36.0515712Z [1;31mSwitching to the Multi-user Installer[0m
2026-02-22T02:17:36.0597983Z [32mWelcome to the Multi-User Nix Installation
2026-02-22T02:17:36.0605690Z [0m
2026-02-22T02:17:36.0606224Z This installation tool will set up your computer with the Nix package
2026-02-22T02:17:36.0606800Z manager. This will happen in a few stages:
2026-02-22T02:17:36.0607131Z 
2026-02-22T02:17:36.0607685Z 1. Make sure your computer doesn't already have Nix. If it does, I
2026-02-22T02:17:36.0608424Z    will show you instructions on how to clean up your old install.
2026-02-22T02:17:36.0608850Z 
2026-02-22T02:17:36.0609117Z 2. Show you what I am going to install and where. Then I will ask
2026-02-22T02:17:36.0609670Z    if you are ready to continue.
2026-02-22T02:17:36.0609968Z 
2026-02-22T02:17:36.0610841Z 3. Create the system users [34m(uids [30001..30008])[0m and groups [34m(gid 30000)[0m
2026-02-22T02:17:36.0611518Z    that the Nix daemon uses to run builds.
2026-02-22T02:17:36.0611728Z 
2026-02-22T02:17:36.0611889Z 4. Perform the basic installation of the Nix files daemon.
2026-02-22T02:17:36.0612173Z 
2026-02-22T02:17:36.0612382Z 5. Configure your shell to import special Nix Profile files, so you
2026-02-22T02:17:36.0612750Z    can use Nix.
2026-02-22T02:17:36.0612877Z 
2026-02-22T02:17:36.0612965Z 6. Start the Nix daemon.
2026-02-22T02:17:36.0613126Z 
2026-02-22T02:17:36.0613432Z [32m[4;32mWould you like to see a more detailed list of what I will do?
2026-02-22T02:17:36.0613872Z [0mNo TTY, assuming you would say yes :)
2026-02-22T02:17:36.0617535Z 
2026-02-22T02:17:36.0618065Z I will:
2026-02-22T02:17:36.0618262Z 
2026-02-22T02:17:36.0618529Z  - make sure your computer doesn't already have Nix files
2026-02-22T02:17:36.0618977Z    (if it does, I will tell you how to clean them up.)
2026-02-22T02:17:36.0619415Z  - create local users (see the list above for the users I'll make)
2026-02-22T02:17:36.0619794Z  - create a local group (nixbld)
2026-02-22T02:17:36.0620068Z  - install Nix in to /nix
2026-02-22T02:17:36.0620312Z  - create a configuration file in /etc/nix
2026-02-22T02:17:36.0620711Z  - set up the "default profile" by creating some Nix-related files in
2026-02-22T02:17:36.0621055Z    /root
2026-02-22T02:17:36.0631679Z  - back up /etc/bash.bashrc to /etc/bash.bashrc.backup-before-nix
2026-02-22T02:17:36.0632323Z  - update /etc/bash.bashrc to include some Nix configuration
2026-02-22T02:17:36.0640448Z  - load and start a service (at /etc/systemd/system/nix-daemon.service
2026-02-22T02:17:36.0641056Z    and /etc/systemd/system/nix-daemon.socket) for nix-daemon
2026-02-22T02:17:36.0641321Z 
2026-02-22T02:17:36.0642223Z [32m[4;32mReady to continue?
2026-02-22T02:17:36.0642701Z [0mNo TTY, assuming you would say yes :)
2026-02-22T02:17:36.0658037Z 
2026-02-22T02:17:36.0658847Z [34m---- let's talk about sudo -----------------------------------------------------
2026-02-22T02:17:36.0667445Z [0mThis script is going to call sudo a lot. Normally, it would show you
2026-02-22T02:17:36.0668236Z exactly what commands it is running and why. However, the script is
2026-02-22T02:17:36.0669106Z run in a headless fashion, like this:
2026-02-22T02:17:36.0669395Z 
2026-02-22T02:17:36.0669616Z   $ curl -L https://nixos.org/nix/install | sh
2026-02-22T02:17:36.0669959Z 
2026-02-22T02:17:36.0670247Z or maybe in a CI pipeline. Because of that, I'm going to skip the
2026-02-22T02:17:36.0670824Z verbose output in the interest of brevity.
2026-02-22T02:17:36.0671117Z 
2026-02-22T02:17:36.0671192Z If you would like to
2026-02-22T02:17:36.0671391Z see the output, try like this:
2026-02-22T02:17:36.0671536Z 
2026-02-22T02:17:36.0671678Z   $ curl -L -o install-nix https://nixos.org/nix/install
2026-02-22T02:17:36.0671978Z   $ sh ./install-nix
2026-02-22T02:17:36.0672094Z 
2026-02-22T02:17:36.0672102Z 
2026-02-22T02:17:36.0672296Z [32m~~> Checking for artifacts of previous installs
2026-02-22T02:17:36.0677576Z [0mBefore I try to install, I'll check for signs Nix already is or has
2026-02-22T02:17:36.0678040Z been installed on this system.
2026-02-22T02:17:36.0704886Z 
2026-02-22T02:17:36.0705493Z [34m---- Nix config report ---------------------------------------------------------
2026-02-22T02:17:36.0706324Z [0m[1m        Temp Dir[0m:	/tmp/tmp.DSI7fJi2fb
2026-02-22T02:17:36.0706839Z [1m        Nix Root[0m:	/nix
2026-02-22T02:17:36.0707157Z [1m     Build Users[0m:	8
2026-02-22T02:17:36.0707413Z [1m  Build Group ID[0m:	30000
2026-02-22T02:17:36.0707777Z [1mBuild Group Name[0m:	nixbld
2026-02-22T02:17:36.0708035Z 
2026-02-22T02:17:36.0708204Z [4;34mbuild users:
2026-02-22T02:17:36.0708550Z [0m[1m    Username[0m:	UID
2026-02-22T02:17:36.0865609Z [1m     nixbld1[0m:	30001
2026-02-22T02:17:36.0873977Z [1m     nixbld2[0m:	30002
2026-02-22T02:17:36.0882117Z [1m     nixbld3[0m:	30003
2026-02-22T02:17:36.0890701Z [1m     nixbld4[0m:	30004
2026-02-22T02:17:36.0898888Z [1m     nixbld5[0m:	30005
2026-02-22T02:17:36.0907006Z [1m     nixbld6[0m:	30006
2026-02-22T02:17:36.0914969Z [1m     nixbld7[0m:	30007
2026-02-22T02:17:36.0923277Z [1m     nixbld8[0m:	30008
2026-02-22T02:17:36.0923540Z 
2026-02-22T02:17:36.0923760Z [32m[4;32mReady to continue?
2026-02-22T02:17:36.0924236Z [0mNo TTY, assuming you would say yes :)
2026-02-22T02:17:36.0924702Z 
2026-02-22T02:17:36.0924947Z [32m~~> Setting up the build group nixbld
2026-02-22T02:17:36.1117254Z [0m[1m            Created[0m:	Yes
2026-02-22T02:17:36.1137620Z 
2026-02-22T02:17:36.1138456Z [32m~~> Setting up the build user nixbld1
2026-02-22T02:17:36.1274018Z useradd warning: nixbld1's uid 30001 is greater than SYS_UID_MAX 999
2026-02-22T02:17:36.1355302Z [0m[1m           Created[0m:	Yes
2026-02-22T02:17:36.1360220Z [1m            Hidden[0m:	Yes
2026-02-22T02:17:36.1376177Z [1m    Home Directory[0m:	/var/empty
2026-02-22T02:17:36.1392920Z [1m              Note[0m:	Nix build user 1
2026-02-22T02:17:36.1407090Z [1m   Logins Disabled[0m:	Yes
2026-02-22T02:17:36.1429059Z [1m  Member of nixbld[0m:	Yes
2026-02-22T02:17:36.1443762Z [1m    PrimaryGroupID[0m:	30000
2026-02-22T02:17:36.1453441Z 
2026-02-22T02:17:36.1454151Z [32m~~> Setting up the build user nixbld2
2026-02-22T02:17:36.1555227Z useradd warning: nixbld2's uid 30002 is greater than SYS_UID_MAX 999
2026-02-22T02:17:36.1626829Z [0m[1m           Created[0m:	Yes
2026-02-22T02:17:36.1631439Z [1m            Hidden[0m:	Yes
2026-02-22T02:17:36.1647179Z [1m    Home Directory[0m:	/var/empty
2026-02-22T02:17:36.1664323Z [1m              Note[0m:	Nix build user 2
2026-02-22T02:17:36.1679374Z [1m   Logins Disabled[0m:	Yes
2026-02-22T02:17:36.1693751Z [1m  Member of nixbld[0m:	Yes
2026-02-22T02:17:36.1708774Z [1m    PrimaryGroupID[0m:	30000
2026-02-22T02:17:36.1718562Z 
2026-02-22T02:17:36.1719133Z [32m~~> Setting up the build user nixbld3
2026-02-22T02:17:36.1819103Z useradd warning: nixbld3's uid 30003 is greater than SYS_UID_MAX 999
2026-02-22T02:17:36.1900423Z [0m[1m           Created[0m:	Yes
2026-02-22T02:17:36.1904892Z [1m            Hidden[0m:	Yes
2026-02-22T02:17:36.1920864Z [1m    Home Directory[0m:	/var/empty
2026-02-22T02:17:36.1937743Z [1m              Note[0m:	Nix build user 3
2026-02-22T02:17:36.1952557Z [1m   Logins Disabled[0m:	Yes
2026-02-22T02:17:36.1968370Z [1m  Member of nixbld[0m:	Yes
2026-02-22T02:17:36.1983092Z [1m    PrimaryGroupID[0m:	30000
2026-02-22T02:17:36.1993100Z 
2026-02-22T02:17:36.1993524Z [32m~~> Setting up the build user nixbld4
2026-02-22T02:17:36.2099511Z useradd warning: nixbld4's uid 30004 is greater than SYS_UID_MAX 999
2026-02-22T02:17:36.2174628Z [0m[1m           Created[0m:	Yes
2026-02-22T02:17:36.2179475Z [1m            Hidden[0m:	Yes
2026-02-22T02:17:36.2195059Z [1m    Home Directory[0m:	/var/empty
2026-02-22T02:17:36.2212173Z [1m              Note[0m:	Nix build user 4
2026-02-22T02:17:36.2227603Z [1m   Logins Disabled[0m:	Yes
2026-02-22T02:17:36.2242130Z [1m  Member of nixbld[0m:	Yes
2026-02-22T02:17:36.2257257Z [1m    PrimaryGroupID[0m:	30000
2026-02-22T02:17:36.2267010Z 
2026-02-22T02:17:36.2267583Z [32m~~> Setting up the build user nixbld5
2026-02-22T02:17:36.2370588Z useradd warning: nixbld5's uid 30005 is greater than SYS_UID_MAX 999
2026-02-22T02:17:36.2448071Z [0m[1m           Created[0m:	Yes
2026-02-22T02:17:36.2453159Z [1m            Hidden[0m:	Yes
2026-02-22T02:17:36.2468971Z [1m    Home Directory[0m:	/var/empty
2026-02-22T02:17:36.2486072Z [1m              Note[0m:	Nix build user 5
2026-02-22T02:17:36.2500870Z [1m   Logins Disabled[0m:	Yes
2026-02-22T02:17:36.2516134Z [1m  Member of nixbld[0m:	Yes
2026-02-22T02:17:36.2531565Z [1m    PrimaryGroupID[0m:	30000
2026-02-22T02:17:36.2541337Z 
2026-02-22T02:17:36.2541787Z [32m~~> Setting up the build user nixbld6
2026-02-22T02:17:36.2656399Z useradd warning: nixbld6's uid 30006 is greater than SYS_UID_MAX 999
2026-02-22T02:17:36.2738465Z [0m[1m           Created[0m:	Yes
2026-02-22T02:17:36.2743544Z [1m            Hidden[0m:	Yes
2026-02-22T02:17:36.2759775Z [1m    Home Directory[0m:	/var/empty
2026-02-22T02:17:36.2777289Z [1m              Note[0m:	Nix build user 6
2026-02-22T02:17:36.2793650Z [1m   Logins Disabled[0m:	Yes
2026-02-22T02:17:36.2809040Z [1m  Member of nixbld[0m:	Yes
2026-02-22T02:17:36.2824308Z [1m    PrimaryGroupID[0m:	30000
2026-02-22T02:17:36.2834239Z 
2026-02-22T02:17:36.2834804Z [32m~~> Setting up the build user nixbld7
2026-02-22T02:17:36.2936841Z useradd warning: nixbld7's uid 30007 is greater than SYS_UID_MAX 999
2026-02-22T02:17:36.3016379Z [0m[1m           Created[0m:	Yes
2026-02-22T02:17:36.3021484Z [1m            Hidden[0m:	Yes
2026-02-22T02:17:36.3036824Z [1m    Home Directory[0m:	/var/empty
2026-02-22T02:17:36.3054256Z [1m              Note[0m:	Nix build user 7
2026-02-22T02:17:36.3070294Z [1m   Logins Disabled[0m:	Yes
2026-02-22T02:17:36.3085096Z [1m  Member of nixbld[0m:	Yes
2026-02-22T02:17:36.3100106Z [1m    PrimaryGroupID[0m:	30000
2026-02-22T02:17:36.3109970Z 
2026-02-22T02:17:36.3110441Z [32m~~> Setting up the build user nixbld8
2026-02-22T02:17:36.3209765Z useradd warning: nixbld8's uid 30008 is greater than SYS_UID_MAX 999
2026-02-22T02:17:36.3283157Z [0m[1m           Created[0m:	Yes
2026-02-22T02:17:36.3288062Z [1m            Hidden[0m:	Yes
2026-02-22T02:17:36.3303289Z [1m    Home Directory[0m:	/var/empty
2026-02-22T02:17:36.3319933Z [1m              Note[0m:	Nix build user 8
2026-02-22T02:17:36.3334877Z [1m   Logins Disabled[0m:	Yes
2026-02-22T02:17:36.3349616Z [1m  Member of nixbld[0m:	Yes
2026-02-22T02:17:36.3364972Z [1m    PrimaryGroupID[0m:	30000
2026-02-22T02:17:36.3365295Z 
2026-02-22T02:17:36.3365573Z [32m~~> Setting up the basic directory structure
2026-02-22T02:17:36.3425503Z [0minstall: creating directory '/nix'
2026-02-22T02:17:36.3425830Z install: creating directory '/nix/var'
2026-02-22T02:17:36.3426106Z install: creating directory '/nix/var/log'
2026-02-22T02:17:36.3426413Z install: creating directory '/nix/var/log/nix'
2026-02-22T02:17:36.3426744Z install: creating directory '/nix/var/log/nix/drvs'
2026-02-22T02:17:36.3427040Z install: creating directory '/nix/var/nix'
2026-02-22T02:17:36.3427464Z install: creating directory '/nix/var/nix/db'
2026-02-22T02:17:36.3427966Z install: creating directory '/nix/var/nix/gcroots'
2026-02-22T02:17:36.3428280Z install: creating directory '/nix/var/nix/profiles'
2026-02-22T02:17:36.3428604Z install: creating directory '/nix/var/nix/temproots'
2026-02-22T02:17:36.3428913Z install: creating directory '/nix/var/nix/userpool'
2026-02-22T02:17:36.3429250Z install: creating directory '/nix/var/nix/daemon-socket'
2026-02-22T02:17:36.3429615Z install: creating directory '/nix/var/nix/gcroots/per-user'
2026-02-22T02:17:36.3429983Z install: creating directory '/nix/var/nix/profiles/per-user'
2026-02-22T02:17:36.3480775Z install: creating directory '/nix/store'
2026-02-22T02:17:36.3535799Z install: creating directory '/etc/nix'
2026-02-22T02:17:36.3542623Z 
2026-02-22T02:17:36.3543100Z [32m~~> Installing Nix
2026-02-22T02:17:36.4591696Z [0m      Alright! We have our first nix at /nix/store/smfmnz0ylx80wkbqbjibj7zcw4q668xp-nix-2.19.2
2026-02-22T02:17:36.4925647Z       Just finished getting the nix database ready.
2026-02-22T02:17:36.4927616Z 
2026-02-22T02:17:36.4928682Z [32m~~> Setting up shell profiles: /etc/bashrc /etc/profile.d/nix.sh /etc/zshrc /etc/bash.bashrc /etc/zsh/zshrc
2026-02-22T02:17:36.5053639Z [0m
2026-02-22T02:17:36.5053941Z # Nix
2026-02-22T02:17:36.5054572Z if [ -e '/nix/var/nix/profiles/default/etc/profile.d/nix-daemon.sh' ]; then
2026-02-22T02:17:36.5055539Z   . '/nix/var/nix/profiles/default/etc/profile.d/nix-daemon.sh'
2026-02-22T02:17:36.5056147Z fi
2026-02-22T02:17:36.5056383Z # End Nix
2026-02-22T02:17:36.5056553Z 
2026-02-22T02:17:36.5175430Z 
2026-02-22T02:17:36.5175940Z # Nix
2026-02-22T02:17:36.5176512Z if [ -e '/nix/var/nix/profiles/default/etc/profile.d/nix-daemon.sh' ]; then
2026-02-22T02:17:36.5177502Z   . '/nix/var/nix/profiles/default/etc/profile.d/nix-daemon.sh'
2026-02-22T02:17:36.5178116Z fi
2026-02-22T02:17:36.5178368Z # End Nix
2026-02-22T02:17:36.5178515Z 
2026-02-22T02:17:36.5301076Z 
2026-02-22T02:17:36.5301275Z # Nix
2026-02-22T02:17:36.5301635Z if [ -e '/nix/var/nix/profiles/default/etc/profile.d/nix-daemon.sh' ]; then
2026-02-22T02:17:36.5302260Z   . '/nix/var/nix/profiles/default/etc/profile.d/nix-daemon.sh'
2026-02-22T02:17:36.5302768Z fi
2026-02-22T02:17:36.5302999Z # End Nix
2026-02-22T02:17:36.5303165Z 
2026-02-22T02:17:36.5415761Z 
2026-02-22T02:17:36.5416200Z # Nix
2026-02-22T02:17:36.5416617Z if [ -e '/nix/var/nix/profiles/default/etc/profile.d/nix-daemon.sh' ]; then
2026-02-22T02:17:36.5417081Z   . '/nix/var/nix/profiles/default/etc/profile.d/nix-daemon.sh'
2026-02-22T02:17:36.5417447Z fi
2026-02-22T02:17:36.5417638Z # End Nix
2026-02-22T02:17:36.5417785Z 
2026-02-22T02:17:36.5435853Z 
2026-02-22T02:17:36.5437318Z [32m~~> Setting up shell profiles for Fish with conf.d/nix.fish inside /etc/fish /usr/local/etc/fish /opt/homebrew/etc/fish /opt/local/etc/fish
2026-02-22T02:17:36.5506556Z [0m
2026-02-22T02:17:36.5506939Z [32m~~> Setting up the default profile
2026-02-22T02:17:36.5734596Z installing 'nix-2.19.2'
2026-02-22T02:17:36.5820031Z building '/nix/store/g8k2ay0cs99bzfzdrgl98j8rybjjki98-user-environment.drv'...
2026-02-22T02:17:36.6101778Z installing 'nss-cacert-3.92'
2026-02-22T02:17:36.6186364Z building '/nix/store/yyad8x4mww9vi0njnc0mw4ii4fcslyhc-user-environment.drv'...
2026-02-22T02:17:36.6318855Z [0m
2026-02-22T02:17:36.6319226Z [32m~~> Setting up the nix-daemon systemd service
2026-02-22T02:17:36.6526854Z Created symlink /etc/systemd/system/nix-daemon.service → /nix/var/nix/profiles/default/lib/systemd/system/nix-daemon.service.
2026-02-22T02:17:36.8612861Z Created symlink /etc/systemd/system/nix-daemon.socket → /nix/var/nix/profiles/default/lib/systemd/system/nix-daemon.socket.
2026-02-22T02:17:36.8614899Z Created symlink /etc/systemd/system/sockets.target.wants/nix-daemon.socket → /nix/var/nix/profiles/default/lib/systemd/system/nix-daemon.socket.
2026-02-22T02:17:37.2996330Z [0m[32mAlright! We're done!
2026-02-22T02:17:37.3016463Z [0mTry it! Open a new terminal, and type:
2026-02-22T02:17:37.3016829Z 
2026-02-22T02:17:37.3017022Z   $ nix-shell -p nix-info --run "nix-info -m"
2026-02-22T02:17:37.3017500Z 
2026-02-22T02:17:37.3017672Z Thank you for using this installer. If you have any feedback or need
2026-02-22T02:17:37.3017980Z help, don't hesitate:
2026-02-22T02:17:37.3018105Z 
2026-02-22T02:17:37.3018193Z You can open an issue at
2026-02-22T02:17:37.3018712Z https://github.com/NixOS/nix/issues/new?labels=installer&template=installer.md
2026-02-22T02:17:37.3019174Z 
2026-02-22T02:17:37.3019400Z Or get in touch with the community: https://nixos.org/community
2026-02-22T02:17:37.3035413Z 
2026-02-22T02:17:37.3036375Z [34m---- Reminders -----------------------------------------------------------------
2026-02-22T02:17:37.3037031Z [0m[34m[ 1 ][0m
2026-02-22T02:17:37.3038566Z Nix won't work in active shell sessions until you restart them.
2026-02-22T02:17:37.3039081Z 
2026-02-22T02:17:37.3386897Z ##[endgroup]
2026-02-22T02:17:37.3480055Z ##[group]Run cachix/cachix-action@v14
2026-02-22T02:17:37.3480290Z with:
2026-02-22T02:17:37.3480465Z   name: moergo-glove80-zmk-dev
2026-02-22T02:17:37.3480683Z   skipPush: true
2026-02-22T02:17:37.3480860Z   useDaemon: true
2026-02-22T02:17:37.3481020Z env:
2026-02-22T02:17:37.3481201Z   NIX_PATH: nixpkgs=channel:nixos-22.05
2026-02-22T02:17:37.3481446Z   TMPDIR: /home/runner/work/_temp
2026-02-22T02:17:37.3481647Z ##[endgroup]
2026-02-22T02:17:37.3882294Z ##[group]Cachix: installing
2026-02-22T02:17:37.3925863Z [command]/usr/bin/bash -c nix-env --quiet -j8 -iA cachix -f https://cachix.org/api/v1/install
2026-02-22T02:17:39.8720661Z ##[endgroup]
2026-02-22T02:17:39.8721424Z ##[group]Cachix: checking version
2026-02-22T02:17:39.8730850Z [command]/home/runner/.nix-profile/bin/cachix --version
2026-02-22T02:17:39.9033652Z cachix 1.10.1
2026-02-22T02:17:39.9062658Z ##[endgroup]
2026-02-22T02:17:39.9063180Z ##[group]Cachix: using cache moergo-glove80-zmk-dev
2026-02-22T02:17:39.9064775Z [command]/home/runner/.nix-profile/bin/cachix use moergo-glove80-zmk-dev
2026-02-22T02:17:40.0940492Z No config at /home/runner/.config/nix/nix.conf:
2026-02-22T02:17:40.0940887Z 
2026-02-22T02:17:40.0941266Z /home/runner/.config/nix/nix.conf: openFile: does not exist (No such file or directory)
2026-02-22T02:17:40.0941784Z 
2026-02-22T02:17:40.0943363Z Configured https://moergo-glove80-zmk-dev.cachix.org binary cache in /home/runner/.config/nix/nix.conf
2026-02-22T02:17:40.1006153Z ##[endgroup]
2026-02-22T02:17:40.1293159Z ##[warning]No push credentials found. Ignoring the 'useDaemon' option.
2026-02-22T02:17:40.1301996Z [command]/usr/bin/sh -c /home/runner/work/_actions/cachix/cachix-action/v14/dist/main/list-nix-store.sh > /tmp/store-path-pre-build
2026-02-22T02:17:40.1383800Z ##[group]Run nix-build build/go60.nix --arg firmware 'import ./src {}' -o result-go60
2026-02-22T02:17:40.1384491Z [36;1mnix-build build/go60.nix --arg firmware 'import ./src {}' -o result-go60[0m
2026-02-22T02:17:40.1405736Z shell: /usr/bin/bash -e {0}
2026-02-22T02:17:40.1405963Z env:
2026-02-22T02:17:40.1406143Z   NIX_PATH: nixpkgs=channel:nixos-22.05
2026-02-22T02:17:40.1406395Z   TMPDIR: /home/runner/work/_temp
2026-02-22T02:17:40.1406621Z ##[endgroup]
2026-02-22T02:17:51.9550589Z these 5 derivations will be built:
2026-02-22T02:17:51.9557149Z   /nix/store/ryf981zc9kshrrgm5c5dphnw879gn09m-builder.pl.drv
2026-02-22T02:17:51.9558089Z   /nix/store/14s41r3aqgw7vrl845jxarjcx3ivgvc4-python3-3.12.7-env.drv
2026-02-22T02:17:51.9558882Z   /nix/store/3a91bjk08173hd0706926am7y35jkpk2-zmk_go60_lh.drv
2026-02-22T02:17:51.9559598Z   /nix/store/7l8q9r8vx59bprwkk2ahjp100df3vp2f-zmk_go60_rh.drv
2026-02-22T02:17:51.9560490Z   /nix/store/rlk9459d7lcs3pdd4gx0gjznh5r39337-combined_zmk_go60_lh_zmk_go60_rh.drv
2026-02-22T02:17:51.9561266Z these 156 paths will be fetched (458.96 MiB download, 2284.78 MiB unpacked):
2026-02-22T02:17:51.9561930Z   /nix/store/nrl5m466dwdscvavf1nqzdnqhszjyy9n-acl-2.3.2
2026-02-22T02:17:51.9562527Z   /nix/store/nmq6s9l9zlym3qjx76zzrqbp05a63y90-attr-2.5.2
2026-02-22T02:17:51.9563107Z   /nix/store/p6k7xp1lsfmbdd731mlglrdj2d66mr82-bash-5.2p37
2026-02-22T02:17:51.9563692Z   /nix/store/bwkb907myixfzzykp21m9iczkhrq5pfy-binutils-2.43.1
2026-02-22T02:17:51.9564761Z   /nix/store/2qssg7pjgadwmqns6jm3qlr5bbdl4dcr-binutils-2.43.1-lib
2026-02-22T02:17:51.9565542Z   /nix/store/x9as7x6f7cdgcskvvn3yp02m662krr7y-binutils-wrapper-2.43.1
2026-02-22T02:17:51.9566329Z   /nix/store/2vgwd43vqxm66grkgsy7z1d87z31nzph-brotli-1.1.0-lib
2026-02-22T02:17:51.9567006Z   /nix/store/hl3iw85v12gh9mwgvr9yfgjgy0rk81hb-bzip2-1.0.8
2026-02-22T02:17:51.9567698Z   /nix/store/vqjygx23hkim1kpidik5xcs9whayf3sr-bzip2-1.0.8-bin
2026-02-22T02:17:51.9568425Z   /nix/store/9l20xx4bw18qgkicjcrsfx7vfykp9m8h-cairo-1.18.2
2026-02-22T02:17:51.9569122Z   /nix/store/3581iwklzqcg4iyhlyqqrj7yvvm0pykl-cirque-input-module
2026-02-22T02:17:51.9569597Z   /nix/store/4k2h9qsps52n1v56zq03yi67dwmxa81i-cmake-3.30.5
2026-02-22T02:17:51.9570063Z   /nix/store/azxckjbc4f70yliac1x35z5awbzf9jzj-cmsis
2026-02-22T02:17:51.9570492Z   /nix/store/b1wvkjx96i3s7wblz38ya0zr8i93zbc5-coreutils-9.5
2026-02-22T02:17:51.9570938Z   /nix/store/ps0zg8jx995br0s7k353qhal1ma3nnbd-curl-8.11.0
2026-02-22T02:17:51.9571368Z   /nix/store/zr9c15gg53zsbyc54fsrlwh3r8kmhfyy-dav1d-1.5.0
2026-02-22T02:17:51.9571883Z   /nix/store/n19lfs7ix2g9kdh6cf2pfaylbcwjay71-dav1d-1.5.0-dev
2026-02-22T02:17:51.9572517Z   /nix/store/hbrcibdl494a5w3dypy7095dckalzlqa-dejavu-fonts-minimal-2.37
2026-02-22T02:17:51.9573238Z   /nix/store/85sj9hb9phy4fh3q4fmc1vm9vz27z1lg-die-hook
2026-02-22T02:17:51.9573822Z   /nix/store/cxwsmlr3xh1ml4r0kgdjrknw7504b9f8-diffutils-3.10
2026-02-22T02:17:51.9574940Z   /nix/store/2nvmq98zj69i1af1ksh6m08hvfdkjv1z-dtc-1.7.2
2026-02-22T02:17:51.9575565Z   /nix/store/k5x874vwcaxlan1cw248lwqr4l4v7hyk-ed-1.20.2
2026-02-22T02:17:51.9576200Z   /nix/store/ka4sync4bccr9mz2ys0dbqjn24hp8v57-expand-response-params
2026-02-22T02:17:51.9577197Z   /nix/store/8sgvk9wjq9vfz5irkl4436yhpfr10njq-expat-2.6.4
2026-02-22T02:17:51.9577799Z   /nix/store/g4lksqp6l8qiab4a0as21s6556xh4gyp-file-5.45
2026-02-22T02:17:51.9578486Z   /nix/store/w8pnfazxqwmrqmwkb5zrz1bifsd8abxl-findutils-4.10.0
2026-02-22T02:17:51.9579218Z   /nix/store/ziqnk17xikg73dfrwnyi2jd593xlxza9-fontconfig-2.15.0
2026-02-22T02:17:51.9580039Z   /nix/store/jfyibphs7pv1izw879lrmr0pp1x3llb8-fontconfig-2.15.0-lib
2026-02-22T02:17:51.9580781Z   /nix/store/waj425c88y21wccgk9zpyi3q48xq0sgk-freetype-2.13.3
2026-02-22T02:17:51.9581751Z   /nix/store/37azjaxs8cwqbmb0fywl8fa6n2x8bgwq-fribidi-1.0.16
2026-02-22T02:17:51.9582432Z   /nix/store/nnin69nrnrrmnv2scbwyfkgh1rf51gh1-gawk-5.3.1
2026-02-22T02:17:51.9583077Z   /nix/store/4krab2h0hd4wvxxmscxrw21pl77j4i7j-gcc-13.3.0
2026-02-22T02:17:51.9583970Z   /nix/store/ybjcla5bhj8g1y84998pn4a2drfxybkv-gcc-13.3.0-lib
2026-02-22T02:17:51.9584753Z   /nix/store/j8rzqx7farv0w3isp9z943zy437zk02f-gcc-13.3.0-libgcc
2026-02-22T02:17:51.9585396Z   /nix/store/mczmw3rln2jm6nm080dapyjpj3833rg9-gcc-arm-embedded-12.3.rel1
2026-02-22T02:17:51.9585967Z   /nix/store/4apajimszc47rxwcpvc3g3rj2icinl71-gcc-wrapper-13.3.0
2026-02-22T02:17:51.9586326Z   /nix/store/ascb2b0zncwlavz03zcj358p1i79hp64-gd-2.3.3
2026-02-22T02:17:51.9586669Z   /nix/store/hq7m89gp4kafmj8rr0f5sy2qyl7jq479-gdbm-1.24-lib
2026-02-22T02:17:51.9587045Z   /nix/store/alnzmaf07kv3dl4017vrzqngay5rx904-gdk-pixbuf-2.42.12
2026-02-22T02:17:51.9587568Z   /nix/store/brj8bvvn63gbdrslwsj7gpj0gqaxlprn-giflib-5.2.2
2026-02-22T02:17:51.9588162Z   /nix/store/26hcp8h792wl0h52c5r94qakhvk6q717-glib-2.82.1
2026-02-22T02:17:51.9588787Z   /nix/store/wn7v2vhyyyi6clcyn0s9ixvl7d4d87ic-glibc-2.40-36
2026-02-22T02:17:51.9589488Z   /nix/store/zw5haplzbwjgbp3yykhm6iprkpfppzxb-glibc-2.40-36-bin
2026-02-22T02:17:51.9590135Z   /nix/store/lw21wr626v5sdcaxxkv2k4zf1121hfc9-glibc-2.40-36-dev
2026-02-22T02:17:51.9590713Z   /nix/store/y11zr71f9i1zy1vrdy3kjx8j6slsb3l3-gmp-6.3.0
2026-02-22T02:17:51.9591318Z   /nix/store/nxg637az00fnm705pinlrpjac9b4hgsc-gmp-with-cxx-6.3.0
2026-02-22T02:17:51.9592074Z   /nix/store/rlnih3wlxxwqn4xdahjgfjydvv78kvki-gnu-config-2024-01-01
2026-02-22T02:17:51.9592825Z   /nix/store/85amyk92rg19l4fy0qmy7wr4jmq8p5z0-gnugrep-3.11
2026-02-22T02:17:51.9593425Z   /nix/store/9y5kd90fdbrq3r4yc9mpqn82f93zdgyq-gnumake-4.4.1
2026-02-22T02:17:51.9594255Z   /nix/store/vmby25zqxnx94awvj0k7zn0rsd0zyrwg-gnused-4.9
2026-02-22T02:17:51.9595311Z   /nix/store/zhaypw0znkjnymg0rk1599zn21rr0l50-gnutar-1.35
2026-02-22T02:17:51.9595934Z   /nix/store/23y66ax8z30m8xl4brrz792xlsrm0syr-graphite2-1.3.14
2026-02-22T02:17:51.9596585Z   /nix/store/lvx8m4mh18aiqlqp5hdjpg3b34a07p35-graphviz-12.2.0
2026-02-22T02:17:51.9597302Z   /nix/store/avwmwsn9v4an5v2a4k1gzbqk917avjn1-gts-0.7.6
2026-02-22T02:17:51.9597877Z   /nix/store/a7pimibppfw2m3ryijnwwzx76i780bw2-gzip-1.13
2026-02-22T02:17:51.9598359Z   /nix/store/a473gcmd84qs4vpapa70nwamlpkryc7b-hal_nordic
2026-02-22T02:17:51.9598961Z   /nix/store/yxgc37sx1a0fswq3hvvld54491ryx6sf-harfbuzz-10.0.1
2026-02-22T02:17:51.9599647Z   /nix/store/xxfkk4gqnaimiwzi6mmsmcs9bl2r8y7f-isl-0.20
2026-02-22T02:17:51.9600333Z   /nix/store/ys6f20b4chzkmfh9ak0hjdp60l0g5abb-keyutils-1.6.3-lib
2026-02-22T02:17:51.9600958Z   /nix/store/g9hgzjcj9g7hw3c2pzgz271b1g1jgc4w-krb5-1.21.3-lib
2026-02-22T02:17:51.9601558Z   /nix/store/1dmri839kv55917flq6pyvr6xf17cb29-lerc-4.0.0
2026-02-22T02:17:51.9602178Z   /nix/store/ikjw6a952jd9wn5k06mkj710xzabssr0-libX11-1.8.10
2026-02-22T02:17:51.9602766Z   /nix/store/ighb6h0x1nv14ap2fj0j3bqdn0x3xra4-libXau-1.0.11
2026-02-22T02:17:51.9603383Z   /nix/store/8jqc1bpk99jgib12wgpdjmnbndrmg7vz-libXdmcp-1.1.5
2026-02-22T02:17:51.9604010Z   /nix/store/d5y0sl4vwsb9m99r18zh1mx4fw9y70g6-libXext-1.3.6
2026-02-22T02:17:51.9604749Z   /nix/store/a98zld1as826z4s0b71xs64k02arj4zj-libXft-2.3.8
2026-02-22T02:17:51.9605324Z   /nix/store/ln8sk1vlpzmm346lx30ifihqdw0fw4g9-libXpm-3.5.17
2026-02-22T02:17:51.9606023Z   /nix/store/7ygszkkili3kfqh789ivdgrhyrjshm5n-libXrender-0.9.11
2026-02-22T02:17:51.9606722Z   /nix/store/kabp82iq5p0l8zidw9ch1mrpq431g6jd-libaom-3.10.0
2026-02-22T02:17:51.9607370Z   /nix/store/v567mv8b0bg0ph7xn61g33qqm484xxj0-libaom-3.10.0-bin
2026-02-22T02:17:51.9607941Z   /nix/store/1asppgbns142f1sqyr6sz843h0689a1k-libaom-3.10.0-dev
2026-02-22T02:17:51.9608601Z   /nix/store/n0gxk0ys2zgqqz6zcsq8qlv6nv5k6fpj-libarchive-3.7.7-lib
2026-02-22T02:17:51.9609269Z   /nix/store/96wajifckqya26aazk4lrig5m5npw5l2-libavif-1.1.1
2026-02-22T02:17:51.9609934Z   /nix/store/rk2r5yq7al5jddg6jriwv1lg5j1dw0ih-libdatrie-2019-12-20-lib
2026-02-22T02:17:51.9610600Z   /nix/store/v6m37463j6bs788wbid8yvfhp1773cax-libdeflate-1.22
2026-02-22T02:17:51.9611198Z   /nix/store/lw7psn749bfn2nrn943jdh68hh2im8yl-libffi-3.4.6
2026-02-22T02:17:51.9611777Z   /nix/store/qwjjm4j652ck9izaid7bz63s4hd5bnha-libidn2-2.3.7
2026-02-22T02:17:51.9612422Z   /nix/store/g8m63j9rzhqf0i9v4pzbdyrnzshr5mkx-libjpeg-turbo-3.0.4
2026-02-22T02:17:51.9613338Z   /nix/store/0qqs7bkfk21h8vh7m3x84hphciqv75lm-libmpc-1.3.1
2026-02-22T02:17:51.9613970Z   /nix/store/kvzfyxs3v0nb2lvfx28c5hj0vz7j9737-libpng-apng-1.6.43
2026-02-22T02:17:51.9614699Z   /nix/store/rp6b82pm6b7x03ngbzffsl3vj8pvay5v-libselinux-3.7
2026-02-22T02:17:51.9615303Z   /nix/store/1n0b29iid3y0w9i91v9zqdiwnx3inak0-libssh2-1.11.1
2026-02-22T02:17:51.9615895Z   /nix/store/h11ip75g5azb1d9f9jr8c6pwjhpcx20n-libthai-0.1.29
2026-02-22T02:17:51.9616495Z   /nix/store/mgw74i0szz30zbmvgasvyws1y8mvkb86-libtiff-4.7.0
2026-02-22T02:17:51.9617113Z   /nix/store/ggpir31aij6dj2fsas74jyz8z33dxwnc-libtool-2.4.7-lib
2026-02-22T02:17:51.9617741Z   /nix/store/6pqgj71r0850b0cd95yxx0d52zax016i-libunistring-1.2
2026-02-22T02:17:51.9618334Z   /nix/store/scb132gc1zzd904zibk2mz0q5q42z0ym-libuv-1.48.0
2026-02-22T02:17:51.9618905Z   /nix/store/llj89sgbf5512bnhx76khs7aq2pkhqjv-libvmaf-3.0.0
2026-02-22T02:17:51.9619528Z   /nix/store/dbkf2m0b3a2n9drrbz6ra4ljfx45d4aa-libvmaf-3.0.0-dev
2026-02-22T02:17:51.9620152Z   /nix/store/xk1z1b27hck084x12pn24rk526arwwlz-libwebp-1.4.0
2026-02-22T02:17:51.9620742Z   /nix/store/zgcaxpjipkvdz3185gfb8ba63xw1sv4n-libwebp-1.4.0
2026-02-22T02:17:51.9621328Z   /nix/store/w63ks7mg1dsgm2gg302ss70wpq7g0l4d-libxcb-1.17.0
2026-02-22T02:17:51.9621935Z   /nix/store/5j9m3z3c6hygjx34xr1bzrkk8srvcs8a-libxcrypt-4.4.36
2026-02-22T02:17:51.9622567Z   /nix/store/sbc37bmgpzr7wvlbm9lgf4y6q6dyz40q-libxcrypt-4.4.36
2026-02-22T02:17:51.9623362Z   /nix/store/shg1vgcjxghqxhl0sifwgr0g2zg6bbv7-libxml2-2.13.4
2026-02-22T02:17:51.9623988Z   /nix/store/s5y8cgwj9saik6hpxq6hvry31hggnxij-libyaml-0.2.5
2026-02-22T02:17:51.9624680Z   /nix/store/43nf72jxw9m9mazn5qs7pdj52a7gmcr5-libyuv-1787
2026-02-22T02:17:51.9625290Z   /nix/store/dvsai0ym9czjl5mcsarcdwccb70615n4-linux-headers-6.10
2026-02-22T02:17:51.9625864Z   /nix/store/wwmn97j9jv083973a7md52v4wkxr6lvd-lvgl
2026-02-22T02:17:51.9626395Z   /nix/store/77yxcw58nmqx2c67a7srpfxxp40j5rbl-mailcap-2.1.54
2026-02-22T02:17:51.9627065Z   /nix/store/gqjd4bvd683s55r0jcgc9q67rvjnmfc6-make-binary-wrapper-hook
2026-02-22T02:17:51.9627728Z   /nix/store/aqga8f06jxy5a6ci4na35v7n09j8i74f-mpdecimal-4.0.0
2026-02-22T02:17:51.9628242Z   /nix/store/wfxkyxmg47bhj098im5rp60hmkagn96x-mpfr-4.2.1
2026-02-22T02:17:51.9628846Z   /nix/store/zi4768cbcny3vx6f8k2yqy3zp90jalhz-ncompress-5.0
2026-02-22T02:17:51.9629458Z   /nix/store/1p1j0iv3c909kcs4d5300kcsnlwmbwyj-ncurses-6.4.20221231
2026-02-22T02:17:51.9630170Z   /nix/store/vj1wkvkfgcgxr93b5p6kwjbqgrjnv7d9-ncurses-abi5-compat-6.4.20221231
2026-02-22T02:17:51.9630930Z   /nix/store/aygalfgrn7pvxcqc45jw53b9gc29hwzs-nghttp2-1.64.0-lib
2026-02-22T02:17:51.9631458Z   /nix/store/s2lws03pga0vyq84kfa6h041n8csbg4p-ninja-1.12.1
2026-02-22T02:17:51.9631804Z   /nix/store/k1dsk0zyq43pvi7f76is2rx6l4aphm5z-openssl-3.3.2
2026-02-22T02:17:51.9632157Z   /nix/store/vy93rplabj9l70a098rvp52ni9bg476v-pango-1.54.0
2026-02-22T02:17:51.9632498Z   /nix/store/mdmansf6zkzsnrcf4h3yav5kz93rh03y-patch-2.7.6
2026-02-22T02:17:51.9632855Z   /nix/store/9q63d382x7k2h6cc2pfsb39ar3n6f9wg-patchelf-0.15.0
2026-02-22T02:17:51.9633262Z   /nix/store/gkj66hn5cyi3d761nmcdpj35ngv7h8ph-pcre2-10.44
2026-02-22T02:17:51.9633643Z   /nix/store/6fklzkr5x213h868q31isgy82wpmb1yb-perl-5.40.0
2026-02-22T02:17:51.9633975Z   /nix/store/kxawdq25ad6x9cb63yvslaprm4ihx5hr-picolibc
2026-02-22T02:17:51.9634305Z   /nix/store/f86x63y57hwyx9nl4l098fpl93y3xrya-pixman-0.43.4
2026-02-22T02:17:51.9634913Z   /nix/store/zv1kaq7f1q20x62kbjv6pfjygw5jmwl6-python3-3.12.7
2026-02-22T02:17:51.9635279Z   /nix/store/qb69wvblgz1x2hkfxf7lwl9lg9xk4zpj-python3-3.9.20
2026-02-22T02:17:51.9635906Z   /nix/store/09wri7s7nlgp1fs4q4ysx96scbbmr74v-python3.12-anytree-2.12.1
2026-02-22T02:17:51.9636344Z   /nix/store/qpb0z965ffwmny4p2m2jbbaqifkkb5y9-python3.12-docopt-0.6.2
2026-02-22T02:17:51.9636791Z   /nix/store/wg6fhwksxkxn24rnynizrr6f4rvd9dkf-python3.12-intelhex-2.3.0
2026-02-22T02:17:51.9637246Z   /nix/store/l67gyhnl63la5pxmq4kbhl0g6xrfsdff-python3.12-msgpack-1.1.0
2026-02-22T02:17:51.9637715Z   /nix/store/qnfndbdg0k5s7zb47l5q9h7cszi56gpf-python3.12-packaging-24.1
2026-02-22T02:17:51.9638381Z   /nix/store/rs8cgrcn6pkdxs2ksnhs1a0x0pvx5sac-python3.12-progress-1.6
2026-02-22T02:17:51.9638840Z   /nix/store/qmm23pygh0kisvsm9wrfxw2s5km97670-python3.12-pyelftools-0.31
2026-02-22T02:17:51.9639295Z   /nix/store/k1hzsby2pa29jwbbdgg3y4wj0rxn8dnn-python3.12-pykwalify-1.8.0
2026-02-22T02:17:51.9639765Z   /nix/store/7p4gqrzavx0lpks2l0j9945zkzv77ds0-python3.12-python-can-4.5.0
2026-02-22T02:17:51.9640282Z   /nix/store/iz14w235v0nmwc3vnzrlbrkfpaj1qqka-python3.12-python-dateutil-2.9.0.post0
2026-02-22T02:17:51.9640785Z   /nix/store/j7q50pmxnawpif7kfimy51mjhjdjldns-python3.12-pyyaml-6.0.2
2026-02-22T02:17:51.9641254Z   /nix/store/2k9j8zwlhd8vdpn0c4j5zgwkqr6digpx-python3.12-ruamel-base-1.0.0
2026-02-22T02:17:51.9641722Z   /nix/store/7cvm89dzrkw7i4pdidyd8mvny73k07nb-python3.12-ruamel-yaml-0.18.6
2026-02-22T02:17:51.9642227Z   /nix/store/3rghmwyhhwjaj3jmpc3drb8pzz9h14hj-python3.12-ruamel-yaml-clib-0.2.7
2026-02-22T02:17:51.9642778Z   /nix/store/4743pgjalihwh1vb7jsy17ynw3s0xj04-python3.12-six-1.16.0
2026-02-22T02:17:51.9643254Z   /nix/store/n2pgidpi7vpq2hbpylfpa4ck7avniipp-python3.12-typing-extensions-4.12.2
2026-02-22T02:17:51.9643909Z   /nix/store/2j2fcjlxczkx0yyjn3rqi1h9sd42r97v-python3.12-wrapt-1.16.0
2026-02-22T02:17:51.9644312Z   /nix/store/n0q4xhb9z19f0rfd1i8frw7a3ip3rgar-readline-8.2p13
2026-02-22T02:17:51.9644874Z   /nix/store/gpbi7j64vk1my8gpqgylwf9iljqb09is-rhash-1.4.4
2026-02-22T02:17:51.9645564Z   /nix/store/wkad860jvdc881ngy6r0fbjg6s5i8alh-segger
2026-02-22T02:17:51.9645943Z   /nix/store/bbd59cqw259149r2ddk4w1q0lr2fch8c-sqlite-3.46.1
2026-02-22T02:17:51.9646287Z   /nix/store/spb2bpcnw0gbbr4x94cq8xs9n72hipwj-stdenv-linux
2026-02-22T02:17:51.9646633Z   /nix/store/n4xjlyn5hk979p2ywqpajw7dq5y94q1g-tinycrypt
2026-02-22T02:17:51.9646968Z   /nix/store/dfsiy184c8z6gf5x6cqfyahxv9g16828-tzdata-2024b
2026-02-22T02:17:51.9647557Z   /nix/store/ljlah5wqcbix5wg8rvm3g8rc7k9zn1qg-update-autotools-gnu-config-scripts-hook
2026-02-22T02:17:51.9648105Z   /nix/store/gm5g3xyn8iwxkag8gs6rf3ci64bqld80-util-linux-minimal-2.39.4-lib
2026-02-22T02:17:51.9648536Z   /nix/store/2d5spnl8j5r4n1s4bj1zmra7mwx0f1n8-xgcc-13.3.0-libgcc
2026-02-22T02:17:51.9648977Z   /nix/store/bdpc1864983kf51r3cznbrvnlkv4d9ff-xz-5.6.3
2026-02-22T02:17:51.9649293Z   /nix/store/5180mi672sl6ikiwyhvgnxasz6iqxws0-xz-5.6.3-bin
2026-02-22T02:17:51.9649618Z   /nix/store/pz26iwsn417j90xs7y7cwbsjnk7b1riv-zephyr
2026-02-22T02:17:51.9650008Z   /nix/store/bzk3q2l71qwhycsip23y6rl5n881la4n-zlib-1.3.1
2026-02-22T02:17:51.9650367Z   /nix/store/pq757h971kd946xqi9ckk2ylsj25i610-zmk-module-cmsis
2026-02-22T02:17:51.9650869Z   /nix/store/wggfl9p3y2ahy21hb1gpfgr3fxsbv8ss-zmk-module-hal_nordic
2026-02-22T02:17:51.9651264Z   /nix/store/44v1jwji8rksbmvsjwkd4igbb1vhxbl5-zmk-module-lvgl
2026-02-22T02:17:51.9651802Z   /nix/store/4bn1207zpfrcdmf1ldh86ziaav3kwwbb-zmk-module-picolibc
2026-02-22T02:17:51.9652273Z   /nix/store/w90l0zpl7slydmc947qscinn0d6rgq5c-zmk-module-segger
2026-02-22T02:17:51.9652677Z   /nix/store/grk5a1pd1mbzl3lgzf2amf7c0nbb0rvs-zmk-module-tinycrypt
2026-02-22T02:17:51.9653146Z   /nix/store/8pys6a47askf0g75a1k73p3rx2wim7m6-zstd-1.5.6
2026-02-22T02:17:51.9692903Z copying path '/nix/store/rlnih3wlxxwqn4xdahjgfjydvv78kvki-gnu-config-2024-01-01' from 'https://cache.nixos.org'...
2026-02-22T02:17:51.9697053Z copying path '/nix/store/2d5spnl8j5r4n1s4bj1zmra7mwx0f1n8-xgcc-13.3.0-libgcc' from 'https://cache.nixos.org'...
2026-02-22T02:17:51.9728358Z copying path '/nix/store/3581iwklzqcg4iyhlyqqrj7yvvm0pykl-cirque-input-module' from 'https://moergo-glove80-zmk-dev.cachix.org'...
2026-02-22T02:17:51.9733356Z copying path '/nix/store/j8rzqx7farv0w3isp9z943zy437zk02f-gcc-13.3.0-libgcc' from 'https://cache.nixos.org'...
2026-02-22T02:17:51.9741403Z copying path '/nix/store/6pqgj71r0850b0cd95yxx0d52zax016i-libunistring-1.2' from 'https://cache.nixos.org'...
2026-02-22T02:17:51.9782741Z copying path '/nix/store/azxckjbc4f70yliac1x35z5awbzf9jzj-cmsis' from 'https://moergo-glove80-zmk-dev.cachix.org'...
2026-02-22T02:17:51.9795847Z copying path '/nix/store/a473gcmd84qs4vpapa70nwamlpkryc7b-hal_nordic' from 'https://moergo-glove80-zmk-dev.cachix.org'...
2026-02-22T02:17:51.9813529Z copying path '/nix/store/wwmn97j9jv083973a7md52v4wkxr6lvd-lvgl' from 'https://moergo-glove80-zmk-dev.cachix.org'...
2026-02-22T02:17:51.9824091Z copying path '/nix/store/kxawdq25ad6x9cb63yvslaprm4ihx5hr-picolibc' from 'https://moergo-glove80-zmk-dev.cachix.org'...
2026-02-22T02:17:51.9830755Z copying path '/nix/store/wkad860jvdc881ngy6r0fbjg6s5i8alh-segger' from 'https://moergo-glove80-zmk-dev.cachix.org'...
2026-02-22T02:17:51.9834558Z copying path '/nix/store/n4xjlyn5hk979p2ywqpajw7dq5y94q1g-tinycrypt' from 'https://moergo-glove80-zmk-dev.cachix.org'...
2026-02-22T02:17:51.9845408Z copying path '/nix/store/85sj9hb9phy4fh3q4fmc1vm9vz27z1lg-die-hook' from 'https://cache.nixos.org'...
2026-02-22T02:17:51.9859287Z copying path '/nix/store/dvsai0ym9czjl5mcsarcdwccb70615n4-linux-headers-6.10' from 'https://cache.nixos.org'...
2026-02-22T02:17:51.9862169Z copying path '/nix/store/77yxcw58nmqx2c67a7srpfxxp40j5rbl-mailcap-2.1.54' from 'https://cache.nixos.org'...
2026-02-22T02:17:51.9863392Z copying path '/nix/store/dfsiy184c8z6gf5x6cqfyahxv9g16828-tzdata-2024b' from 'https://cache.nixos.org'...
2026-02-22T02:17:51.9904677Z copying path '/nix/store/hbrcibdl494a5w3dypy7095dckalzlqa-dejavu-fonts-minimal-2.37' from 'https://cache.nixos.org'...
2026-02-22T02:17:51.9929060Z copying path '/nix/store/ljlah5wqcbix5wg8rvm3g8rc7k9zn1qg-update-autotools-gnu-config-scripts-hook' from 'https://cache.nixos.org'...
2026-02-22T02:17:52.0295144Z copying path '/nix/store/qwjjm4j652ck9izaid7bz63s4hd5bnha-libidn2-2.3.7' from 'https://cache.nixos.org'...
2026-02-22T02:17:52.0534462Z copying path '/nix/store/ziqnk17xikg73dfrwnyi2jd593xlxza9-fontconfig-2.15.0' from 'https://cache.nixos.org'...
2026-02-22T02:17:52.0556926Z copying path '/nix/store/wn7v2vhyyyi6clcyn0s9ixvl7d4d87ic-glibc-2.40-36' from 'https://cache.nixos.org'...
2026-02-22T02:17:52.0897450Z copying path '/nix/store/grk5a1pd1mbzl3lgzf2amf7c0nbb0rvs-zmk-module-tinycrypt' from 'https://moergo-glove80-zmk-dev.cachix.org'...
2026-02-22T02:17:52.0967419Z copying path '/nix/store/w90l0zpl7slydmc947qscinn0d6rgq5c-zmk-module-segger' from 'https://moergo-glove80-zmk-dev.cachix.org'...
2026-02-22T02:17:52.3991752Z copying path '/nix/store/pq757h971kd946xqi9ckk2ylsj25i610-zmk-module-cmsis' from 'https://moergo-glove80-zmk-dev.cachix.org'...
2026-02-22T02:17:52.5114083Z copying path '/nix/store/4bn1207zpfrcdmf1ldh86ziaav3kwwbb-zmk-module-picolibc' from 'https://moergo-glove80-zmk-dev.cachix.org'...
2026-02-22T02:17:52.7151318Z copying path '/nix/store/nmq6s9l9zlym3qjx76zzrqbp05a63y90-attr-2.5.2' from 'https://cache.nixos.org'...
2026-02-22T02:17:52.7153681Z copying path '/nix/store/p6k7xp1lsfmbdd731mlglrdj2d66mr82-bash-5.2p37' from 'https://cache.nixos.org'...
2026-02-22T02:17:52.7159151Z copying path '/nix/store/2vgwd43vqxm66grkgsy7z1d87z31nzph-brotli-1.1.0-lib' from 'https://cache.nixos.org'...
2026-02-22T02:17:52.7160393Z copying path '/nix/store/hl3iw85v12gh9mwgvr9yfgjgy0rk81hb-bzip2-1.0.8' from 'https://cache.nixos.org'...
2026-02-22T02:17:52.7161810Z copying path '/nix/store/ka4sync4bccr9mz2ys0dbqjn24hp8v57-expand-response-params' from 'https://cache.nixos.org'...
2026-02-22T02:17:52.7163215Z copying path '/nix/store/8sgvk9wjq9vfz5irkl4436yhpfr10njq-expat-2.6.4' from 'https://cache.nixos.org'...
2026-02-22T02:17:52.7164752Z copying path '/nix/store/37azjaxs8cwqbmb0fywl8fa6n2x8bgwq-fribidi-1.0.16' from 'https://cache.nixos.org'...
2026-02-22T02:17:52.7166081Z copying path '/nix/store/zr9c15gg53zsbyc54fsrlwh3r8kmhfyy-dav1d-1.5.0' from 'https://cache.nixos.org'...
2026-02-22T02:17:52.7168989Z copying path '/nix/store/k5x874vwcaxlan1cw248lwqr4l4v7hyk-ed-1.20.2' from 'https://cache.nixos.org'...
2026-02-22T02:17:52.7170324Z copying path '/nix/store/hq7m89gp4kafmj8rr0f5sy2qyl7jq479-gdbm-1.24-lib' from 'https://cache.nixos.org'...
2026-02-22T02:17:52.7171654Z copying path '/nix/store/nnin69nrnrrmnv2scbwyfkgh1rf51gh1-gawk-5.3.1' from 'https://cache.nixos.org'...
2026-02-22T02:17:52.7173214Z copying path '/nix/store/brj8bvvn63gbdrslwsj7gpj0gqaxlprn-giflib-5.2.2' from 'https://cache.nixos.org'...
2026-02-22T02:17:52.7174695Z copying path '/nix/store/ybjcla5bhj8g1y84998pn4a2drfxybkv-gcc-13.3.0-lib' from 'https://cache.nixos.org'...
2026-02-22T02:17:52.7288617Z copying path '/nix/store/zw5haplzbwjgbp3yykhm6iprkpfppzxb-glibc-2.40-36-bin' from 'https://cache.nixos.org'...
2026-02-22T02:17:52.8732520Z copying path '/nix/store/y11zr71f9i1zy1vrdy3kjx8j6slsb3l3-gmp-6.3.0' from 'https://cache.nixos.org'...
2026-02-22T02:17:52.8822063Z copying path '/nix/store/nrl5m466dwdscvavf1nqzdnqhszjyy9n-acl-2.3.2' from 'https://cache.nixos.org'...
2026-02-22T02:17:52.8847446Z copying path '/nix/store/9y5kd90fdbrq3r4yc9mpqn82f93zdgyq-gnumake-4.4.1' from 'https://cache.nixos.org'...
2026-02-22T02:17:52.8887629Z copying path '/nix/store/vmby25zqxnx94awvj0k7zn0rsd0zyrwg-gnused-4.9' from 'https://cache.nixos.org'...
2026-02-22T02:17:52.8890002Z copying path '/nix/store/ys6f20b4chzkmfh9ak0hjdp60l0g5abb-keyutils-1.6.3-lib' from 'https://cache.nixos.org'...
2026-02-22T02:17:52.8891313Z copying path '/nix/store/ighb6h0x1nv14ap2fj0j3bqdn0x3xra4-libXau-1.0.11' from 'https://cache.nixos.org'...
2026-02-22T02:17:52.8947484Z copying path '/nix/store/vqjygx23hkim1kpidik5xcs9whayf3sr-bzip2-1.0.8-bin' from 'https://cache.nixos.org'...
2026-02-22T02:17:52.9009043Z copying path '/nix/store/8jqc1bpk99jgib12wgpdjmnbndrmg7vz-libXdmcp-1.1.5' from 'https://cache.nixos.org'...
2026-02-22T02:17:52.9429440Z copying path '/nix/store/rk2r5yq7al5jddg6jriwv1lg5j1dw0ih-libdatrie-2019-12-20-lib' from 'https://cache.nixos.org'...
2026-02-22T02:17:52.9598051Z copying path '/nix/store/v6m37463j6bs788wbid8yvfhp1773cax-libdeflate-1.22' from 'https://cache.nixos.org'...
2026-02-22T02:17:52.9794887Z copying path '/nix/store/a7pimibppfw2m3ryijnwwzx76i780bw2-gzip-1.13' from 'https://cache.nixos.org'...
2026-02-22T02:17:52.9848557Z copying path '/nix/store/lw7psn749bfn2nrn943jdh68hh2im8yl-libffi-3.4.6' from 'https://cache.nixos.org'...
2026-02-22T02:17:52.9852138Z copying path '/nix/store/g8m63j9rzhqf0i9v4pzbdyrnzshr5mkx-libjpeg-turbo-3.0.4' from 'https://cache.nixos.org'...
2026-02-22T02:17:52.9933219Z copying path '/nix/store/ggpir31aij6dj2fsas74jyz8z33dxwnc-libtool-2.4.7-lib' from 'https://cache.nixos.org'...
2026-02-22T02:17:52.9939174Z copying path '/nix/store/zhaypw0znkjnymg0rk1599zn21rr0l50-gnutar-1.35' from 'https://cache.nixos.org'...
2026-02-22T02:17:52.9943662Z copying path '/nix/store/scb132gc1zzd904zibk2mz0q5q42z0ym-libuv-1.48.0' from 'https://cache.nixos.org'...
2026-02-22T02:17:52.9950902Z copying path '/nix/store/n19lfs7ix2g9kdh6cf2pfaylbcwjay71-dav1d-1.5.0-dev' from 'https://cache.nixos.org'...
2026-02-22T02:17:53.0118636Z copying path '/nix/store/h11ip75g5azb1d9f9jr8c6pwjhpcx20n-libthai-0.1.29' from 'https://cache.nixos.org'...
2026-02-22T02:17:53.0160960Z copying path '/nix/store/w63ks7mg1dsgm2gg302ss70wpq7g0l4d-libxcb-1.17.0' from 'https://cache.nixos.org'...
2026-02-22T02:17:53.0241045Z copying path '/nix/store/5j9m3z3c6hygjx34xr1bzrkk8srvcs8a-libxcrypt-4.4.36' from 'https://cache.nixos.org'...
2026-02-22T02:17:53.0270028Z copying path '/nix/store/xxfkk4gqnaimiwzi6mmsmcs9bl2r8y7f-isl-0.20' from 'https://cache.nixos.org'...
2026-02-22T02:17:53.0349053Z copying path '/nix/store/shg1vgcjxghqxhl0sifwgr0g2zg6bbv7-libxml2-2.13.4' from 'https://cache.nixos.org'...
2026-02-22T02:17:53.0349898Z copying path '/nix/store/sbc37bmgpzr7wvlbm9lgf4y6q6dyz40q-libxcrypt-4.4.36' from 'https://cache.nixos.org'...
2026-02-22T02:17:53.0660165Z copying path '/nix/store/s5y8cgwj9saik6hpxq6hvry31hggnxij-libyaml-0.2.5' from 'https://cache.nixos.org'...
2026-02-22T02:17:53.0706020Z copying path '/nix/store/lw21wr626v5sdcaxxkv2k4zf1121hfc9-glibc-2.40-36-dev' from 'https://cache.nixos.org'...
2026-02-22T02:17:53.0708932Z copying path '/nix/store/aqga8f06jxy5a6ci4na35v7n09j8i74f-mpdecimal-4.0.0' from 'https://cache.nixos.org'...
2026-02-22T02:17:53.0815137Z copying path '/nix/store/zi4768cbcny3vx6f8k2yqy3zp90jalhz-ncompress-5.0' from 'https://cache.nixos.org'...
2026-02-22T02:17:53.0836047Z copying path '/nix/store/wfxkyxmg47bhj098im5rp60hmkagn96x-mpfr-4.2.1' from 'https://cache.nixos.org'...
2026-02-22T02:17:53.0875237Z copying path '/nix/store/1p1j0iv3c909kcs4d5300kcsnlwmbwyj-ncurses-6.4.20221231' from 'https://cache.nixos.org'...
2026-02-22T02:17:53.1036177Z copying path '/nix/store/vj1wkvkfgcgxr93b5p6kwjbqgrjnv7d9-ncurses-abi5-compat-6.4.20221231' from 'https://cache.nixos.org'...
2026-02-22T02:17:53.1051480Z copying path '/nix/store/aygalfgrn7pvxcqc45jw53b9gc29hwzs-nghttp2-1.64.0-lib' from 'https://cache.nixos.org'...
2026-02-22T02:17:53.1135700Z copying path '/nix/store/mdmansf6zkzsnrcf4h3yav5kz93rh03y-patch-2.7.6' from 'https://cache.nixos.org'...
2026-02-22T02:17:53.1138776Z copying path '/nix/store/2nvmq98zj69i1af1ksh6m08hvfdkjv1z-dtc-1.7.2' from 'https://cache.nixos.org'...
2026-02-22T02:17:53.1141542Z copying path '/nix/store/k1dsk0zyq43pvi7f76is2rx6l4aphm5z-openssl-3.3.2' from 'https://cache.nixos.org'...
2026-02-22T02:17:53.1201167Z copying path '/nix/store/gkj66hn5cyi3d761nmcdpj35ngv7h8ph-pcre2-10.44' from 'https://cache.nixos.org'...
2026-02-22T02:17:53.1715718Z copying path '/nix/store/gpbi7j64vk1my8gpqgylwf9iljqb09is-rhash-1.4.4' from 'https://cache.nixos.org'...
2026-02-22T02:17:53.1733600Z copying path '/nix/store/gm5g3xyn8iwxkag8gs6rf3ci64bqld80-util-linux-minimal-2.39.4-lib' from 'https://cache.nixos.org'...
2026-02-22T02:17:53.1798156Z copying path '/nix/store/f86x63y57hwyx9nl4l098fpl93y3xrya-pixman-0.43.4' from 'https://cache.nixos.org'...
2026-02-22T02:17:53.1833101Z copying path '/nix/store/bdpc1864983kf51r3cznbrvnlkv4d9ff-xz-5.6.3' from 'https://cache.nixos.org'...
2026-02-22T02:17:53.1845078Z copying path '/nix/store/ikjw6a952jd9wn5k06mkj710xzabssr0-libX11-1.8.10' from 'https://cache.nixos.org'...
2026-02-22T02:17:53.1938551Z copying path '/nix/store/pz26iwsn417j90xs7y7cwbsjnk7b1riv-zephyr' from 'https://moergo-glove80-zmk-dev.cachix.org'...
2026-02-22T02:17:53.2197995Z copying path '/nix/store/0qqs7bkfk21h8vh7m3x84hphciqv75lm-libmpc-1.3.1' from 'https://cache.nixos.org'...
2026-02-22T02:17:53.2457611Z copying path '/nix/store/bzk3q2l71qwhycsip23y6rl5n881la4n-zlib-1.3.1' from 'https://cache.nixos.org'...
2026-02-22T02:17:53.2576133Z copying path '/nix/store/5180mi672sl6ikiwyhvgnxasz6iqxws0-xz-5.6.3-bin' from 'https://cache.nixos.org'...
2026-02-22T02:17:53.2647304Z copying path '/nix/store/wggfl9p3y2ahy21hb1gpfgr3fxsbv8ss-zmk-module-hal_nordic' from 'https://moergo-glove80-zmk-dev.cachix.org'...
2026-02-22T02:17:53.2713469Z copying path '/nix/store/2qssg7pjgadwmqns6jm3qlr5bbdl4dcr-binutils-2.43.1-lib' from 'https://cache.nixos.org'...
2026-02-22T02:17:53.2736732Z copying path '/nix/store/g4lksqp6l8qiab4a0as21s6556xh4gyp-file-5.45' from 'https://cache.nixos.org'...
2026-02-22T02:17:53.2976079Z copying path '/nix/store/kvzfyxs3v0nb2lvfx28c5hj0vz7j9737-libpng-apng-1.6.43' from 'https://cache.nixos.org'...
2026-02-22T02:17:53.3029356Z copying path '/nix/store/bbd59cqw259149r2ddk4w1q0lr2fch8c-sqlite-3.46.1' from 'https://cache.nixos.org'...
2026-02-22T02:17:53.3236152Z copying path '/nix/store/85amyk92rg19l4fy0qmy7wr4jmq8p5z0-gnugrep-3.11' from 'https://cache.nixos.org'...
2026-02-22T02:17:53.3239125Z copying path '/nix/store/rp6b82pm6b7x03ngbzffsl3vj8pvay5v-libselinux-3.7' from 'https://cache.nixos.org'...
2026-02-22T02:17:53.3435546Z copying path '/nix/store/44v1jwji8rksbmvsjwkd4igbb1vhxbl5-zmk-module-lvgl' from 'https://moergo-glove80-zmk-dev.cachix.org'...
2026-02-22T02:17:53.3581319Z copying path '/nix/store/waj425c88y21wccgk9zpyi3q48xq0sgk-freetype-2.13.3' from 'https://cache.nixos.org'...
2026-02-22T02:17:53.3676172Z copying path '/nix/store/zgcaxpjipkvdz3185gfb8ba63xw1sv4n-libwebp-1.4.0' from 'https://cache.nixos.org'...
2026-02-22T02:17:53.3686773Z copying path '/nix/store/nxg637az00fnm705pinlrpjac9b4hgsc-gmp-with-cxx-6.3.0' from 'https://cache.nixos.org'...
2026-02-22T02:17:53.3689924Z copying path '/nix/store/4krab2h0hd4wvxxmscxrw21pl77j4i7j-gcc-13.3.0' from 'https://cache.nixos.org'...
2026-02-22T02:17:53.4122650Z copying path '/nix/store/23y66ax8z30m8xl4brrz792xlsrm0syr-graphite2-1.3.14' from 'https://cache.nixos.org'...
2026-02-22T02:17:53.4158929Z copying path '/nix/store/1dmri839kv55917flq6pyvr6xf17cb29-lerc-4.0.0' from 'https://cache.nixos.org'...
2026-02-22T02:17:53.4398585Z copying path '/nix/store/llj89sgbf5512bnhx76khs7aq2pkhqjv-libvmaf-3.0.0' from 'https://cache.nixos.org'...
2026-02-22T02:17:53.4410336Z copying path '/nix/store/bwkb907myixfzzykp21m9iczkhrq5pfy-binutils-2.43.1' from 'https://cache.nixos.org'...
2026-02-22T02:17:53.4817381Z copying path '/nix/store/d5y0sl4vwsb9m99r18zh1mx4fw9y70g6-libXext-1.3.6' from 'https://cache.nixos.org'...
2026-02-22T02:17:53.4875699Z copying path '/nix/store/g9hgzjcj9g7hw3c2pzgz271b1g1jgc4w-krb5-1.21.3-lib' from 'https://cache.nixos.org'...
2026-02-22T02:17:53.5250146Z copying path '/nix/store/ln8sk1vlpzmm346lx30ifihqdw0fw4g9-libXpm-3.5.17' from 'https://cache.nixos.org'...
2026-02-22T02:17:53.5272637Z copying path '/nix/store/26hcp8h792wl0h52c5r94qakhvk6q717-glib-2.82.1' from 'https://cache.nixos.org'...
2026-02-22T02:17:53.5756461Z copying path '/nix/store/7ygszkkili3kfqh789ivdgrhyrjshm5n-libXrender-0.9.11' from 'https://cache.nixos.org'...
2026-02-22T02:17:53.6220533Z copying path '/nix/store/1n0b29iid3y0w9i91v9zqdiwnx3inak0-libssh2-1.11.1' from 'https://cache.nixos.org'...
2026-02-22T02:17:53.6249936Z copying path '/nix/store/43nf72jxw9m9mazn5qs7pdj52a7gmcr5-libyuv-1787' from 'https://cache.nixos.org'...
2026-02-22T02:17:53.6316237Z copying path '/nix/store/s2lws03pga0vyq84kfa6h041n8csbg4p-ninja-1.12.1' from 'https://cache.nixos.org'...
2026-02-22T02:17:53.6336868Z copying path '/nix/store/9q63d382x7k2h6cc2pfsb39ar3n6f9wg-patchelf-0.15.0' from 'https://cache.nixos.org'...
2026-02-22T02:17:53.6526713Z copying path '/nix/store/n0q4xhb9z19f0rfd1i8frw7a3ip3rgar-readline-8.2p13' from 'https://cache.nixos.org'...
2026-02-22T02:17:53.6591524Z copying path '/nix/store/kabp82iq5p0l8zidw9ch1mrpq431g6jd-libaom-3.10.0' from 'https://cache.nixos.org'...
2026-02-22T02:17:53.6615373Z copying path '/nix/store/dbkf2m0b3a2n9drrbz6ra4ljfx45d4aa-libvmaf-3.0.0-dev' from 'https://cache.nixos.org'...
2026-02-22T02:17:53.6750672Z copying path '/nix/store/b1wvkjx96i3s7wblz38ya0zr8i93zbc5-coreutils-9.5' from 'https://cache.nixos.org'...
2026-02-22T02:17:53.8165764Z copying path '/nix/store/jfyibphs7pv1izw879lrmr0pp1x3llb8-fontconfig-2.15.0-lib' from 'https://cache.nixos.org'...
2026-02-22T02:17:53.8913452Z copying path '/nix/store/8pys6a47askf0g75a1k73p3rx2wim7m6-zstd-1.5.6' from 'https://cache.nixos.org'...
2026-02-22T02:17:53.9349504Z copying path '/nix/store/ps0zg8jx995br0s7k353qhal1ma3nnbd-curl-8.11.0' from 'https://cache.nixos.org'...
2026-02-22T02:17:54.1316123Z copying path '/nix/store/qb69wvblgz1x2hkfxf7lwl9lg9xk4zpj-python3-3.9.20' from 'https://cache.nixos.org'...
2026-02-22T02:17:54.1357453Z copying path '/nix/store/zv1kaq7f1q20x62kbjv6pfjygw5jmwl6-python3-3.12.7' from 'https://cache.nixos.org'...
2026-02-22T02:17:54.3017089Z copying path '/nix/store/x9as7x6f7cdgcskvvn3yp02m662krr7y-binutils-wrapper-2.43.1' from 'https://cache.nixos.org'...
2026-02-22T02:17:54.3020000Z copying path '/nix/store/w8pnfazxqwmrqmwkb5zrz1bifsd8abxl-findutils-4.10.0' from 'https://cache.nixos.org'...
2026-02-22T02:17:54.3021411Z copying path '/nix/store/cxwsmlr3xh1ml4r0kgdjrknw7504b9f8-diffutils-3.10' from 'https://cache.nixos.org'...
2026-02-22T02:17:54.3023593Z copying path '/nix/store/6fklzkr5x213h868q31isgy82wpmb1yb-perl-5.40.0' from 'https://cache.nixos.org'...
2026-02-22T02:17:54.3652675Z copying path '/nix/store/a98zld1as826z4s0b71xs64k02arj4zj-libXft-2.3.8' from 'https://cache.nixos.org'...
2026-02-22T02:17:54.3835674Z copying path '/nix/store/9l20xx4bw18qgkicjcrsfx7vfykp9m8h-cairo-1.18.2' from 'https://cache.nixos.org'...
2026-02-22T02:17:54.3836957Z copying path '/nix/store/avwmwsn9v4an5v2a4k1gzbqk917avjn1-gts-0.7.6' from 'https://cache.nixos.org'...
2026-02-22T02:17:54.3840369Z copying path '/nix/store/yxgc37sx1a0fswq3hvvld54491ryx6sf-harfbuzz-10.0.1' from 'https://cache.nixos.org'...
2026-02-22T02:17:54.3878918Z copying path '/nix/store/n0gxk0ys2zgqqz6zcsq8qlv6nv5k6fpj-libarchive-3.7.7-lib' from 'https://cache.nixos.org'...
2026-02-22T02:17:54.3880675Z copying path '/nix/store/mgw74i0szz30zbmvgasvyws1y8mvkb86-libtiff-4.7.0' from 'https://cache.nixos.org'...
2026-02-22T02:17:54.4522353Z copying path '/nix/store/v567mv8b0bg0ph7xn61g33qqm484xxj0-libaom-3.10.0-bin' from 'https://cache.nixos.org'...
2026-02-22T02:17:54.7127731Z copying path '/nix/store/spb2bpcnw0gbbr4x94cq8xs9n72hipwj-stdenv-linux' from 'https://cache.nixos.org'...
2026-02-22T02:17:54.9456137Z copying path '/nix/store/4k2h9qsps52n1v56zq03yi67dwmxa81i-cmake-3.30.5' from 'https://cache.nixos.org'...
2026-02-22T02:17:54.9649717Z copying path '/nix/store/alnzmaf07kv3dl4017vrzqngay5rx904-gdk-pixbuf-2.42.12' from 'https://cache.nixos.org'...
2026-02-22T02:17:54.9654181Z copying path '/nix/store/xk1z1b27hck084x12pn24rk526arwwlz-libwebp-1.4.0' from 'https://cache.nixos.org'...
2026-02-22T02:17:54.9786370Z copying path '/nix/store/1asppgbns142f1sqyr6sz843h0689a1k-libaom-3.10.0-dev' from 'https://cache.nixos.org'...
2026-02-22T02:17:55.0353741Z copying path '/nix/store/vy93rplabj9l70a098rvp52ni9bg476v-pango-1.54.0' from 'https://cache.nixos.org'...
2026-02-22T02:17:55.3835113Z building '/nix/store/ryf981zc9kshrrgm5c5dphnw879gn09m-builder.pl.drv'...
2026-02-22T02:17:55.9455678Z copying path '/nix/store/96wajifckqya26aazk4lrig5m5npw5l2-libavif-1.1.1' from 'https://cache.nixos.org'...
2026-02-22T02:17:56.4467165Z copying path '/nix/store/ascb2b0zncwlavz03zcj358p1i79hp64-gd-2.3.3' from 'https://cache.nixos.org'...
2026-02-22T02:17:56.8959435Z copying path '/nix/store/lvx8m4mh18aiqlqp5hdjpg3b34a07p35-graphviz-12.2.0' from 'https://cache.nixos.org'...
2026-02-22T02:17:58.1246503Z copying path '/nix/store/mczmw3rln2jm6nm080dapyjpj3833rg9-gcc-arm-embedded-12.3.rel1' from 'https://cache.nixos.org'...
2026-02-22T02:17:59.8309011Z copying path '/nix/store/4apajimszc47rxwcpvc3g3rj2icinl71-gcc-wrapper-13.3.0' from 'https://cache.nixos.org'...
2026-02-22T02:17:59.8486634Z copying path '/nix/store/rs8cgrcn6pkdxs2ksnhs1a0x0pvx5sac-python3.12-progress-1.6' from 'https://cache.nixos.org'...
2026-02-22T02:17:59.8488026Z copying path '/nix/store/qpb0z965ffwmny4p2m2jbbaqifkkb5y9-python3.12-docopt-0.6.2' from 'https://cache.nixos.org'...
2026-02-22T02:17:59.8488877Z copying path '/nix/store/wg6fhwksxkxn24rnynizrr6f4rvd9dkf-python3.12-intelhex-2.3.0' from 'https://cache.nixos.org'...
2026-02-22T02:17:59.8490475Z copying path '/nix/store/qnfndbdg0k5s7zb47l5q9h7cszi56gpf-python3.12-packaging-24.1' from 'https://cache.nixos.org'...
2026-02-22T02:17:59.8491916Z copying path '/nix/store/qmm23pygh0kisvsm9wrfxw2s5km97670-python3.12-pyelftools-0.31' from 'https://cache.nixos.org'...
2026-02-22T02:17:59.8493366Z copying path '/nix/store/j7q50pmxnawpif7kfimy51mjhjdjldns-python3.12-pyyaml-6.0.2' from 'https://cache.nixos.org'...
2026-02-22T02:17:59.8516167Z copying path '/nix/store/4743pgjalihwh1vb7jsy17ynw3s0xj04-python3.12-six-1.16.0' from 'https://cache.nixos.org'...
2026-02-22T02:17:59.8518927Z copying path '/nix/store/n2pgidpi7vpq2hbpylfpa4ck7avniipp-python3.12-typing-extensions-4.12.2' from 'https://cache.nixos.org'...
2026-02-22T02:17:59.8522012Z copying path '/nix/store/l67gyhnl63la5pxmq4kbhl0g6xrfsdff-python3.12-msgpack-1.1.0' from 'https://cache.nixos.org'...
2026-02-22T02:17:59.8523620Z copying path '/nix/store/2j2fcjlxczkx0yyjn3rqi1h9sd42r97v-python3.12-wrapt-1.16.0' from 'https://cache.nixos.org'...
2026-02-22T02:17:59.8526712Z copying path '/nix/store/3rghmwyhhwjaj3jmpc3drb8pzz9h14hj-python3.12-ruamel-yaml-clib-0.2.7' from 'https://cache.nixos.org'...
2026-02-22T02:17:59.8529279Z copying path '/nix/store/2k9j8zwlhd8vdpn0c4j5zgwkqr6digpx-python3.12-ruamel-base-1.0.0' from 'https://cache.nixos.org'...
2026-02-22T02:18:00.2677099Z copying path '/nix/store/gqjd4bvd683s55r0jcgc9q67rvjnmfc6-make-binary-wrapper-hook' from 'https://cache.nixos.org'...
2026-02-22T02:18:00.2783992Z copying path '/nix/store/09wri7s7nlgp1fs4q4ysx96scbbmr74v-python3.12-anytree-2.12.1' from 'https://cache.nixos.org'...
2026-02-22T02:18:00.2787295Z copying path '/nix/store/iz14w235v0nmwc3vnzrlbrkfpaj1qqka-python3.12-python-dateutil-2.9.0.post0' from 'https://cache.nixos.org'...
2026-02-22T02:18:00.2827260Z copying path '/nix/store/7cvm89dzrkw7i4pdidyd8mvny73k07nb-python3.12-ruamel-yaml-0.18.6' from 'https://cache.nixos.org'...
2026-02-22T02:18:00.2894951Z copying path '/nix/store/7p4gqrzavx0lpks2l0j9945zkzv77ds0-python3.12-python-can-4.5.0' from 'https://moergo-glove80-zmk-dev.cachix.org'...
2026-02-22T02:18:00.7709956Z copying path '/nix/store/k1hzsby2pa29jwbbdgg3y4wj0rxn8dnn-python3.12-pykwalify-1.8.0' from 'https://cache.nixos.org'...
2026-02-22T02:18:01.3105068Z building '/nix/store/14s41r3aqgw7vrl845jxarjcx3ivgvc4-python3-3.12.7-env.drv'...
2026-02-22T02:18:01.3753245Z created 296 symlinks in user environment
2026-02-22T02:18:12.0085809Z warning: Ignoring setting 'auto-allocate-uids' because experimental feature 'auto-allocate-uids' is not enabled
2026-02-22T02:18:12.0086586Z warning: Ignoring setting 'impure-env' because experimental feature 'configurable-impure-env' is not enabled
2026-02-22T02:18:12.0237345Z building '/nix/store/3a91bjk08173hd0706926am7y35jkpk2-zmk_go60_lh.drv'...
2026-02-22T02:18:12.0361864Z building '/nix/store/7l8q9r8vx59bprwkk2ahjp100df3vp2f-zmk_go60_rh.drv'...
2026-02-22T02:18:12.0627022Z Running phase: unpackPhase
2026-02-22T02:18:12.0660069Z unpacking source archive /nix/store/ypiphcbzypxpz9p904y3da2z7rpgj17j-source
2026-02-22T02:18:12.0749855Z Running phase: unpackPhase
2026-02-22T02:18:12.0783639Z unpacking source archive /nix/store/ypiphcbzypxpz9p904y3da2z7rpgj17j-source
2026-02-22T02:18:12.1413159Z source root is source/app
2026-02-22T02:18:12.1542965Z source root is source/app
2026-02-22T02:18:12.1710678Z Running phase: patchPhase
2026-02-22T02:18:12.1758865Z Running phase: updateAutotoolsGnuConfigScriptsPhase
2026-02-22T02:18:12.1799276Z Running phase: patchPhase
2026-02-22T02:18:12.1846161Z Running phase: updateAutotoolsGnuConfigScriptsPhase
2026-02-22T02:18:12.1905442Z Running phase: configurePhase
2026-02-22T02:18:12.1937974Z fixing cmake files...
2026-02-22T02:18:12.1989660Z Running phase: configurePhase
2026-02-22T02:18:12.2025345Z fixing cmake files...
2026-02-22T02:18:12.3424162Z cmake flags: -GNinja -DCMAKE_FIND_USE_SYSTEM_PACKAGE_REGISTRY=OFF -DCMAKE_FIND_USE_PACKAGE_REGISTRY=OFF -DCMAKE_EXPORT_NO_PACKAGE_REGISTRY=ON -DCMAKE_BUILD_TYPE=Release -DBUILD_TESTING=OFF -DCMAKE_INSTALL_LOCALEDIR=/nix/store/5468y5szqwh5971cy60wgx9h0aa5nik7-zmk_go60_lh/share/locale -DCMAKE_INSTALL_LIBEXECDIR=/nix/store/5468y5szqwh5971cy60wgx9h0aa5nik7-zmk_go60_lh/libexec -DCMAKE_INSTALL_LIBDIR=/nix/store/5468y5szqwh5971cy60wgx9h0aa5nik7-zmk_go60_lh/lib -DCMAKE_INSTALL_DOCDIR=/nix/store/5468y5szqwh5971cy60wgx9h0aa5nik7-zmk_go60_lh/share/doc/zmk -DCMAKE_INSTALL_INFODIR=/nix/store/5468y5szqwh5971cy60wgx9h0aa5nik7-zmk_go60_lh/share/info -DCMAKE_INSTALL_MANDIR=/nix/store/5468y5szqwh5971cy60wgx9h0aa5nik7-zmk_go60_lh/share/man -DCMAKE_INSTALL_OLDINCLUDEDIR=/nix/store/5468y5szqwh5971cy60wgx9h0aa5nik7-zmk_go60_lh/include -DCMAKE_INSTALL_INCLUDEDIR=/nix/store/5468y5szqwh5971cy60wgx9h0aa5nik7-zmk_go60_lh/include -DCMAKE_INSTALL_SBINDIR=/nix/store/5468y5szqwh5971cy60wgx9h0aa5nik7-zmk_go60_lh/sbin -DCMAKE_INSTALL_BINDIR=/nix/store/5468y5szqwh5971cy60wgx9h0aa5nik7-zmk_go60_lh/bin -DCMAKE_INSTALL_NAME_DIR=/nix/store/5468y5szqwh5971cy60wgx9h0aa5nik7-zmk_go60_lh/lib -DCMAKE_POLICY_DEFAULT_CMP0025=NEW -DCMAKE_FIND_FRAMEWORK=LAST -DCMAKE_STRIP= -DCMAKE_RANLIB= -DCMAKE_AR= -DCMAKE_C_COMPILER= -DCMAKE_CXX_COMPILER= -DCMAKE_INSTALL_PREFIX=/nix/store/5468y5szqwh5971cy60wgx9h0aa5nik7-zmk_go60_lh -DZEPHYR_BASE=/nix/store/pz26iwsn417j90xs7y7cwbsjnk7b1riv-zephyr/zephyr -DBOARD_ROOT=. -DBOARD=go60_lh -DZEPHYR_TOOLCHAIN_VARIANT=gnuarmemb -DGNUARMEMB_TOOLCHAIN_PATH=/nix/store/mczmw3rln2jm6nm080dapyjpj3833rg9-gcc-arm-embedded-12.3.rel1 -DCMAKE_C_COMPILER=/nix/store/mczmw3rln2jm6nm080dapyjpj3833rg9-gcc-arm-embedded-12.3.rel1/bin/arm-none-eabi-gcc -DCMAKE_CXX_COMPILER=/nix/store/mczmw3rln2jm6nm080dapyjpj3833rg9-gcc-arm-embedded-12.3.rel1/bin/arm-none-eabi-g++ -DCMAKE_AR=/nix/store/mczmw3rln2jm6nm080dapyjpj3833rg9-gcc-arm-embedded-12.3.rel1/bin/arm-none-eabi-ar -DCMAKE_RANLIB=/nix/store/mczmw3rln2jm6nm080dapyjpj3833rg9-gcc-arm-embedded-12.3.rel1/bin/arm-none-eabi-ranlib -DZEPHYR_MODULES=/nix/store/pq757h971kd946xqi9ckk2ylsj25i610-zmk-module-cmsis/cmsis\;/nix/store/wggfl9p3y2ahy21hb1gpfgr3fxsbv8ss-zmk-module-hal_nordic/hal_nordic\;/nix/store/grk5a1pd1mbzl3lgzf2amf7c0nbb0rvs-zmk-module-tinycrypt/tinycrypt\;/nix/store/44v1jwji8rksbmvsjwkd4igbb1vhxbl5-zmk-module-lvgl/lvgl\;/nix/store/4bn1207zpfrcdmf1ldh86ziaav3kwwbb-zmk-module-picolibc/picolibc\;/nix/store/w90l0zpl7slydmc947qscinn0d6rgq5c-zmk-module-segger/segger\;/nix/store/3581iwklzqcg4iyhlyqqrj7yvvm0pykl-cirque-input-module -DKEYMAP_FILE=/nix/store/pbr8qd66qjx4flikvsr2k32an5pd3j28-zmk-custom-functions-lib/boards/go60/go60.keymap -DEXTRA_CONF_FILE=/nix/store/pbr8qd66qjx4flikvsr2k32an5pd3j28-zmk-custom-functions-lib/boards/go60/go60.conf -DUSER_CACHE_DIR=/build/.cache
2026-02-22T02:18:12.3499869Z Loading Zephyr default modules (Zephyr base (cached)).
2026-02-22T02:18:12.3501019Z -- Application: /build/source/app
2026-02-22T02:18:12.3501408Z -- CMake version: 3.30.5
2026-02-22T02:18:12.3526530Z cmake flags: -GNinja -DCMAKE_FIND_USE_SYSTEM_PACKAGE_REGISTRY=OFF -DCMAKE_FIND_USE_PACKAGE_REGISTRY=OFF -DCMAKE_EXPORT_NO_PACKAGE_REGISTRY=ON -DCMAKE_BUILD_TYPE=Release -DBUILD_TESTING=OFF -DCMAKE_INSTALL_LOCALEDIR=/nix/store/k7ar955byjskyh4d5xbhqi7fnarww959-zmk_go60_rh/share/locale -DCMAKE_INSTALL_LIBEXECDIR=/nix/store/k7ar955byjskyh4d5xbhqi7fnarww959-zmk_go60_rh/libexec -DCMAKE_INSTALL_LIBDIR=/nix/store/k7ar955byjskyh4d5xbhqi7fnarww959-zmk_go60_rh/lib -DCMAKE_INSTALL_DOCDIR=/nix/store/k7ar955byjskyh4d5xbhqi7fnarww959-zmk_go60_rh/share/doc/zmk -DCMAKE_INSTALL_INFODIR=/nix/store/k7ar955byjskyh4d5xbhqi7fnarww959-zmk_go60_rh/share/info -DCMAKE_INSTALL_MANDIR=/nix/store/k7ar955byjskyh4d5xbhqi7fnarww959-zmk_go60_rh/share/man -DCMAKE_INSTALL_OLDINCLUDEDIR=/nix/store/k7ar955byjskyh4d5xbhqi7fnarww959-zmk_go60_rh/include -DCMAKE_INSTALL_INCLUDEDIR=/nix/store/k7ar955byjskyh4d5xbhqi7fnarww959-zmk_go60_rh/include -DCMAKE_INSTALL_SBINDIR=/nix/store/k7ar955byjskyh4d5xbhqi7fnarww959-zmk_go60_rh/sbin -DCMAKE_INSTALL_BINDIR=/nix/store/k7ar955byjskyh4d5xbhqi7fnarww959-zmk_go60_rh/bin -DCMAKE_INSTALL_NAME_DIR=/nix/store/k7ar955byjskyh4d5xbhqi7fnarww959-zmk_go60_rh/lib -DCMAKE_POLICY_DEFAULT_CMP0025=NEW -DCMAKE_FIND_FRAMEWORK=LAST -DCMAKE_STRIP= -DCMAKE_RANLIB= -DCMAKE_AR= -DCMAKE_C_COMPILER= -DCMAKE_CXX_COMPILER= -DCMAKE_INSTALL_PREFIX=/nix/store/k7ar955byjskyh4d5xbhqi7fnarww959-zmk_go60_rh -DZEPHYR_BASE=/nix/store/pz26iwsn417j90xs7y7cwbsjnk7b1riv-zephyr/zephyr -DBOARD_ROOT=. -DBOARD=go60_rh -DZEPHYR_TOOLCHAIN_VARIANT=gnuarmemb -DGNUARMEMB_TOOLCHAIN_PATH=/nix/store/mczmw3rln2jm6nm080dapyjpj3833rg9-gcc-arm-embedded-12.3.rel1 -DCMAKE_C_COMPILER=/nix/store/mczmw3rln2jm6nm080dapyjpj3833rg9-gcc-arm-embedded-12.3.rel1/bin/arm-none-eabi-gcc -DCMAKE_CXX_COMPILER=/nix/store/mczmw3rln2jm6nm080dapyjpj3833rg9-gcc-arm-embedded-12.3.rel1/bin/arm-none-eabi-g++ -DCMAKE_AR=/nix/store/mczmw3rln2jm6nm080dapyjpj3833rg9-gcc-arm-embedded-12.3.rel1/bin/arm-none-eabi-ar -DCMAKE_RANLIB=/nix/store/mczmw3rln2jm6nm080dapyjpj3833rg9-gcc-arm-embedded-12.3.rel1/bin/arm-none-eabi-ranlib -DZEPHYR_MODULES=/nix/store/pq757h971kd946xqi9ckk2ylsj25i610-zmk-module-cmsis/cmsis\;/nix/store/wggfl9p3y2ahy21hb1gpfgr3fxsbv8ss-zmk-module-hal_nordic/hal_nordic\;/nix/store/grk5a1pd1mbzl3lgzf2amf7c0nbb0rvs-zmk-module-tinycrypt/tinycrypt\;/nix/store/44v1jwji8rksbmvsjwkd4igbb1vhxbl5-zmk-module-lvgl/lvgl\;/nix/store/4bn1207zpfrcdmf1ldh86ziaav3kwwbb-zmk-module-picolibc/picolibc\;/nix/store/w90l0zpl7slydmc947qscinn0d6rgq5c-zmk-module-segger/segger\;/nix/store/3581iwklzqcg4iyhlyqqrj7yvvm0pykl-cirque-input-module -DKEYMAP_FILE=/nix/store/pbr8qd66qjx4flikvsr2k32an5pd3j28-zmk-custom-functions-lib/boards/go60/go60.keymap -DEXTRA_CONF_FILE=/nix/store/pbr8qd66qjx4flikvsr2k32an5pd3j28-zmk-custom-functions-lib/boards/go60/go60.conf -DUSER_CACHE_DIR=/build/.cache
2026-02-22T02:18:12.3581094Z Loading Zephyr default modules (Zephyr base (cached)).
2026-02-22T02:18:12.3582615Z -- Application: /build/source/app
2026-02-22T02:18:12.3583785Z -- CMake version: 3.30.5
2026-02-22T02:18:12.5519500Z -- Found Python3: /nix/store/3ym73yjdw7yg6sv3nwr0syligji76i3z-python3-3.12.7-env/bin/python (found suitable version "3.12.7", minimum required is "3.8") found components: Interpreter
2026-02-22T02:18:12.5528720Z -- Cache files will be written to: /build/.cache
2026-02-22T02:18:12.5606648Z -- Zephyr version: 3.5.0 (/nix/store/pz26iwsn417j90xs7y7cwbsjnk7b1riv-zephyr/zephyr)
2026-02-22T02:18:12.5610118Z -- Found Python3: /nix/store/3ym73yjdw7yg6sv3nwr0syligji76i3z-python3-3.12.7-env/bin/python (found suitable version "3.12.7", minimum required is "3.8") found components: Interpreter
2026-02-22T02:18:12.5613339Z -- Cache files will be written to: /build/.cache
2026-02-22T02:18:12.5675842Z -- Zephyr version: 3.5.0 (/nix/store/pz26iwsn417j90xs7y7cwbsjnk7b1riv-zephyr/zephyr)
2026-02-22T02:18:12.7079941Z -- Using keymap file: /nix/store/pbr8qd66qjx4flikvsr2k32an5pd3j28-zmk-custom-functions-lib/boards/go60/go60.keymap
2026-02-22T02:18:12.7135800Z -- Board: go60_lh
2026-02-22T02:18:12.7279310Z -- Using keymap file: /nix/store/pbr8qd66qjx4flikvsr2k32an5pd3j28-zmk-custom-functions-lib/boards/go60/go60.keymap
2026-02-22T02:18:12.7332333Z -- Board: go60_rh
2026-02-22T02:18:12.8670666Z -- Found toolchain: gnuarmemb (/nix/store/mczmw3rln2jm6nm080dapyjpj3833rg9-gcc-arm-embedded-12.3.rel1)
2026-02-22T02:18:12.8726961Z -- Found Dtc: /nix/store/2nvmq98zj69i1af1ksh6m08hvfdkjv1z-dtc-1.7.2/bin/dtc (found suitable version "1.7.2", minimum required is "1.4.6")
2026-02-22T02:18:12.8765597Z -- Found BOARD.dts: /build/source/app/boards/arm/go60/go60_lh.dts
2026-02-22T02:18:12.8767299Z -- Found devicetree overlay: /nix/store/pbr8qd66qjx4flikvsr2k32an5pd3j28-zmk-custom-functions-lib/boards/go60/go60.keymap
2026-02-22T02:18:12.8808476Z -- Found toolchain: gnuarmemb (/nix/store/mczmw3rln2jm6nm080dapyjpj3833rg9-gcc-arm-embedded-12.3.rel1)
2026-02-22T02:18:12.8887536Z -- Found Dtc: /nix/store/2nvmq98zj69i1af1ksh6m08hvfdkjv1z-dtc-1.7.2/bin/dtc (found suitable version "1.7.2", minimum required is "1.4.6")
2026-02-22T02:18:12.8896268Z -- Found BOARD.dts: /build/source/app/boards/arm/go60/go60_rh.dts
2026-02-22T02:18:12.8898727Z -- Found devicetree overlay: /nix/store/pbr8qd66qjx4flikvsr2k32an5pd3j28-zmk-custom-functions-lib/boards/go60/go60.keymap
2026-02-22T02:18:13.1462919Z devicetree error: /keymap/0: undefined node label 'pair_brace'
2026-02-22T02:18:13.1592209Z -- In: /build/source/app/build/zephyr, command: /nix/store/3ym73yjdw7yg6sv3nwr0syligji76i3z-python3-3.12.7-env/bin/python;/nix/store/pz26iwsn417j90xs7y7cwbsjnk7b1riv-zephyr/zephyr/scripts/dts/gen_defines.py;--dts;/build/source/app/build/zephyr/zephyr.dts.pre;--dtc-flags;'-Wno-unique_unit_address_if_enabled';--bindings-dirs;/nix/store/3581iwklzqcg4iyhlyqqrj7yvvm0pykl-cirque-input-module/dts/bindings;/build/source/app/module/dts/bindings;/build/source/app/dts/bindings;/nix/store/pz26iwsn417j90xs7y7cwbsjnk7b1riv-zephyr/zephyr/dts/bindings;--header-out;/build/source/app/build/zephyr/include/generated/devicetree_generated.h.new;--dts-out;/build/source/app/build/zephyr/zephyr.dts.new;--edt-pickle-out;/build/source/app/build/zephyr/edt.pickle;--vendor-prefixes;/nix/store/3581iwklzqcg4iyhlyqqrj7yvvm0pykl-cirque-input-module/dts/bindings/vendor-prefixes.txt;--vendor-prefixes;/build/source/app/dts/bindings/vendor-prefixes.txt;--vendor-prefixes;/nix/store/pz26iwsn417j90xs7y7cwbsjnk7b1riv-zephyr/zephyr/dts/bindings/vendor-prefixes.txt
2026-02-22T02:18:13.1598784Z CMake Error at /nix/store/pz26iwsn417j90xs7y7cwbsjnk7b1riv-zephyr/zephyr/cmake/modules/dts.cmake:279 (message):
2026-02-22T02:18:13.1599596Z   gen_defines.py failed with return code: 1
2026-02-22T02:18:13.1600032Z Call Stack (most recent call first):
2026-02-22T02:18:13.1600801Z   /nix/store/pz26iwsn417j90xs7y7cwbsjnk7b1riv-zephyr/zephyr/cmake/modules/zephyr_default.cmake:129 (include)
2026-02-22T02:18:13.1602277Z   /nix/store/pz26iwsn417j90xs7y7cwbsjnk7b1riv-zephyr/zephyr/share/zephyr-package/cmake/ZephyrConfig.cmake:66 (include)
2026-02-22T02:18:13.1603713Z   /nix/store/pz26iwsn417j90xs7y7cwbsjnk7b1riv-zephyr/zephyr/share/zephyr-package/cmake/ZephyrConfig.cmake:97 (include_boilerplate)
2026-02-22T02:18:13.1604774Z   CMakeLists.txt:9 (find_package)
2026-02-22T02:18:13.1605017Z 
2026-02-22T02:18:13.1605024Z 
2026-02-22T02:18:13.1605181Z -- Configuring incomplete, errors occurred!
2026-02-22T02:18:13.1607700Z devicetree error: /keymap/0: undefined node label 'pair_brace'
2026-02-22T02:18:13.2039730Z error: builder for '/nix/store/3a91bjk08173hd0706926am7y35jkpk2-zmk_go60_lh.drv' failed with exit code 1;
2026-02-22T02:18:13.2040579Z        last 10 log lines:
2026-02-22T02:18:13.2041390Z        > CMake Error at /nix/store/pz26iwsn417j90xs7y7cwbsjnk7b1riv-zephyr/zephyr/cmake/modules/dts.cmake:279 (message):
2026-02-22T02:18:13.2042351Z        >   gen_defines.py failed with return code: 1
2026-02-22T02:18:13.2042842Z        > Call Stack (most recent call first):
2026-02-22T02:18:13.2043755Z        >   /nix/store/pz26iwsn417j90xs7y7cwbsjnk7b1riv-zephyr/zephyr/cmake/modules/zephyr_default.cmake:129 (include)
2026-02-22T02:18:13.2045302Z        >   /nix/store/pz26iwsn417j90xs7y7cwbsjnk7b1riv-zephyr/zephyr/share/zephyr-package/cmake/ZephyrConfig.cmake:66 (include)
2026-02-22T02:18:13.2046859Z        >   /nix/store/pz26iwsn417j90xs7y7cwbsjnk7b1riv-zephyr/zephyr/share/zephyr-package/cmake/ZephyrConfig.cmake:97 (include_boilerplate)
2026-02-22T02:18:13.2048171Z        >   CMakeLists.txt:9 (find_package)
2026-02-22T02:18:13.2048575Z        >
2026-02-22T02:18:13.2048820Z        > 
2026-02-22T02:18:13.2049187Z        > -- Configuring incomplete, errors occurred!
2026-02-22T02:18:13.2049906Z        For full logs, run 'nix log /nix/store/3a91bjk08173hd0706926am7y35jkpk2-zmk_go60_lh.drv'.
2026-02-22T02:18:13.2609137Z error: 1 dependencies of derivation '/nix/store/rlk9459d7lcs3pdd4gx0gjznh5r39337-combined_zmk_go60_lh_zmk_go60_rh.drv' failed to build
2026-02-22T02:18:13.2689525Z ##[error]Process completed with exit code 1.
2026-02-22T02:18:13.2756820Z Post job cleanup.
2026-02-22T02:18:13.3153509Z ##[group]Cachix: push
2026-02-22T02:18:13.3154839Z Pushing is disabled as skipPush is set to true
2026-02-22T02:18:13.3155436Z ##[endgroup]
2026-02-22T02:18:13.3236525Z Post job cleanup.
2026-02-22T02:18:13.4089547Z [command]/usr/bin/git version
2026-02-22T02:18:13.4121982Z git version 2.52.0
2026-02-22T02:18:13.4160738Z Temporarily overriding HOME='/home/runner/work/_temp/0fbd8267-7219-4efd-9364-a46856cc1f98' before making global git config changes
2026-02-22T02:18:13.4161979Z Adding repository directory to the temporary git global config as a safe directory
2026-02-22T02:18:13.4167173Z [command]/usr/bin/git config --global --add safe.directory /home/runner/work/zmk-custom-functions-lib/zmk-custom-functions-lib/src
2026-02-22T02:18:13.4203664Z [command]/usr/bin/git config --local --name-only --get-regexp core\.sshCommand
2026-02-22T02:18:13.4232021Z [command]/usr/bin/git submodule foreach --recursive sh -c "git config --local --name-only --get-regexp 'core\.sshCommand' && git config --local --unset-all 'core.sshCommand' || :"
2026-02-22T02:18:13.4414334Z [command]/usr/bin/git config --local --name-only --get-regexp http\.https\:\/\/github\.com\/\.extraheader
2026-02-22T02:18:13.4431837Z http.https://github.com/.extraheader
2026-02-22T02:18:13.4442041Z [command]/usr/bin/git config --local --unset-all http.https://github.com/.extraheader
2026-02-22T02:18:13.4466348Z [command]/usr/bin/git submodule foreach --recursive sh -c "git config --local --name-only --get-regexp 'http\.https\:\/\/github\.com\/\.extraheader' && git config --local --unset-all 'http.https://github.com/.extraheader' || :"
2026-02-22T02:18:13.4637372Z [command]/usr/bin/git config --local --name-only --get-regexp ^includeIf\.gitdir:
2026-02-22T02:18:13.4662803Z [command]/usr/bin/git submodule foreach --recursive git config --local --show-origin --name-only --get-regexp remote.origin.url
2026-02-22T02:18:13.4961201Z Post job cleanup.
2026-02-22T02:18:13.5808817Z [command]/usr/bin/git version
2026-02-22T02:18:13.5840546Z git version 2.52.0
2026-02-22T02:18:13.5876600Z Temporarily overriding HOME='/home/runner/work/_temp/dfe66189-9687-4bb7-be78-e0103a2a7f64' before making global git config changes
2026-02-22T02:18:13.5877545Z Adding repository directory to the temporary git global config as a safe directory
2026-02-22T02:18:13.5888844Z [command]/usr/bin/git config --global --add safe.directory /home/runner/work/zmk-custom-functions-lib/zmk-custom-functions-lib
2026-02-22T02:18:13.5917396Z [command]/usr/bin/git config --local --name-only --get-regexp core\.sshCommand
2026-02-22T02:18:13.5944148Z [command]/usr/bin/git submodule foreach --recursive sh -c "git config --local --name-only --get-regexp 'core\.sshCommand' && git config --local --unset-all 'core.sshCommand' || :"
2026-02-22T02:18:13.6141454Z [command]/usr/bin/git config --local --name-only --get-regexp http\.https\:\/\/github\.com\/\.extraheader
2026-02-22T02:18:13.6160336Z http.https://github.com/.extraheader
2026-02-22T02:18:13.6174761Z [command]/usr/bin/git config --local --unset-all http.https://github.com/.extraheader
2026-02-22T02:18:13.6202064Z [command]/usr/bin/git submodule foreach --recursive sh -c "git config --local --name-only --get-regexp 'http\.https\:\/\/github\.com\/\.extraheader' && git config --local --unset-all 'http.https://github.com/.extraheader' || :"
2026-02-22T02:18:13.6386901Z [command]/usr/bin/git config --local --name-only --get-regexp ^includeIf\.gitdir:
2026-02-22T02:18:13.6416373Z [command]/usr/bin/git submodule foreach --recursive git config --local --show-origin --name-only --get-regexp remote.origin.url
2026-02-22T02:18:13.6700747Z Cleaning up orphan processes
