2026-02-25T03:50:38.0857127Z Current runner version: '2.331.0'
2026-02-25T03:50:38.0882250Z ##[group]Runner Image Provisioner
2026-02-25T03:50:38.0883045Z Hosted Compute Agent
2026-02-25T03:50:38.0883680Z Version: 20260123.484
2026-02-25T03:50:38.0884244Z Commit: 6bd6555ca37d84114959e1c76d2c01448ff61c5d
2026-02-25T03:50:38.0884933Z Build Date: 2026-01-23T19:41:17Z
2026-02-25T03:50:38.0885593Z Worker ID: {be6331f9-3f2d-490f-a6c2-bf0d8fc5cf5b}
2026-02-25T03:50:38.0886335Z Azure Region: northcentralus
2026-02-25T03:50:38.0886876Z ##[endgroup]
2026-02-25T03:50:38.0888413Z ##[group]Operating System
2026-02-25T03:50:38.0889032Z Ubuntu
2026-02-25T03:50:38.0889795Z 24.04.3
2026-02-25T03:50:38.0890328Z LTS
2026-02-25T03:50:38.0890804Z ##[endgroup]
2026-02-25T03:50:38.0891295Z ##[group]Runner Image
2026-02-25T03:50:38.0891800Z Image: ubuntu-24.04
2026-02-25T03:50:38.0892401Z Version: 20260201.15.1
2026-02-25T03:50:38.0893533Z Included Software: https://github.com/actions/runner-images/blob/ubuntu24/20260201.15/images/ubuntu/Ubuntu2404-Readme.md
2026-02-25T03:50:38.0895051Z Image Release: https://github.com/actions/runner-images/releases/tag/ubuntu24%2F20260201.15
2026-02-25T03:50:38.0896218Z ##[endgroup]
2026-02-25T03:50:38.0897378Z ##[group]GITHUB_TOKEN Permissions
2026-02-25T03:50:38.0899851Z Contents: read
2026-02-25T03:50:38.0900387Z Metadata: read
2026-02-25T03:50:38.0900977Z Packages: read
2026-02-25T03:50:38.0901437Z ##[endgroup]
2026-02-25T03:50:38.0903806Z Secret source: Actions
2026-02-25T03:50:38.0904933Z Prepare workflow directory
2026-02-25T03:50:38.1305309Z Prepare all required actions
2026-02-25T03:50:38.1360342Z Getting action download info
2026-02-25T03:50:38.5172349Z Download action repository 'actions/checkout@v4' (SHA:34e114876b0b11c390a56381ad16ebd13914f8d5)
2026-02-25T03:50:38.6399678Z Download action repository 'cachix/install-nix-action@v25' (SHA:6004951b182f8860210c8d6f0d808ec5b1a33d28)
2026-02-25T03:50:38.9453769Z Download action repository 'cachix/cachix-action@v14' (SHA:18cf96c7c98e048e10a83abd92116114cd8504be)
2026-02-25T03:50:39.3049253Z Download action repository 'actions/upload-artifact@v4' (SHA:ea165f8d65b6e75b540449e92b4886f43607fa02)
2026-02-25T03:50:39.5748138Z Complete job name: Build Go60
2026-02-25T03:50:39.6542684Z ##[group]Run actions/checkout@v4
2026-02-25T03:50:39.6543940Z with:
2026-02-25T03:50:39.6544830Z   repository: nothingfortune/zmk-multi-keyboard-build
2026-02-25T03:50:39.6546221Z   token: ***
2026-02-25T03:50:39.6546934Z   ssh-strict: true
2026-02-25T03:50:39.6547682Z   ssh-user: git
2026-02-25T03:50:39.6548437Z   persist-credentials: true
2026-02-25T03:50:39.6549286Z   clean: true
2026-02-25T03:50:39.6550224Z   sparse-checkout-cone-mode: true
2026-02-25T03:50:39.6551160Z   fetch-depth: 1
2026-02-25T03:50:39.6551942Z   fetch-tags: false
2026-02-25T03:50:39.6552706Z   show-progress: true
2026-02-25T03:50:39.6553484Z   lfs: false
2026-02-25T03:50:39.6554186Z   submodules: false
2026-02-25T03:50:39.6554954Z   set-safe-directory: true
2026-02-25T03:50:39.6556061Z ##[endgroup]
2026-02-25T03:50:39.7645593Z Syncing repository: nothingfortune/zmk-multi-keyboard-build
2026-02-25T03:50:39.7648321Z ##[group]Getting Git version info
2026-02-25T03:50:39.7650310Z Working directory is '/home/runner/work/zmk-multi-keyboard-build/zmk-multi-keyboard-build'
2026-02-25T03:50:39.7652542Z [command]/usr/bin/git version
2026-02-25T03:50:39.7742375Z git version 2.52.0
2026-02-25T03:50:39.7768432Z ##[endgroup]
2026-02-25T03:50:39.7789280Z Temporarily overriding HOME='/home/runner/work/_temp/0755a7f7-57d6-4507-b425-3bb610a192f7' before making global git config changes
2026-02-25T03:50:39.7792566Z Adding repository directory to the temporary git global config as a safe directory
2026-02-25T03:50:39.7796477Z [command]/usr/bin/git config --global --add safe.directory /home/runner/work/zmk-multi-keyboard-build/zmk-multi-keyboard-build
2026-02-25T03:50:39.7834671Z Deleting the contents of '/home/runner/work/zmk-multi-keyboard-build/zmk-multi-keyboard-build'
2026-02-25T03:50:39.7837732Z ##[group]Initializing the repository
2026-02-25T03:50:39.7842274Z [command]/usr/bin/git init /home/runner/work/zmk-multi-keyboard-build/zmk-multi-keyboard-build
2026-02-25T03:50:39.7960666Z hint: Using 'master' as the name for the initial branch. This default branch name
2026-02-25T03:50:39.7963022Z hint: will change to "main" in Git 3.0. To configure the initial branch name
2026-02-25T03:50:39.7966465Z hint: to use in all of your new repositories, which will suppress this warning,
2026-02-25T03:50:39.7969736Z hint: call:
2026-02-25T03:50:39.7971374Z hint:
2026-02-25T03:50:39.7973245Z hint: 	git config --global init.defaultBranch <name>
2026-02-25T03:50:39.7975779Z hint:
2026-02-25T03:50:39.7977876Z hint: Names commonly chosen instead of 'master' are 'main', 'trunk' and
2026-02-25T03:50:39.7981253Z hint: 'development'. The just-created branch can be renamed via this command:
2026-02-25T03:50:39.7983630Z hint:
2026-02-25T03:50:39.7984791Z hint: 	git branch -m <name>
2026-02-25T03:50:39.7986167Z hint:
2026-02-25T03:50:39.7987332Z hint: Disable this message with "git config set advice.defaultBranchName false"
2026-02-25T03:50:39.7989962Z Initialized empty Git repository in /home/runner/work/zmk-multi-keyboard-build/zmk-multi-keyboard-build/.git/
2026-02-25T03:50:39.7995623Z [command]/usr/bin/git remote add origin https://github.com/nothingfortune/zmk-multi-keyboard-build
2026-02-25T03:50:39.8017569Z ##[endgroup]
2026-02-25T03:50:39.8020126Z ##[group]Disabling automatic garbage collection
2026-02-25T03:50:39.8022788Z [command]/usr/bin/git config --local gc.auto 0
2026-02-25T03:50:39.8052776Z ##[endgroup]
2026-02-25T03:50:39.8054944Z ##[group]Setting up auth
2026-02-25T03:50:39.8060265Z [command]/usr/bin/git config --local --name-only --get-regexp core\.sshCommand
2026-02-25T03:50:39.8092574Z [command]/usr/bin/git submodule foreach --recursive sh -c "git config --local --name-only --get-regexp 'core\.sshCommand' && git config --local --unset-all 'core.sshCommand' || :"
2026-02-25T03:50:39.8460527Z [command]/usr/bin/git config --local --name-only --get-regexp http\.https\:\/\/github\.com\/\.extraheader
2026-02-25T03:50:39.8493565Z [command]/usr/bin/git submodule foreach --recursive sh -c "git config --local --name-only --get-regexp 'http\.https\:\/\/github\.com\/\.extraheader' && git config --local --unset-all 'http.https://github.com/.extraheader' || :"
2026-02-25T03:50:39.8709713Z [command]/usr/bin/git config --local --name-only --get-regexp ^includeIf\.gitdir:
2026-02-25T03:50:39.8742062Z [command]/usr/bin/git submodule foreach --recursive git config --local --show-origin --name-only --get-regexp remote.origin.url
2026-02-25T03:50:39.8961327Z [command]/usr/bin/git config --local http.https://github.com/.extraheader AUTHORIZATION: basic ***
2026-02-25T03:50:39.8994021Z ##[endgroup]
2026-02-25T03:50:39.8996361Z ##[group]Fetching the repository
2026-02-25T03:50:39.9005441Z [command]/usr/bin/git -c protocol.version=2 fetch --no-tags --prune --no-recurse-submodules --depth=1 origin +24e93c436d8520e48ac1bee700a3ffcdbab13674:refs/remotes/origin/main
2026-02-25T03:50:40.2356731Z From https://github.com/nothingfortune/zmk-multi-keyboard-build
2026-02-25T03:50:40.2387550Z  * [new ref]         24e93c436d8520e48ac1bee700a3ffcdbab13674 -> origin/main
2026-02-25T03:50:40.2392402Z ##[endgroup]
2026-02-25T03:50:40.2393726Z ##[group]Determining the checkout info
2026-02-25T03:50:40.2395224Z ##[endgroup]
2026-02-25T03:50:40.2396836Z [command]/usr/bin/git sparse-checkout disable
2026-02-25T03:50:40.2440904Z [command]/usr/bin/git config --local --unset-all extensions.worktreeConfig
2026-02-25T03:50:40.2467762Z ##[group]Checking out the ref
2026-02-25T03:50:40.2471536Z [command]/usr/bin/git checkout --progress --force -B main refs/remotes/origin/main
2026-02-25T03:50:40.2686265Z Switched to a new branch 'main'
2026-02-25T03:50:40.2688830Z branch 'main' set up to track 'origin/main'.
2026-02-25T03:50:40.2698089Z ##[endgroup]
2026-02-25T03:50:40.2731339Z [command]/usr/bin/git log -1 --format=%H
2026-02-25T03:50:40.2752688Z 24e93c436d8520e48ac1bee700a3ffcdbab13674
2026-02-25T03:50:40.3071996Z ##[group]Run actions/checkout@v4
2026-02-25T03:50:40.3073088Z with:
2026-02-25T03:50:40.3073765Z   repository: moergo-sc/zmk
2026-02-25T03:50:40.3074560Z   ref: main
2026-02-25T03:50:40.3075207Z   path: src
2026-02-25T03:50:40.3076079Z   token: ***
2026-02-25T03:50:40.3076831Z   ssh-strict: true
2026-02-25T03:50:40.3077535Z   ssh-user: git
2026-02-25T03:50:40.3078267Z   persist-credentials: true
2026-02-25T03:50:40.3079080Z   clean: true
2026-02-25T03:50:40.3080014Z   sparse-checkout-cone-mode: true
2026-02-25T03:50:40.3080905Z   fetch-depth: 1
2026-02-25T03:50:40.3081603Z   fetch-tags: false
2026-02-25T03:50:40.3082320Z   show-progress: true
2026-02-25T03:50:40.3083046Z   lfs: false
2026-02-25T03:50:40.3083720Z   submodules: false
2026-02-25T03:50:40.3084457Z   set-safe-directory: true
2026-02-25T03:50:40.3085244Z ##[endgroup]
2026-02-25T03:50:40.4018578Z Syncing repository: moergo-sc/zmk
2026-02-25T03:50:40.4025650Z ##[group]Getting Git version info
2026-02-25T03:50:40.4027356Z Working directory is '/home/runner/work/zmk-multi-keyboard-build/zmk-multi-keyboard-build/src'
2026-02-25T03:50:40.4119951Z [command]/usr/bin/git version
2026-02-25T03:50:40.4121392Z git version 2.52.0
2026-02-25T03:50:40.4143121Z ##[endgroup]
2026-02-25T03:50:40.4156304Z Temporarily overriding HOME='/home/runner/work/_temp/5989755d-b5d6-4373-b832-d9227b9eeec7' before making global git config changes
2026-02-25T03:50:40.4160988Z Adding repository directory to the temporary git global config as a safe directory
2026-02-25T03:50:40.4171292Z [command]/usr/bin/git config --global --add safe.directory /home/runner/work/zmk-multi-keyboard-build/zmk-multi-keyboard-build/src
2026-02-25T03:50:40.4202518Z ##[group]Initializing the repository
2026-02-25T03:50:40.4208875Z [command]/usr/bin/git init /home/runner/work/zmk-multi-keyboard-build/zmk-multi-keyboard-build/src
2026-02-25T03:50:40.4244668Z hint: Using 'master' as the name for the initial branch. This default branch name
2026-02-25T03:50:40.4247252Z hint: will change to "main" in Git 3.0. To configure the initial branch name
2026-02-25T03:50:40.4250465Z hint: to use in all of your new repositories, which will suppress this warning,
2026-02-25T03:50:40.4252846Z hint: call:
2026-02-25T03:50:40.4253976Z hint:
2026-02-25T03:50:40.4255346Z hint: 	git config --global init.defaultBranch <name>
2026-02-25T03:50:40.4257202Z hint:
2026-02-25T03:50:40.4259045Z hint: Names commonly chosen instead of 'master' are 'main', 'trunk' and
2026-02-25T03:50:40.4262222Z hint: 'development'. The just-created branch can be renamed via this command:
2026-02-25T03:50:40.4264460Z hint:
2026-02-25T03:50:40.4265377Z hint: 	git branch -m <name>
2026-02-25T03:50:40.4266193Z hint:
2026-02-25T03:50:40.4267312Z hint: Disable this message with "git config set advice.defaultBranchName false"
2026-02-25T03:50:40.4269923Z Initialized empty Git repository in /home/runner/work/zmk-multi-keyboard-build/zmk-multi-keyboard-build/src/.git/
2026-02-25T03:50:40.4275304Z [command]/usr/bin/git remote add origin https://github.com/moergo-sc/zmk
2026-02-25T03:50:40.4291010Z ##[endgroup]
2026-02-25T03:50:40.4293185Z ##[group]Disabling automatic garbage collection
2026-02-25T03:50:40.4295257Z [command]/usr/bin/git config --local gc.auto 0
2026-02-25T03:50:40.4323727Z ##[endgroup]
2026-02-25T03:50:40.4324928Z ##[group]Setting up auth
2026-02-25T03:50:40.4329486Z [command]/usr/bin/git config --local --name-only --get-regexp core\.sshCommand
2026-02-25T03:50:40.4357987Z [command]/usr/bin/git submodule foreach --recursive sh -c "git config --local --name-only --get-regexp 'core\.sshCommand' && git config --local --unset-all 'core.sshCommand' || :"
2026-02-25T03:50:40.4578932Z [command]/usr/bin/git config --local --name-only --get-regexp http\.https\:\/\/github\.com\/\.extraheader
2026-02-25T03:50:40.4611367Z [command]/usr/bin/git submodule foreach --recursive sh -c "git config --local --name-only --get-regexp 'http\.https\:\/\/github\.com\/\.extraheader' && git config --local --unset-all 'http.https://github.com/.extraheader' || :"
2026-02-25T03:50:40.4827662Z [command]/usr/bin/git config --local --name-only --get-regexp ^includeIf\.gitdir:
2026-02-25T03:50:40.4860191Z [command]/usr/bin/git submodule foreach --recursive git config --local --show-origin --name-only --get-regexp remote.origin.url
2026-02-25T03:50:40.5087553Z [command]/usr/bin/git config --local http.https://github.com/.extraheader AUTHORIZATION: basic ***
2026-02-25T03:50:40.5121862Z ##[endgroup]
2026-02-25T03:50:40.5123228Z ##[group]Fetching the repository
2026-02-25T03:50:40.5130458Z [command]/usr/bin/git -c protocol.version=2 fetch --no-tags --prune --no-recurse-submodules --depth=1 origin +refs/heads/main*:refs/remotes/origin/main* +refs/tags/main*:refs/tags/main*
2026-02-25T03:50:40.9790954Z From https://github.com/moergo-sc/zmk
2026-02-25T03:50:40.9793384Z  * [new branch]      main       -> origin/main
2026-02-25T03:50:40.9819112Z ##[endgroup]
2026-02-25T03:50:40.9820611Z ##[group]Determining the checkout info
2026-02-25T03:50:40.9826263Z [command]/usr/bin/git branch --list --remote origin/main
2026-02-25T03:50:40.9848311Z   origin/main
2026-02-25T03:50:40.9855264Z ##[endgroup]
2026-02-25T03:50:40.9859269Z [command]/usr/bin/git sparse-checkout disable
2026-02-25T03:50:40.9896051Z [command]/usr/bin/git config --local --unset-all extensions.worktreeConfig
2026-02-25T03:50:40.9922785Z ##[group]Checking out the ref
2026-02-25T03:50:40.9926204Z [command]/usr/bin/git checkout --progress --force -B main refs/remotes/origin/main
2026-02-25T03:50:41.1272432Z Switched to a new branch 'main'
2026-02-25T03:50:41.1274807Z branch 'main' set up to track 'origin/main'.
2026-02-25T03:50:41.1286111Z ##[endgroup]
2026-02-25T03:50:41.1321919Z [command]/usr/bin/git log -1 --format=%H
2026-02-25T03:50:41.1344040Z 11454d23596afbdb06380a1125371b19ab65675c
2026-02-25T03:50:41.1573627Z ##[group]Run cachix/install-nix-action@v25
2026-02-25T03:50:41.1574596Z with:
2026-02-25T03:50:41.1575293Z   nix_path: nixpkgs=channel:nixos-22.05
2026-02-25T03:50:41.1576197Z   enable_kvm: true
2026-02-25T03:50:41.1576892Z ##[endgroup]
2026-02-25T03:50:41.1680397Z ##[group]Run ${GITHUB_ACTION_PATH}/install-nix.sh
2026-02-25T03:50:41.1681623Z [36;1m${GITHUB_ACTION_PATH}/install-nix.sh[0m
2026-02-25T03:50:41.1720631Z shell: /usr/bin/bash --noprofile --norc -e -o pipefail {0}
2026-02-25T03:50:41.1721774Z env:
2026-02-25T03:50:41.1722426Z   INPUT_EXTRA_NIX_CONFIG: 
2026-02-25T03:50:41.1723264Z   INPUT_GITHUB_ACCESS_TOKEN: 
2026-02-25T03:50:41.1724104Z   INPUT_INSTALL_OPTIONS: 
2026-02-25T03:50:41.1724887Z   INPUT_INSTALL_URL: 
2026-02-25T03:50:41.1725712Z   INPUT_NIX_PATH: nixpkgs=channel:nixos-22.05
2026-02-25T03:50:41.1726698Z   INPUT_ENABLE_KVM: true
2026-02-25T03:50:41.1727915Z   GITHUB_TOKEN: ***
2026-02-25T03:50:41.1728614Z ##[endgroup]
2026-02-25T03:50:41.1834062Z ##[group]Enabling KVM support
2026-02-25T03:50:41.1902484Z KERNEL=="kvm", GROUP="kvm", MODE="0666", OPTIONS+="static_node=kvm"
2026-02-25T03:50:41.2205825Z Enabled KVM
2026-02-25T03:50:41.2207865Z ##[endgroup]
2026-02-25T03:50:41.2210050Z ##[group]Installing Nix
2026-02-25T03:50:41.2498751Z installer options: --no-channel-add --darwin-use-unencrypted-nix-store-volume --nix-extra-conf-file /tmp/tmp.cSdvyYkf6O/nix.conf --daemon --daemon-user-count 8
2026-02-25T03:50:41.2594914Z * Host releases.nixos.org:443 was resolved.
2026-02-25T03:50:41.2600834Z * IPv6: 2a04:4e42:83::347
2026-02-25T03:50:41.2601868Z * IPv4: 146.75.77.91
2026-02-25T03:50:41.2602786Z *   Trying 146.75.77.91:443...
2026-02-25T03:50:41.2609229Z * Connected to releases.nixos.org (146.75.77.91) port 443
2026-02-25T03:50:41.2622943Z * ALPN: curl offers h2,http/1.1
2026-02-25T03:50:41.2624602Z } [5 bytes data]
2026-02-25T03:50:41.2625794Z * TLSv1.3 (OUT), TLS handshake, Client hello (1):
2026-02-25T03:50:41.2626825Z } [512 bytes data]
2026-02-25T03:50:41.2841420Z *  CAfile: /etc/ssl/certs/ca-certificates.crt
2026-02-25T03:50:41.2843574Z *  CApath: /etc/ssl/certs
2026-02-25T03:50:41.2845264Z { [5 bytes data]
2026-02-25T03:50:41.2846730Z * TLSv1.3 (IN), TLS handshake, Server hello (2):
2026-02-25T03:50:41.2847984Z { [122 bytes data]
2026-02-25T03:50:41.2850032Z * TLSv1.3 (IN), TLS handshake, Encrypted Extensions (8):
2026-02-25T03:50:41.2852232Z { [19 bytes data]
2026-02-25T03:50:41.2853844Z * TLSv1.3 (IN), TLS handshake, Certificate (11):
2026-02-25T03:50:41.2855850Z { [2602 bytes data]
2026-02-25T03:50:41.2857199Z * TLSv1.3 (IN), TLS handshake, CERT verify (15):
2026-02-25T03:50:41.2858309Z { [264 bytes data]
2026-02-25T03:50:41.2859090Z * TLSv1.3 (IN), TLS handshake, Finished (20):
2026-02-25T03:50:41.2860201Z { [36 bytes data]
2026-02-25T03:50:41.2861084Z * TLSv1.3 (OUT), TLS change cipher, Change cipher spec (1):
2026-02-25T03:50:41.2862166Z } [1 bytes data]
2026-02-25T03:50:41.2862944Z * TLSv1.3 (OUT), TLS handshake, Finished (20):
2026-02-25T03:50:41.2863909Z } [36 bytes data]
2026-02-25T03:50:41.2864983Z * SSL connection using TLSv1.3 / TLS_AES_128_GCM_SHA256 / X25519 / RSASSA-PSS
2026-02-25T03:50:41.2866283Z * ALPN: server accepted h2
2026-02-25T03:50:41.2867072Z * Server certificate:
2026-02-25T03:50:41.2867843Z *  subject: CN=releases.nixos.org
2026-02-25T03:50:41.2868737Z *  start date: Jan 13 01:58:01 2026 GMT
2026-02-25T03:50:41.2870264Z *  expire date: Apr 13 01:58:00 2026 GMT
2026-02-25T03:50:41.2872477Z *  subjectAltName: host "releases.nixos.org" matched cert's "releases.nixos.org"
2026-02-25T03:50:41.2873891Z *  issuer: C=US; O=Let's Encrypt; CN=R12
2026-02-25T03:50:41.2874830Z *  SSL certificate verify ok.
2026-02-25T03:50:41.2876301Z *   Certificate level 0: Public key type RSA (2048/112 Bits/secBits), signed using sha256WithRSAEncryption
2026-02-25T03:50:41.2878531Z *   Certificate level 1: Public key type RSA (2048/112 Bits/secBits), signed using sha256WithRSAEncryption
2026-02-25T03:50:41.2881130Z *   Certificate level 2: Public key type RSA (4096/152 Bits/secBits), signed using sha256WithRSAEncryption
2026-02-25T03:50:41.2882713Z { [5 bytes data]
2026-02-25T03:50:41.2883541Z * TLSv1.3 (IN), TLS handshake, Newsession Ticket (4):
2026-02-25T03:50:41.2884553Z { [201 bytes data]
2026-02-25T03:50:41.2885229Z * using HTTP/2
2026-02-25T03:50:41.2886339Z * [HTTP/2] [1] OPENED stream for https://releases.nixos.org/nix/nix-2.19.2/install
2026-02-25T03:50:41.2887706Z * [HTTP/2] [1] [:method: GET]
2026-02-25T03:50:41.2889027Z * [HTTP/2] [1] [:scheme: https]
2026-02-25T03:50:41.2890500Z * [HTTP/2] [1] [:authority: releases.nixos.org]
2026-02-25T03:50:41.2891554Z * [HTTP/2] [1] [:path: /nix/nix-2.19.2/install]
2026-02-25T03:50:41.2892540Z * [HTTP/2] [1] [user-agent: curl/8.5.0]
2026-02-25T03:50:41.2893436Z * [HTTP/2] [1] [accept: */*]
2026-02-25T03:50:41.2894213Z } [5 bytes data]
2026-02-25T03:50:41.2894929Z > GET /nix/nix-2.19.2/install HTTP/2
2026-02-25T03:50:41.2895834Z > Host: releases.nixos.org
2026-02-25T03:50:41.2896625Z > User-Agent: curl/8.5.0
2026-02-25T03:50:41.2897393Z > Accept: */*
2026-02-25T03:50:41.2898024Z > 
2026-02-25T03:50:41.2898661Z { [5 bytes data]
2026-02-25T03:50:41.2899315Z < HTTP/2 200 
2026-02-25T03:50:41.2900309Z < last-modified: Wed, 29 Nov 2023 16:16:25 GMT
2026-02-25T03:50:41.2901317Z < etag: "65029e6468c72d36dcb083ab91c4a430"
2026-02-25T03:50:41.2902304Z < x-amz-server-side-encryption: AES256
2026-02-25T03:50:41.2903245Z < content-type: text/plain
2026-02-25T03:50:41.2904018Z < server: AmazonS3
2026-02-25T03:50:41.2905062Z < via: 1.1 varnish, 1.1 varnish
2026-02-25T03:50:41.2906539Z < access-control-allow-origin: *
2026-02-25T03:50:41.2907884Z < accept-ranges: bytes
2026-02-25T03:50:41.2908616Z < age: 73912
2026-02-25T03:50:41.2909302Z < date: Wed, 25 Feb 2026 03:50:41 GMT
2026-02-25T03:50:41.2910605Z < x-served-by: cache-dub4395-DUB, cache-chi-kigq8000059-CHI
2026-02-25T03:50:41.2911724Z < x-cache: HIT, HIT
2026-02-25T03:50:41.2912429Z < x-cache-hits: 985, 0
2026-02-25T03:50:41.2913169Z < content-length: 4052
2026-02-25T03:50:41.2913902Z < 
2026-02-25T03:50:41.2914495Z { [5 bytes data]
2026-02-25T03:50:41.2915331Z * Connection #0 to host releases.nixos.org left intact
2026-02-25T03:50:41.2957332Z downloading Nix 2.19.2 binary tarball for x86_64-linux from 'https://releases.nixos.org/nix/nix-2.19.2/nix-2.19.2-x86_64-linux.tar.xz' to '/tmp/nix-binary-tarball-unpack.kM7HbKJd5Q'...
2026-02-25T03:50:41.3000967Z   % Total    % Received % Xferd  Average Speed   Time    Time     Time  Current
2026-02-25T03:50:41.3003021Z                                  Dload  Upload   Total   Spent    Left  Speed
2026-02-25T03:50:41.3004394Z 
2026-02-25T03:50:41.3745726Z   0     0    0     0    0     0      0      0 --:--:-- --:--:-- --:--:--     0
2026-02-25T03:50:41.3747691Z 100 20.6M  100 20.6M    0     0   277M      0 --:--:-- --:--:-- --:--:--  279M
2026-02-25T03:50:42.9277798Z Note: a multi-user installation is possible. See https://nixos.org/manual/nix/stable/installation/installing-binary.html#multi-user-installation
2026-02-25T03:50:42.9286792Z Warning: the flag --darwin-use-unencrypted-nix-store-volume
2026-02-25T03:50:42.9287646Z          is no longer needed and will be removed in the future.
2026-02-25T03:50:42.9288041Z 
2026-02-25T03:50:42.9297423Z [1;31mSwitching to the Multi-user Installer[0m
2026-02-25T03:50:42.9393652Z [32mWelcome to the Multi-User Nix Installation
2026-02-25T03:50:42.9403371Z [0m
2026-02-25T03:50:42.9403968Z This installation tool will set up your computer with the Nix package
2026-02-25T03:50:42.9404780Z manager. This will happen in a few stages:
2026-02-25T03:50:42.9405218Z 
2026-02-25T03:50:42.9405615Z 1. Make sure your computer doesn't already have Nix. If it does, I
2026-02-25T03:50:42.9406564Z    will show you instructions on how to clean up your old install.
2026-02-25T03:50:42.9407127Z 
2026-02-25T03:50:42.9407458Z 2. Show you what I am going to install and where. Then I will ask
2026-02-25T03:50:42.9408142Z    if you are ready to continue.
2026-02-25T03:50:42.9408536Z 
2026-02-25T03:50:42.9409630Z 3. Create the system users [34m(uids [30001..30008])[0m and groups [34m(gid 30000)[0m
2026-02-25T03:50:42.9410508Z    that the Nix daemon uses to run builds.
2026-02-25T03:50:42.9410916Z 
2026-02-25T03:50:42.9411396Z 4. Perform the basic installation of the Nix files daemon.
2026-02-25T03:50:42.9411722Z 
2026-02-25T03:50:42.9411951Z 5. Configure your shell to import special Nix Profile files, so you
2026-02-25T03:50:42.9412378Z    can use Nix.
2026-02-25T03:50:42.9412524Z 
2026-02-25T03:50:42.9412630Z 6. Start the Nix daemon.
2026-02-25T03:50:42.9412800Z 
2026-02-25T03:50:42.9413146Z [32m[4;32mWould you like to see a more detailed list of what I will do?
2026-02-25T03:50:42.9413658Z [0mNo TTY, assuming you would say yes :)
2026-02-25T03:50:42.9418833Z 
2026-02-25T03:50:42.9419287Z I will:
2026-02-25T03:50:42.9419882Z 
2026-02-25T03:50:42.9420140Z  - make sure your computer doesn't already have Nix files
2026-02-25T03:50:42.9420737Z    (if it does, I will tell you how to clean them up.)
2026-02-25T03:50:42.9421420Z  - create local users (see the list above for the users I'll make)
2026-02-25T03:50:42.9421991Z  - create a local group (nixbld)
2026-02-25T03:50:42.9422403Z  - install Nix in to /nix
2026-02-25T03:50:42.9422723Z  - create a configuration file in /etc/nix
2026-02-25T03:50:42.9423099Z  - set up the "default profile" by creating some Nix-related files in
2026-02-25T03:50:42.9423455Z    /root
2026-02-25T03:50:42.9442466Z  - back up /etc/bash.bashrc to /etc/bash.bashrc.backup-before-nix
2026-02-25T03:50:42.9443452Z  - update /etc/bash.bashrc to include some Nix configuration
2026-02-25T03:50:42.9454139Z  - load and start a service (at /etc/systemd/system/nix-daemon.service
2026-02-25T03:50:42.9454970Z    and /etc/systemd/system/nix-daemon.socket) for nix-daemon
2026-02-25T03:50:42.9455324Z 
2026-02-25T03:50:42.9457778Z [32m[4;32mReady to continue?
2026-02-25T03:50:42.9458528Z [0mNo TTY, assuming you would say yes :)
2026-02-25T03:50:42.9478174Z 
2026-02-25T03:50:42.9478932Z [34m---- let's talk about sudo -----------------------------------------------------
2026-02-25T03:50:42.9488915Z [0mThis script is going to call sudo a lot. Normally, it would show you
2026-02-25T03:50:42.9490032Z exactly what commands it is running and why. However, the script is
2026-02-25T03:50:42.9490997Z run in a headless fashion, like this:
2026-02-25T03:50:42.9491317Z 
2026-02-25T03:50:42.9491541Z   $ curl -L https://nixos.org/nix/install | sh
2026-02-25T03:50:42.9491909Z 
2026-02-25T03:50:42.9492206Z or maybe in a CI pipeline. Because of that, I'm going to skip the
2026-02-25T03:50:42.9492825Z verbose output in the interest of brevity.
2026-02-25T03:50:42.9493158Z 
2026-02-25T03:50:42.9493306Z If you would like to
2026-02-25T03:50:42.9493672Z see the output, try like this:
2026-02-25T03:50:42.9493944Z 
2026-02-25T03:50:42.9494204Z   $ curl -L -o install-nix https://nixos.org/nix/install
2026-02-25T03:50:42.9494781Z   $ sh ./install-nix
2026-02-25T03:50:42.9494990Z 
2026-02-25T03:50:42.9495025Z 
2026-02-25T03:50:42.9495398Z [32m~~> Checking for artifacts of previous installs
2026-02-25T03:50:42.9502052Z [0mBefore I try to install, I'll check for signs Nix already is or has
2026-02-25T03:50:42.9502646Z been installed on this system.
2026-02-25T03:50:42.9534444Z 
2026-02-25T03:50:42.9535038Z [34m---- Nix config report ---------------------------------------------------------
2026-02-25T03:50:42.9535966Z [0m[1m        Temp Dir[0m:	/tmp/tmp.8aBulselEk
2026-02-25T03:50:42.9536504Z [1m        Nix Root[0m:	/nix
2026-02-25T03:50:42.9536923Z [1m     Build Users[0m:	8
2026-02-25T03:50:42.9537347Z [1m  Build Group ID[0m:	30000
2026-02-25T03:50:42.9537795Z [1mBuild Group Name[0m:	nixbld
2026-02-25T03:50:42.9538062Z 
2026-02-25T03:50:42.9538229Z [4;34mbuild users:
2026-02-25T03:50:42.9538597Z [0m[1m    Username[0m:	UID
2026-02-25T03:50:42.9572440Z [1m     nixbld1[0m:	30001
2026-02-25T03:50:42.9582234Z [1m     nixbld2[0m:	30002
2026-02-25T03:50:42.9591998Z [1m     nixbld3[0m:	30003
2026-02-25T03:50:42.9602052Z [1m     nixbld4[0m:	30004
2026-02-25T03:50:42.9611525Z [1m     nixbld5[0m:	30005
2026-02-25T03:50:42.9621222Z [1m     nixbld6[0m:	30006
2026-02-25T03:50:42.9630957Z [1m     nixbld7[0m:	30007
2026-02-25T03:50:42.9640646Z [1m     nixbld8[0m:	30008
2026-02-25T03:50:42.9640913Z 
2026-02-25T03:50:42.9641137Z [32m[4;32mReady to continue?
2026-02-25T03:50:42.9641620Z [0mNo TTY, assuming you would say yes :)
2026-02-25T03:50:42.9641944Z 
2026-02-25T03:50:42.9642339Z [32m~~> Setting up the build group nixbld
2026-02-25T03:50:42.9887456Z [0m[1m            Created[0m:	Yes
2026-02-25T03:50:42.9909917Z 
2026-02-25T03:50:42.9910659Z [32m~~> Setting up the build user nixbld1
2026-02-25T03:50:43.0086439Z useradd warning: nixbld1's uid 30001 is greater than SYS_UID_MAX 999
2026-02-25T03:50:43.0192054Z [0m[1m           Created[0m:	Yes
2026-02-25T03:50:43.0197042Z [1m            Hidden[0m:	Yes
2026-02-25T03:50:43.0214463Z [1m    Home Directory[0m:	/var/empty
2026-02-25T03:50:43.0234129Z [1m              Note[0m:	Nix build user 1
2026-02-25T03:50:43.0251448Z [1m   Logins Disabled[0m:	Yes
2026-02-25T03:50:43.0280413Z [1m  Member of nixbld[0m:	Yes
2026-02-25T03:50:43.0298268Z [1m    PrimaryGroupID[0m:	30000
2026-02-25T03:50:43.0308544Z 
2026-02-25T03:50:43.0308994Z [32m~~> Setting up the build user nixbld2
2026-02-25T03:50:43.0437629Z useradd warning: nixbld2's uid 30002 is greater than SYS_UID_MAX 999
2026-02-25T03:50:43.0534066Z [0m[1m           Created[0m:	Yes
2026-02-25T03:50:43.0539181Z [1m            Hidden[0m:	Yes
2026-02-25T03:50:43.0556799Z [1m    Home Directory[0m:	/var/empty
2026-02-25T03:50:43.0576810Z [1m              Note[0m:	Nix build user 2
2026-02-25T03:50:43.0594776Z [1m   Logins Disabled[0m:	Yes
2026-02-25T03:50:43.0613337Z [1m  Member of nixbld[0m:	Yes
2026-02-25T03:50:43.0631420Z [1m    PrimaryGroupID[0m:	30000
2026-02-25T03:50:43.0641912Z 
2026-02-25T03:50:43.0642359Z [32m~~> Setting up the build user nixbld3
2026-02-25T03:50:43.0771700Z useradd warning: nixbld3's uid 30003 is greater than SYS_UID_MAX 999
2026-02-25T03:50:43.0866039Z [0m[1m           Created[0m:	Yes
2026-02-25T03:50:43.0871377Z [1m            Hidden[0m:	Yes
2026-02-25T03:50:43.0888939Z [1m    Home Directory[0m:	/var/empty
2026-02-25T03:50:43.0908516Z [1m              Note[0m:	Nix build user 3
2026-02-25T03:50:43.0926109Z [1m   Logins Disabled[0m:	Yes
2026-02-25T03:50:43.0944910Z [1m  Member of nixbld[0m:	Yes
2026-02-25T03:50:43.0962619Z [1m    PrimaryGroupID[0m:	30000
2026-02-25T03:50:43.0973186Z 
2026-02-25T03:50:43.0973616Z [32m~~> Setting up the build user nixbld4
2026-02-25T03:50:43.1099126Z useradd warning: nixbld4's uid 30004 is greater than SYS_UID_MAX 999
2026-02-25T03:50:43.1193188Z [0m[1m           Created[0m:	Yes
2026-02-25T03:50:43.1198278Z [1m            Hidden[0m:	Yes
2026-02-25T03:50:43.1216097Z [1m    Home Directory[0m:	/var/empty
2026-02-25T03:50:43.1235831Z [1m              Note[0m:	Nix build user 4
2026-02-25T03:50:43.1253106Z [1m   Logins Disabled[0m:	Yes
2026-02-25T03:50:43.1271370Z [1m  Member of nixbld[0m:	Yes
2026-02-25T03:50:43.1289238Z [1m    PrimaryGroupID[0m:	30000
2026-02-25T03:50:43.1300090Z 
2026-02-25T03:50:43.1300559Z [32m~~> Setting up the build user nixbld5
2026-02-25T03:50:43.1423344Z useradd warning: nixbld5's uid 30005 is greater than SYS_UID_MAX 999
2026-02-25T03:50:43.1517346Z [0m[1m           Created[0m:	Yes
2026-02-25T03:50:43.1523324Z [1m            Hidden[0m:	Yes
2026-02-25T03:50:43.1545451Z [1m    Home Directory[0m:	/var/empty
2026-02-25T03:50:43.1568568Z [1m              Note[0m:	Nix build user 5
2026-02-25T03:50:43.1591213Z [1m   Logins Disabled[0m:	Yes
2026-02-25T03:50:43.1613667Z [1m  Member of nixbld[0m:	Yes
2026-02-25T03:50:43.1635624Z [1m    PrimaryGroupID[0m:	30000
2026-02-25T03:50:43.1646584Z 
2026-02-25T03:50:43.1646992Z [32m~~> Setting up the build user nixbld6
2026-02-25T03:50:43.1773060Z useradd warning: nixbld6's uid 30006 is greater than SYS_UID_MAX 999
2026-02-25T03:50:43.1872510Z [0m[1m           Created[0m:	Yes
2026-02-25T03:50:43.1878225Z [1m            Hidden[0m:	Yes
2026-02-25T03:50:43.1900104Z [1m    Home Directory[0m:	/var/empty
2026-02-25T03:50:43.1921154Z [1m              Note[0m:	Nix build user 6
2026-02-25T03:50:43.1942260Z [1m   Logins Disabled[0m:	Yes
2026-02-25T03:50:43.1963335Z [1m  Member of nixbld[0m:	Yes
2026-02-25T03:50:43.1985284Z [1m    PrimaryGroupID[0m:	30000
2026-02-25T03:50:43.1996100Z 
2026-02-25T03:50:43.1996516Z [32m~~> Setting up the build user nixbld7
2026-02-25T03:50:43.2127010Z useradd warning: nixbld7's uid 30007 is greater than SYS_UID_MAX 999
2026-02-25T03:50:43.2228169Z [0m[1m           Created[0m:	Yes
2026-02-25T03:50:43.2234027Z [1m            Hidden[0m:	Yes
2026-02-25T03:50:43.2256465Z [1m    Home Directory[0m:	/var/empty
2026-02-25T03:50:43.2277375Z [1m              Note[0m:	Nix build user 7
2026-02-25T03:50:43.2296511Z [1m   Logins Disabled[0m:	Yes
2026-02-25T03:50:43.2315134Z [1m  Member of nixbld[0m:	Yes
2026-02-25T03:50:43.2332738Z [1m    PrimaryGroupID[0m:	30000
2026-02-25T03:50:43.2343441Z 
2026-02-25T03:50:43.2343726Z [32m~~> Setting up the build user nixbld8
2026-02-25T03:50:43.2465487Z useradd warning: nixbld8's uid 30008 is greater than SYS_UID_MAX 999
2026-02-25T03:50:43.2560686Z [0m[1m           Created[0m:	Yes
2026-02-25T03:50:43.2565850Z [1m            Hidden[0m:	Yes
2026-02-25T03:50:43.2583450Z [1m    Home Directory[0m:	/var/empty
2026-02-25T03:50:43.2603332Z [1m              Note[0m:	Nix build user 8
2026-02-25T03:50:43.2620902Z [1m   Logins Disabled[0m:	Yes
2026-02-25T03:50:43.2638863Z [1m  Member of nixbld[0m:	Yes
2026-02-25T03:50:43.2656857Z [1m    PrimaryGroupID[0m:	30000
2026-02-25T03:50:43.2657177Z 
2026-02-25T03:50:43.2657709Z [32m~~> Setting up the basic directory structure
2026-02-25T03:50:43.2736223Z [0minstall: creating directory '/nix'
2026-02-25T03:50:43.2736715Z install: creating directory '/nix/var'
2026-02-25T03:50:43.2737076Z install: creating directory '/nix/var/log'
2026-02-25T03:50:43.2737590Z install: creating directory '/nix/var/log/nix'
2026-02-25T03:50:43.2738144Z install: creating directory '/nix/var/log/nix/drvs'
2026-02-25T03:50:43.2738711Z install: creating directory '/nix/var/nix'
2026-02-25T03:50:43.2739208Z install: creating directory '/nix/var/nix/db'
2026-02-25T03:50:43.2740230Z install: creating directory '/nix/var/nix/gcroots'
2026-02-25T03:50:43.2740797Z install: creating directory '/nix/var/nix/profiles'
2026-02-25T03:50:43.2741432Z install: creating directory '/nix/var/nix/temproots'
2026-02-25T03:50:43.2741988Z install: creating directory '/nix/var/nix/userpool'
2026-02-25T03:50:43.2742581Z install: creating directory '/nix/var/nix/daemon-socket'
2026-02-25T03:50:43.2743225Z install: creating directory '/nix/var/nix/gcroots/per-user'
2026-02-25T03:50:43.2743883Z install: creating directory '/nix/var/nix/profiles/per-user'
2026-02-25T03:50:43.2811260Z install: creating directory '/nix/store'
2026-02-25T03:50:43.2883076Z install: creating directory '/etc/nix'
2026-02-25T03:50:43.2892986Z 
2026-02-25T03:50:43.2893482Z [32m~~> Installing Nix
2026-02-25T03:50:43.4749181Z [0m      Alright! We have our first nix at /nix/store/smfmnz0ylx80wkbqbjibj7zcw4q668xp-nix-2.19.2
2026-02-25T03:50:43.5140150Z       Just finished getting the nix database ready.
2026-02-25T03:50:43.5143305Z 
2026-02-25T03:50:43.5144638Z [32m~~> Setting up shell profiles: /etc/bashrc /etc/profile.d/nix.sh /etc/zshrc /etc/bash.bashrc /etc/zsh/zshrc
2026-02-25T03:50:43.5293723Z [0m
2026-02-25T03:50:43.5294082Z # Nix
2026-02-25T03:50:43.5294669Z if [ -e '/nix/var/nix/profiles/default/etc/profile.d/nix-daemon.sh' ]; then
2026-02-25T03:50:43.5295287Z   . '/nix/var/nix/profiles/default/etc/profile.d/nix-daemon.sh'
2026-02-25T03:50:43.5295668Z fi
2026-02-25T03:50:43.5295926Z # End Nix
2026-02-25T03:50:43.5296116Z 
2026-02-25T03:50:43.5448972Z 
2026-02-25T03:50:43.5449131Z # Nix
2026-02-25T03:50:43.5449856Z if [ -e '/nix/var/nix/profiles/default/etc/profile.d/nix-daemon.sh' ]; then
2026-02-25T03:50:43.5450718Z   . '/nix/var/nix/profiles/default/etc/profile.d/nix-daemon.sh'
2026-02-25T03:50:43.5451154Z fi
2026-02-25T03:50:43.5451436Z # End Nix
2026-02-25T03:50:43.5451619Z 
2026-02-25T03:50:43.5602929Z 
2026-02-25T03:50:43.5603235Z # Nix
2026-02-25T03:50:43.5603598Z if [ -e '/nix/var/nix/profiles/default/etc/profile.d/nix-daemon.sh' ]; then
2026-02-25T03:50:43.5604224Z   . '/nix/var/nix/profiles/default/etc/profile.d/nix-daemon.sh'
2026-02-25T03:50:43.5604775Z fi
2026-02-25T03:50:43.5605050Z # End Nix
2026-02-25T03:50:43.5605224Z 
2026-02-25T03:50:43.5754180Z 
2026-02-25T03:50:43.5754331Z # Nix
2026-02-25T03:50:43.5754876Z if [ -e '/nix/var/nix/profiles/default/etc/profile.d/nix-daemon.sh' ]; then
2026-02-25T03:50:43.5755647Z   . '/nix/var/nix/profiles/default/etc/profile.d/nix-daemon.sh'
2026-02-25T03:50:43.5756172Z fi
2026-02-25T03:50:43.5756420Z # End Nix
2026-02-25T03:50:43.5756588Z 
2026-02-25T03:50:43.5778954Z 
2026-02-25T03:50:43.5780270Z [32m~~> Setting up shell profiles for Fish with conf.d/nix.fish inside /etc/fish /usr/local/etc/fish /opt/homebrew/etc/fish /opt/local/etc/fish
2026-02-25T03:50:43.5898363Z [0m
2026-02-25T03:50:43.5898882Z [32m~~> Setting up the default profile
2026-02-25T03:50:43.6166315Z installing 'nix-2.19.2'
2026-02-25T03:50:43.6285994Z building '/nix/store/g8k2ay0cs99bzfzdrgl98j8rybjjki98-user-environment.drv'...
2026-02-25T03:50:43.6638742Z installing 'nss-cacert-3.92'
2026-02-25T03:50:43.6754406Z building '/nix/store/yyad8x4mww9vi0njnc0mw4ii4fcslyhc-user-environment.drv'...
2026-02-25T03:50:43.6936957Z [0m
2026-02-25T03:50:43.6937449Z [32m~~> Setting up the nix-daemon systemd service
2026-02-25T03:50:43.7192659Z Created symlink /etc/systemd/system/nix-daemon.service → /nix/var/nix/profiles/default/lib/systemd/system/nix-daemon.service.
2026-02-25T03:50:43.9790181Z Created symlink /etc/systemd/system/nix-daemon.socket → /nix/var/nix/profiles/default/lib/systemd/system/nix-daemon.socket.
2026-02-25T03:50:43.9792167Z Created symlink /etc/systemd/system/sockets.target.wants/nix-daemon.socket → /nix/var/nix/profiles/default/lib/systemd/system/nix-daemon.socket.
2026-02-25T03:50:44.5237171Z [0m[32mAlright! We're done!
2026-02-25T03:50:44.5259601Z [0mTry it! Open a new terminal, and type:
2026-02-25T03:50:44.5260012Z 
2026-02-25T03:50:44.5260408Z   $ nix-shell -p nix-info --run "nix-info -m"
2026-02-25T03:50:44.5261084Z 
2026-02-25T03:50:44.5261403Z Thank you for using this installer. If you have any feedback or need
2026-02-25T03:50:44.5261989Z help, don't hesitate:
2026-02-25T03:50:44.5262225Z 
2026-02-25T03:50:44.5262367Z You can open an issue at
2026-02-25T03:50:44.5263008Z https://github.com/NixOS/nix/issues/new?labels=installer&template=installer.md
2026-02-25T03:50:44.5263559Z 
2026-02-25T03:50:44.5263827Z Or get in touch with the community: https://nixos.org/community
2026-02-25T03:50:44.5280554Z 
2026-02-25T03:50:44.5282359Z [34m---- Reminders -----------------------------------------------------------------
2026-02-25T03:50:44.5283058Z [0m[34m[ 1 ][0m
2026-02-25T03:50:44.5283537Z Nix won't work in active shell sessions until you restart them.
2026-02-25T03:50:44.5283982Z 
2026-02-25T03:50:44.5938461Z ##[endgroup]
2026-02-25T03:50:44.6045013Z ##[group]Run cachix/cachix-action@v14
2026-02-25T03:50:44.6045278Z with:
2026-02-25T03:50:44.6045468Z   name: moergo-glove80-zmk-dev
2026-02-25T03:50:44.6045701Z   skipPush: true
2026-02-25T03:50:44.6045889Z   useDaemon: true
2026-02-25T03:50:44.6046066Z env:
2026-02-25T03:50:44.6046241Z   NIX_PATH: nixpkgs=channel:nixos-22.05
2026-02-25T03:50:44.6046499Z   TMPDIR: /home/runner/work/_temp
2026-02-25T03:50:44.6046721Z ##[endgroup]
2026-02-25T03:50:44.6488039Z ##[group]Cachix: installing
2026-02-25T03:50:44.6529962Z [command]/usr/bin/bash -c nix-env --quiet -j8 -iA cachix -f https://cachix.org/api/v1/install
2026-02-25T03:50:47.0336463Z ##[endgroup]
2026-02-25T03:50:47.0339744Z ##[group]Cachix: checking version
2026-02-25T03:50:47.0348360Z [command]/home/runner/.nix-profile/bin/cachix --version
2026-02-25T03:50:47.0727850Z cachix 1.10.1
2026-02-25T03:50:47.0768560Z ##[endgroup]
2026-02-25T03:50:47.0769314Z ##[group]Cachix: using cache moergo-glove80-zmk-dev
2026-02-25T03:50:47.0770989Z [command]/home/runner/.nix-profile/bin/cachix use moergo-glove80-zmk-dev
2026-02-25T03:50:47.2652114Z No config at /home/runner/.config/nix/nix.conf:
2026-02-25T03:50:47.2652601Z 
2026-02-25T03:50:47.2653098Z /home/runner/.config/nix/nix.conf: openFile: does not exist (No such file or directory)
2026-02-25T03:50:47.2653785Z 
2026-02-25T03:50:47.2655364Z Configured https://moergo-glove80-zmk-dev.cachix.org binary cache in /home/runner/.config/nix/nix.conf
2026-02-25T03:50:47.2741380Z ##[endgroup]
2026-02-25T03:50:47.3074197Z ##[warning]No push credentials found. Ignoring the 'useDaemon' option.
2026-02-25T03:50:47.3083959Z [command]/usr/bin/sh -c /home/runner/work/_actions/cachix/cachix-action/v14/dist/main/list-nix-store.sh > /tmp/store-path-pre-build
2026-02-25T03:50:47.3188328Z ##[group]Run nix-build build/go60.nix --arg firmware 'import ./src {}' -o result-go60
2026-02-25T03:50:47.3188910Z [36;1mnix-build build/go60.nix --arg firmware 'import ./src {}' -o result-go60[0m
2026-02-25T03:50:47.3222906Z shell: /usr/bin/bash -e {0}
2026-02-25T03:50:47.3223159Z env:
2026-02-25T03:50:47.3223374Z   NIX_PATH: nixpkgs=channel:nixos-22.05
2026-02-25T03:50:47.3223663Z   TMPDIR: /home/runner/work/_temp
2026-02-25T03:50:47.3223930Z ##[endgroup]
2026-02-25T03:51:05.1862490Z these 5 derivations will be built:
2026-02-25T03:51:05.1866993Z   /nix/store/ryf981zc9kshrrgm5c5dphnw879gn09m-builder.pl.drv
2026-02-25T03:51:05.1868039Z   /nix/store/14s41r3aqgw7vrl845jxarjcx3ivgvc4-python3-3.12.7-env.drv
2026-02-25T03:51:05.1868807Z   /nix/store/7y788gnb28his7brpgxvrg2b146dzs69-zmk_go60_rh.drv
2026-02-25T03:51:05.1869654Z   /nix/store/qq6xc0qlkhm50p3z7fi157ax9dcswp8g-zmk_go60_lh.drv
2026-02-25T03:51:05.1870572Z   /nix/store/68miqjwjrx42nxx467p0bsg263g54i93-combined_zmk_go60_lh_zmk_go60_rh.drv
2026-02-25T03:51:05.1871489Z these 156 paths will be fetched (458.96 MiB download, 2284.78 MiB unpacked):
2026-02-25T03:51:05.1872338Z   /nix/store/nrl5m466dwdscvavf1nqzdnqhszjyy9n-acl-2.3.2
2026-02-25T03:51:05.1872981Z   /nix/store/nmq6s9l9zlym3qjx76zzrqbp05a63y90-attr-2.5.2
2026-02-25T03:51:05.1873640Z   /nix/store/p6k7xp1lsfmbdd731mlglrdj2d66mr82-bash-5.2p37
2026-02-25T03:51:05.1874342Z   /nix/store/bwkb907myixfzzykp21m9iczkhrq5pfy-binutils-2.43.1
2026-02-25T03:51:05.1875426Z   /nix/store/2qssg7pjgadwmqns6jm3qlr5bbdl4dcr-binutils-2.43.1-lib
2026-02-25T03:51:05.1876282Z   /nix/store/x9as7x6f7cdgcskvvn3yp02m662krr7y-binutils-wrapper-2.43.1
2026-02-25T03:51:05.1877192Z   /nix/store/2vgwd43vqxm66grkgsy7z1d87z31nzph-brotli-1.1.0-lib
2026-02-25T03:51:05.1878049Z   /nix/store/hl3iw85v12gh9mwgvr9yfgjgy0rk81hb-bzip2-1.0.8
2026-02-25T03:51:05.1878788Z   /nix/store/vqjygx23hkim1kpidik5xcs9whayf3sr-bzip2-1.0.8-bin
2026-02-25T03:51:05.1879664Z   /nix/store/9l20xx4bw18qgkicjcrsfx7vfykp9m8h-cairo-1.18.2
2026-02-25T03:51:05.1880300Z   /nix/store/3581iwklzqcg4iyhlyqqrj7yvvm0pykl-cirque-input-module
2026-02-25T03:51:05.1880851Z   /nix/store/4k2h9qsps52n1v56zq03yi67dwmxa81i-cmake-3.30.5
2026-02-25T03:51:05.1881434Z   /nix/store/azxckjbc4f70yliac1x35z5awbzf9jzj-cmsis
2026-02-25T03:51:05.1881948Z   /nix/store/b1wvkjx96i3s7wblz38ya0zr8i93zbc5-coreutils-9.5
2026-02-25T03:51:05.1882551Z   /nix/store/ps0zg8jx995br0s7k353qhal1ma3nnbd-curl-8.11.0
2026-02-25T03:51:05.1883094Z   /nix/store/zr9c15gg53zsbyc54fsrlwh3r8kmhfyy-dav1d-1.5.0
2026-02-25T03:51:05.1883626Z   /nix/store/n19lfs7ix2g9kdh6cf2pfaylbcwjay71-dav1d-1.5.0-dev
2026-02-25T03:51:05.1884423Z   /nix/store/hbrcibdl494a5w3dypy7095dckalzlqa-dejavu-fonts-minimal-2.37
2026-02-25T03:51:05.1885190Z   /nix/store/85sj9hb9phy4fh3q4fmc1vm9vz27z1lg-die-hook
2026-02-25T03:51:05.1885839Z   /nix/store/cxwsmlr3xh1ml4r0kgdjrknw7504b9f8-diffutils-3.10
2026-02-25T03:51:05.1886521Z   /nix/store/2nvmq98zj69i1af1ksh6m08hvfdkjv1z-dtc-1.7.2
2026-02-25T03:51:05.1887141Z   /nix/store/k5x874vwcaxlan1cw248lwqr4l4v7hyk-ed-1.20.2
2026-02-25T03:51:05.1887878Z   /nix/store/ka4sync4bccr9mz2ys0dbqjn24hp8v57-expand-response-params
2026-02-25T03:51:05.1888632Z   /nix/store/8sgvk9wjq9vfz5irkl4436yhpfr10njq-expat-2.6.4
2026-02-25T03:51:05.1889242Z   /nix/store/g4lksqp6l8qiab4a0as21s6556xh4gyp-file-5.45
2026-02-25T03:51:05.1890273Z   /nix/store/w8pnfazxqwmrqmwkb5zrz1bifsd8abxl-findutils-4.10.0
2026-02-25T03:51:05.1891040Z   /nix/store/ziqnk17xikg73dfrwnyi2jd593xlxza9-fontconfig-2.15.0
2026-02-25T03:51:05.1891826Z   /nix/store/jfyibphs7pv1izw879lrmr0pp1x3llb8-fontconfig-2.15.0-lib
2026-02-25T03:51:05.1892606Z   /nix/store/waj425c88y21wccgk9zpyi3q48xq0sgk-freetype-2.13.3
2026-02-25T03:51:05.1893333Z   /nix/store/37azjaxs8cwqbmb0fywl8fa6n2x8bgwq-fribidi-1.0.16
2026-02-25T03:51:05.1894012Z   /nix/store/nnin69nrnrrmnv2scbwyfkgh1rf51gh1-gawk-5.3.1
2026-02-25T03:51:05.1894639Z   /nix/store/4krab2h0hd4wvxxmscxrw21pl77j4i7j-gcc-13.3.0
2026-02-25T03:51:05.1895578Z   /nix/store/ybjcla5bhj8g1y84998pn4a2drfxybkv-gcc-13.3.0-lib
2026-02-25T03:51:05.1896318Z   /nix/store/j8rzqx7farv0w3isp9z943zy437zk02f-gcc-13.3.0-libgcc
2026-02-25T03:51:05.1897144Z   /nix/store/mczmw3rln2jm6nm080dapyjpj3833rg9-gcc-arm-embedded-12.3.rel1
2026-02-25T03:51:05.1897994Z   /nix/store/4apajimszc47rxwcpvc3g3rj2icinl71-gcc-wrapper-13.3.0
2026-02-25T03:51:05.1898703Z   /nix/store/ascb2b0zncwlavz03zcj358p1i79hp64-gd-2.3.3
2026-02-25T03:51:05.1899239Z   /nix/store/hq7m89gp4kafmj8rr0f5sy2qyl7jq479-gdbm-1.24-lib
2026-02-25T03:51:05.1900477Z   /nix/store/alnzmaf07kv3dl4017vrzqngay5rx904-gdk-pixbuf-2.42.12
2026-02-25T03:51:05.1900947Z   /nix/store/brj8bvvn63gbdrslwsj7gpj0gqaxlprn-giflib-5.2.2
2026-02-25T03:51:05.1901308Z   /nix/store/26hcp8h792wl0h52c5r94qakhvk6q717-glib-2.82.1
2026-02-25T03:51:05.1901668Z   /nix/store/wn7v2vhyyyi6clcyn0s9ixvl7d4d87ic-glibc-2.40-36
2026-02-25T03:51:05.1902068Z   /nix/store/zw5haplzbwjgbp3yykhm6iprkpfppzxb-glibc-2.40-36-bin
2026-02-25T03:51:05.1902611Z   /nix/store/lw21wr626v5sdcaxxkv2k4zf1121hfc9-glibc-2.40-36-dev
2026-02-25T03:51:05.1903222Z   /nix/store/y11zr71f9i1zy1vrdy3kjx8j6slsb3l3-gmp-6.3.0
2026-02-25T03:51:05.1903616Z   /nix/store/nxg637az00fnm705pinlrpjac9b4hgsc-gmp-with-cxx-6.3.0
2026-02-25T03:51:05.1904429Z   /nix/store/rlnih3wlxxwqn4xdahjgfjydvv78kvki-gnu-config-2024-01-01
2026-02-25T03:51:05.1905196Z   /nix/store/85amyk92rg19l4fy0qmy7wr4jmq8p5z0-gnugrep-3.11
2026-02-25T03:51:05.1905872Z   /nix/store/9y5kd90fdbrq3r4yc9mpqn82f93zdgyq-gnumake-4.4.1
2026-02-25T03:51:05.1906794Z   /nix/store/vmby25zqxnx94awvj0k7zn0rsd0zyrwg-gnused-4.9
2026-02-25T03:51:05.1907444Z   /nix/store/zhaypw0znkjnymg0rk1599zn21rr0l50-gnutar-1.35
2026-02-25T03:51:05.1908113Z   /nix/store/23y66ax8z30m8xl4brrz792xlsrm0syr-graphite2-1.3.14
2026-02-25T03:51:05.1908822Z   /nix/store/lvx8m4mh18aiqlqp5hdjpg3b34a07p35-graphviz-12.2.0
2026-02-25T03:51:05.1909687Z   /nix/store/avwmwsn9v4an5v2a4k1gzbqk917avjn1-gts-0.7.6
2026-02-25T03:51:05.1910316Z   /nix/store/a7pimibppfw2m3ryijnwwzx76i780bw2-gzip-1.13
2026-02-25T03:51:05.1910979Z   /nix/store/a473gcmd84qs4vpapa70nwamlpkryc7b-hal_nordic
2026-02-25T03:51:05.1911640Z   /nix/store/yxgc37sx1a0fswq3hvvld54491ryx6sf-harfbuzz-10.0.1
2026-02-25T03:51:05.1912290Z   /nix/store/xxfkk4gqnaimiwzi6mmsmcs9bl2r8y7f-isl-0.20
2026-02-25T03:51:05.1912971Z   /nix/store/ys6f20b4chzkmfh9ak0hjdp60l0g5abb-keyutils-1.6.3-lib
2026-02-25T03:51:05.1913699Z   /nix/store/g9hgzjcj9g7hw3c2pzgz271b1g1jgc4w-krb5-1.21.3-lib
2026-02-25T03:51:05.1914358Z   /nix/store/1dmri839kv55917flq6pyvr6xf17cb29-lerc-4.0.0
2026-02-25T03:51:05.1914986Z   /nix/store/ikjw6a952jd9wn5k06mkj710xzabssr0-libX11-1.8.10
2026-02-25T03:51:05.1915643Z   /nix/store/ighb6h0x1nv14ap2fj0j3bqdn0x3xra4-libXau-1.0.11
2026-02-25T03:51:05.1916362Z   /nix/store/8jqc1bpk99jgib12wgpdjmnbndrmg7vz-libXdmcp-1.1.5
2026-02-25T03:51:05.1917047Z   /nix/store/d5y0sl4vwsb9m99r18zh1mx4fw9y70g6-libXext-1.3.6
2026-02-25T03:51:05.1917695Z   /nix/store/a98zld1as826z4s0b71xs64k02arj4zj-libXft-2.3.8
2026-02-25T03:51:05.1918223Z   /nix/store/ln8sk1vlpzmm346lx30ifihqdw0fw4g9-libXpm-3.5.17
2026-02-25T03:51:05.1918716Z   /nix/store/7ygszkkili3kfqh789ivdgrhyrjshm5n-libXrender-0.9.11
2026-02-25T03:51:05.1919330Z   /nix/store/kabp82iq5p0l8zidw9ch1mrpq431g6jd-libaom-3.10.0
2026-02-25T03:51:05.1920452Z   /nix/store/v567mv8b0bg0ph7xn61g33qqm484xxj0-libaom-3.10.0-bin
2026-02-25T03:51:05.1921170Z   /nix/store/1asppgbns142f1sqyr6sz843h0689a1k-libaom-3.10.0-dev
2026-02-25T03:51:05.1921945Z   /nix/store/n0gxk0ys2zgqqz6zcsq8qlv6nv5k6fpj-libarchive-3.7.7-lib
2026-02-25T03:51:05.1922733Z   /nix/store/96wajifckqya26aazk4lrig5m5npw5l2-libavif-1.1.1
2026-02-25T03:51:05.1923499Z   /nix/store/rk2r5yq7al5jddg6jriwv1lg5j1dw0ih-libdatrie-2019-12-20-lib
2026-02-25T03:51:05.1924275Z   /nix/store/v6m37463j6bs788wbid8yvfhp1773cax-libdeflate-1.22
2026-02-25T03:51:05.1924755Z   /nix/store/lw7psn749bfn2nrn943jdh68hh2im8yl-libffi-3.4.6
2026-02-25T03:51:05.1925314Z   /nix/store/qwjjm4j652ck9izaid7bz63s4hd5bnha-libidn2-2.3.7
2026-02-25T03:51:05.1926063Z   /nix/store/g8m63j9rzhqf0i9v4pzbdyrnzshr5mkx-libjpeg-turbo-3.0.4
2026-02-25T03:51:05.1927055Z   /nix/store/0qqs7bkfk21h8vh7m3x84hphciqv75lm-libmpc-1.3.1
2026-02-25T03:51:05.1927802Z   /nix/store/kvzfyxs3v0nb2lvfx28c5hj0vz7j9737-libpng-apng-1.6.43
2026-02-25T03:51:05.1928261Z   /nix/store/rp6b82pm6b7x03ngbzffsl3vj8pvay5v-libselinux-3.7
2026-02-25T03:51:05.1928741Z   /nix/store/1n0b29iid3y0w9i91v9zqdiwnx3inak0-libssh2-1.11.1
2026-02-25T03:51:05.1929230Z   /nix/store/h11ip75g5azb1d9f9jr8c6pwjhpcx20n-libthai-0.1.29
2026-02-25T03:51:05.1930181Z   /nix/store/mgw74i0szz30zbmvgasvyws1y8mvkb86-libtiff-4.7.0
2026-02-25T03:51:05.1930929Z   /nix/store/ggpir31aij6dj2fsas74jyz8z33dxwnc-libtool-2.4.7-lib
2026-02-25T03:51:05.1931700Z   /nix/store/6pqgj71r0850b0cd95yxx0d52zax016i-libunistring-1.2
2026-02-25T03:51:05.1932367Z   /nix/store/scb132gc1zzd904zibk2mz0q5q42z0ym-libuv-1.48.0
2026-02-25T03:51:05.1933043Z   /nix/store/llj89sgbf5512bnhx76khs7aq2pkhqjv-libvmaf-3.0.0
2026-02-25T03:51:05.1933736Z   /nix/store/dbkf2m0b3a2n9drrbz6ra4ljfx45d4aa-libvmaf-3.0.0-dev
2026-02-25T03:51:05.1934469Z   /nix/store/xk1z1b27hck084x12pn24rk526arwwlz-libwebp-1.4.0
2026-02-25T03:51:05.1935157Z   /nix/store/zgcaxpjipkvdz3185gfb8ba63xw1sv4n-libwebp-1.4.0
2026-02-25T03:51:05.1935848Z   /nix/store/w63ks7mg1dsgm2gg302ss70wpq7g0l4d-libxcb-1.17.0
2026-02-25T03:51:05.1936569Z   /nix/store/5j9m3z3c6hygjx34xr1bzrkk8srvcs8a-libxcrypt-4.4.36
2026-02-25T03:51:05.1937298Z   /nix/store/sbc37bmgpzr7wvlbm9lgf4y6q6dyz40q-libxcrypt-4.4.36
2026-02-25T03:51:05.1938254Z   /nix/store/shg1vgcjxghqxhl0sifwgr0g2zg6bbv7-libxml2-2.13.4
2026-02-25T03:51:05.1938924Z   /nix/store/s5y8cgwj9saik6hpxq6hvry31hggnxij-libyaml-0.2.5
2026-02-25T03:51:05.1939748Z   /nix/store/43nf72jxw9m9mazn5qs7pdj52a7gmcr5-libyuv-1787
2026-02-25T03:51:05.1940449Z   /nix/store/dvsai0ym9czjl5mcsarcdwccb70615n4-linux-headers-6.10
2026-02-25T03:51:05.1941144Z   /nix/store/wwmn97j9jv083973a7md52v4wkxr6lvd-lvgl
2026-02-25T03:51:05.1941781Z   /nix/store/77yxcw58nmqx2c67a7srpfxxp40j5rbl-mailcap-2.1.54
2026-02-25T03:51:05.1942587Z   /nix/store/gqjd4bvd683s55r0jcgc9q67rvjnmfc6-make-binary-wrapper-hook
2026-02-25T03:51:05.1943378Z   /nix/store/aqga8f06jxy5a6ci4na35v7n09j8i74f-mpdecimal-4.0.0
2026-02-25T03:51:05.1943982Z   /nix/store/wfxkyxmg47bhj098im5rp60hmkagn96x-mpfr-4.2.1
2026-02-25T03:51:05.1944564Z   /nix/store/zi4768cbcny3vx6f8k2yqy3zp90jalhz-ncompress-5.0
2026-02-25T03:51:05.1945275Z   /nix/store/1p1j0iv3c909kcs4d5300kcsnlwmbwyj-ncurses-6.4.20221231
2026-02-25T03:51:05.1945993Z   /nix/store/vj1wkvkfgcgxr93b5p6kwjbqgrjnv7d9-ncurses-abi5-compat-6.4.20221231
2026-02-25T03:51:05.1946770Z   /nix/store/aygalfgrn7pvxcqc45jw53b9gc29hwzs-nghttp2-1.64.0-lib
2026-02-25T03:51:05.1947161Z   /nix/store/s2lws03pga0vyq84kfa6h041n8csbg4p-ninja-1.12.1
2026-02-25T03:51:05.1947528Z   /nix/store/k1dsk0zyq43pvi7f76is2rx6l4aphm5z-openssl-3.3.2
2026-02-25T03:51:05.1947892Z   /nix/store/vy93rplabj9l70a098rvp52ni9bg476v-pango-1.54.0
2026-02-25T03:51:05.1948263Z   /nix/store/mdmansf6zkzsnrcf4h3yav5kz93rh03y-patch-2.7.6
2026-02-25T03:51:05.1948635Z   /nix/store/9q63d382x7k2h6cc2pfsb39ar3n6f9wg-patchelf-0.15.0
2026-02-25T03:51:05.1949003Z   /nix/store/gkj66hn5cyi3d761nmcdpj35ngv7h8ph-pcre2-10.44
2026-02-25T03:51:05.1949585Z   /nix/store/6fklzkr5x213h868q31isgy82wpmb1yb-perl-5.40.0
2026-02-25T03:51:05.1949990Z   /nix/store/kxawdq25ad6x9cb63yvslaprm4ihx5hr-picolibc
2026-02-25T03:51:05.1950341Z   /nix/store/f86x63y57hwyx9nl4l098fpl93y3xrya-pixman-0.43.4
2026-02-25T03:51:05.1950711Z   /nix/store/zv1kaq7f1q20x62kbjv6pfjygw5jmwl6-python3-3.12.7
2026-02-25T03:51:05.1951096Z   /nix/store/qb69wvblgz1x2hkfxf7lwl9lg9xk4zpj-python3-3.9.20
2026-02-25T03:51:05.1951516Z   /nix/store/09wri7s7nlgp1fs4q4ysx96scbbmr74v-python3.12-anytree-2.12.1
2026-02-25T03:51:05.1951997Z   /nix/store/qpb0z965ffwmny4p2m2jbbaqifkkb5y9-python3.12-docopt-0.6.2
2026-02-25T03:51:05.1952475Z   /nix/store/wg6fhwksxkxn24rnynizrr6f4rvd9dkf-python3.12-intelhex-2.3.0
2026-02-25T03:51:05.1952943Z   /nix/store/l67gyhnl63la5pxmq4kbhl0g6xrfsdff-python3.12-msgpack-1.1.0
2026-02-25T03:51:05.1953493Z   /nix/store/qnfndbdg0k5s7zb47l5q9h7cszi56gpf-python3.12-packaging-24.1
2026-02-25T03:51:05.1954169Z   /nix/store/rs8cgrcn6pkdxs2ksnhs1a0x0pvx5sac-python3.12-progress-1.6
2026-02-25T03:51:05.1954653Z   /nix/store/qmm23pygh0kisvsm9wrfxw2s5km97670-python3.12-pyelftools-0.31
2026-02-25T03:51:05.1955139Z   /nix/store/k1hzsby2pa29jwbbdgg3y4wj0rxn8dnn-python3.12-pykwalify-1.8.0
2026-02-25T03:51:05.1955625Z   /nix/store/7p4gqrzavx0lpks2l0j9945zkzv77ds0-python3.12-python-can-4.5.0
2026-02-25T03:51:05.1956166Z   /nix/store/iz14w235v0nmwc3vnzrlbrkfpaj1qqka-python3.12-python-dateutil-2.9.0.post0
2026-02-25T03:51:05.1956701Z   /nix/store/j7q50pmxnawpif7kfimy51mjhjdjldns-python3.12-pyyaml-6.0.2
2026-02-25T03:51:05.1957178Z   /nix/store/2k9j8zwlhd8vdpn0c4j5zgwkqr6digpx-python3.12-ruamel-base-1.0.0
2026-02-25T03:51:05.1957685Z   /nix/store/7cvm89dzrkw7i4pdidyd8mvny73k07nb-python3.12-ruamel-yaml-0.18.6
2026-02-25T03:51:05.1958218Z   /nix/store/3rghmwyhhwjaj3jmpc3drb8pzz9h14hj-python3.12-ruamel-yaml-clib-0.2.7
2026-02-25T03:51:05.1958728Z   /nix/store/4743pgjalihwh1vb7jsy17ynw3s0xj04-python3.12-six-1.16.0
2026-02-25T03:51:05.1959235Z   /nix/store/n2pgidpi7vpq2hbpylfpa4ck7avniipp-python3.12-typing-extensions-4.12.2
2026-02-25T03:51:05.1960020Z   /nix/store/2j2fcjlxczkx0yyjn3rqi1h9sd42r97v-python3.12-wrapt-1.16.0
2026-02-25T03:51:05.1960456Z   /nix/store/n0q4xhb9z19f0rfd1i8frw7a3ip3rgar-readline-8.2p13
2026-02-25T03:51:05.1960835Z   /nix/store/gpbi7j64vk1my8gpqgylwf9iljqb09is-rhash-1.4.4
2026-02-25T03:51:05.1961430Z   /nix/store/wkad860jvdc881ngy6r0fbjg6s5i8alh-segger
2026-02-25T03:51:05.1961770Z   /nix/store/bbd59cqw259149r2ddk4w1q0lr2fch8c-sqlite-3.46.1
2026-02-25T03:51:05.1962155Z   /nix/store/spb2bpcnw0gbbr4x94cq8xs9n72hipwj-stdenv-linux
2026-02-25T03:51:05.1962511Z   /nix/store/n4xjlyn5hk979p2ywqpajw7dq5y94q1g-tinycrypt
2026-02-25T03:51:05.1962853Z   /nix/store/dfsiy184c8z6gf5x6cqfyahxv9g16828-tzdata-2024b
2026-02-25T03:51:05.1963329Z   /nix/store/ljlah5wqcbix5wg8rvm3g8rc7k9zn1qg-update-autotools-gnu-config-scripts-hook
2026-02-25T03:51:05.1963896Z   /nix/store/gm5g3xyn8iwxkag8gs6rf3ci64bqld80-util-linux-minimal-2.39.4-lib
2026-02-25T03:51:05.1964359Z   /nix/store/2d5spnl8j5r4n1s4bj1zmra7mwx0f1n8-xgcc-13.3.0-libgcc
2026-02-25T03:51:05.1964727Z   /nix/store/bdpc1864983kf51r3cznbrvnlkv4d9ff-xz-5.6.3
2026-02-25T03:51:05.1965058Z   /nix/store/5180mi672sl6ikiwyhvgnxasz6iqxws0-xz-5.6.3-bin
2026-02-25T03:51:05.1965402Z   /nix/store/pz26iwsn417j90xs7y7cwbsjnk7b1riv-zephyr
2026-02-25T03:51:05.1965733Z   /nix/store/bzk3q2l71qwhycsip23y6rl5n881la4n-zlib-1.3.1
2026-02-25T03:51:05.1966105Z   /nix/store/pq757h971kd946xqi9ckk2ylsj25i610-zmk-module-cmsis
2026-02-25T03:51:05.1966528Z   /nix/store/wggfl9p3y2ahy21hb1gpfgr3fxsbv8ss-zmk-module-hal_nordic
2026-02-25T03:51:05.1966952Z   /nix/store/44v1jwji8rksbmvsjwkd4igbb1vhxbl5-zmk-module-lvgl
2026-02-25T03:51:05.1967357Z   /nix/store/4bn1207zpfrcdmf1ldh86ziaav3kwwbb-zmk-module-picolibc
2026-02-25T03:51:05.1967783Z   /nix/store/w90l0zpl7slydmc947qscinn0d6rgq5c-zmk-module-segger
2026-02-25T03:51:05.1968198Z   /nix/store/grk5a1pd1mbzl3lgzf2amf7c0nbb0rvs-zmk-module-tinycrypt
2026-02-25T03:51:05.1968596Z   /nix/store/8pys6a47askf0g75a1k73p3rx2wim7m6-zstd-1.5.6
2026-02-25T03:51:05.2027427Z copying path '/nix/store/rlnih3wlxxwqn4xdahjgfjydvv78kvki-gnu-config-2024-01-01' from 'https://cache.nixos.org'...
2026-02-25T03:51:05.2031513Z copying path '/nix/store/2d5spnl8j5r4n1s4bj1zmra7mwx0f1n8-xgcc-13.3.0-libgcc' from 'https://cache.nixos.org'...
2026-02-25T03:51:05.2073462Z copying path '/nix/store/3581iwklzqcg4iyhlyqqrj7yvvm0pykl-cirque-input-module' from 'https://moergo-glove80-zmk-dev.cachix.org'...
2026-02-25T03:51:05.2077067Z copying path '/nix/store/j8rzqx7farv0w3isp9z943zy437zk02f-gcc-13.3.0-libgcc' from 'https://cache.nixos.org'...
2026-02-25T03:51:05.2082178Z copying path '/nix/store/6pqgj71r0850b0cd95yxx0d52zax016i-libunistring-1.2' from 'https://cache.nixos.org'...
2026-02-25T03:51:05.2130651Z copying path '/nix/store/azxckjbc4f70yliac1x35z5awbzf9jzj-cmsis' from 'https://moergo-glove80-zmk-dev.cachix.org'...
2026-02-25T03:51:05.2143521Z copying path '/nix/store/a473gcmd84qs4vpapa70nwamlpkryc7b-hal_nordic' from 'https://moergo-glove80-zmk-dev.cachix.org'...
2026-02-25T03:51:05.2154669Z copying path '/nix/store/wwmn97j9jv083973a7md52v4wkxr6lvd-lvgl' from 'https://moergo-glove80-zmk-dev.cachix.org'...
2026-02-25T03:51:05.2163163Z copying path '/nix/store/kxawdq25ad6x9cb63yvslaprm4ihx5hr-picolibc' from 'https://moergo-glove80-zmk-dev.cachix.org'...
2026-02-25T03:51:05.2167736Z copying path '/nix/store/wkad860jvdc881ngy6r0fbjg6s5i8alh-segger' from 'https://moergo-glove80-zmk-dev.cachix.org'...
2026-02-25T03:51:05.2175254Z copying path '/nix/store/n4xjlyn5hk979p2ywqpajw7dq5y94q1g-tinycrypt' from 'https://moergo-glove80-zmk-dev.cachix.org'...
2026-02-25T03:51:05.2182549Z copying path '/nix/store/85sj9hb9phy4fh3q4fmc1vm9vz27z1lg-die-hook' from 'https://cache.nixos.org'...
2026-02-25T03:51:05.2200970Z copying path '/nix/store/dvsai0ym9czjl5mcsarcdwccb70615n4-linux-headers-6.10' from 'https://cache.nixos.org'...
2026-02-25T03:51:05.2203056Z copying path '/nix/store/77yxcw58nmqx2c67a7srpfxxp40j5rbl-mailcap-2.1.54' from 'https://cache.nixos.org'...
2026-02-25T03:51:05.2206379Z copying path '/nix/store/dfsiy184c8z6gf5x6cqfyahxv9g16828-tzdata-2024b' from 'https://cache.nixos.org'...
2026-02-25T03:51:05.2272540Z copying path '/nix/store/hbrcibdl494a5w3dypy7095dckalzlqa-dejavu-fonts-minimal-2.37' from 'https://cache.nixos.org'...
2026-02-25T03:51:05.2296496Z copying path '/nix/store/ljlah5wqcbix5wg8rvm3g8rc7k9zn1qg-update-autotools-gnu-config-scripts-hook' from 'https://cache.nixos.org'...
2026-02-25T03:51:05.2736564Z copying path '/nix/store/qwjjm4j652ck9izaid7bz63s4hd5bnha-libidn2-2.3.7' from 'https://cache.nixos.org'...
2026-02-25T03:51:05.2831726Z copying path '/nix/store/grk5a1pd1mbzl3lgzf2amf7c0nbb0rvs-zmk-module-tinycrypt' from 'https://moergo-glove80-zmk-dev.cachix.org'...
2026-02-25T03:51:05.2882916Z copying path '/nix/store/w90l0zpl7slydmc947qscinn0d6rgq5c-zmk-module-segger' from 'https://moergo-glove80-zmk-dev.cachix.org'...
2026-02-25T03:51:05.2986927Z copying path '/nix/store/ziqnk17xikg73dfrwnyi2jd593xlxza9-fontconfig-2.15.0' from 'https://cache.nixos.org'...
2026-02-25T03:51:05.3762709Z copying path '/nix/store/pq757h971kd946xqi9ckk2ylsj25i610-zmk-module-cmsis' from 'https://moergo-glove80-zmk-dev.cachix.org'...
2026-02-25T03:51:05.5466458Z copying path '/nix/store/wn7v2vhyyyi6clcyn0s9ixvl7d4d87ic-glibc-2.40-36' from 'https://cache.nixos.org'...
2026-02-25T03:51:05.7191317Z copying path '/nix/store/4bn1207zpfrcdmf1ldh86ziaav3kwwbb-zmk-module-picolibc' from 'https://moergo-glove80-zmk-dev.cachix.org'...
2026-02-25T03:51:06.3655609Z copying path '/nix/store/wggfl9p3y2ahy21hb1gpfgr3fxsbv8ss-zmk-module-hal_nordic' from 'https://moergo-glove80-zmk-dev.cachix.org'...
2026-02-25T03:51:06.3745618Z copying path '/nix/store/nmq6s9l9zlym3qjx76zzrqbp05a63y90-attr-2.5.2' from 'https://cache.nixos.org'...
2026-02-25T03:51:06.3746984Z copying path '/nix/store/p6k7xp1lsfmbdd731mlglrdj2d66mr82-bash-5.2p37' from 'https://cache.nixos.org'...
2026-02-25T03:51:06.3752959Z copying path '/nix/store/2vgwd43vqxm66grkgsy7z1d87z31nzph-brotli-1.1.0-lib' from 'https://cache.nixos.org'...
2026-02-25T03:51:06.3754274Z copying path '/nix/store/hl3iw85v12gh9mwgvr9yfgjgy0rk81hb-bzip2-1.0.8' from 'https://cache.nixos.org'...
2026-02-25T03:51:06.3755555Z copying path '/nix/store/zr9c15gg53zsbyc54fsrlwh3r8kmhfyy-dav1d-1.5.0' from 'https://cache.nixos.org'...
2026-02-25T03:51:06.3760959Z copying path '/nix/store/k5x874vwcaxlan1cw248lwqr4l4v7hyk-ed-1.20.2' from 'https://cache.nixos.org'...
2026-02-25T03:51:06.3763939Z copying path '/nix/store/ka4sync4bccr9mz2ys0dbqjn24hp8v57-expand-response-params' from 'https://cache.nixos.org'...
2026-02-25T03:51:06.3765344Z copying path '/nix/store/8sgvk9wjq9vfz5irkl4436yhpfr10njq-expat-2.6.4' from 'https://cache.nixos.org'...
2026-02-25T03:51:06.3768568Z copying path '/nix/store/ybjcla5bhj8g1y84998pn4a2drfxybkv-gcc-13.3.0-lib' from 'https://cache.nixos.org'...
2026-02-25T03:51:06.3770133Z copying path '/nix/store/37azjaxs8cwqbmb0fywl8fa6n2x8bgwq-fribidi-1.0.16' from 'https://cache.nixos.org'...
2026-02-25T03:51:06.3771720Z copying path '/nix/store/nnin69nrnrrmnv2scbwyfkgh1rf51gh1-gawk-5.3.1' from 'https://cache.nixos.org'...
2026-02-25T03:51:06.3773026Z copying path '/nix/store/hq7m89gp4kafmj8rr0f5sy2qyl7jq479-gdbm-1.24-lib' from 'https://cache.nixos.org'...
2026-02-25T03:51:06.3775366Z copying path '/nix/store/brj8bvvn63gbdrslwsj7gpj0gqaxlprn-giflib-5.2.2' from 'https://cache.nixos.org'...
2026-02-25T03:51:06.3776667Z copying path '/nix/store/zw5haplzbwjgbp3yykhm6iprkpfppzxb-glibc-2.40-36-bin' from 'https://cache.nixos.org'...
2026-02-25T03:51:06.4124050Z copying path '/nix/store/vmby25zqxnx94awvj0k7zn0rsd0zyrwg-gnused-4.9' from 'https://cache.nixos.org'...
2026-02-25T03:51:06.4170259Z copying path '/nix/store/ys6f20b4chzkmfh9ak0hjdp60l0g5abb-keyutils-1.6.3-lib' from 'https://cache.nixos.org'...
2026-02-25T03:51:06.4211103Z copying path '/nix/store/y11zr71f9i1zy1vrdy3kjx8j6slsb3l3-gmp-6.3.0' from 'https://cache.nixos.org'...
2026-02-25T03:51:06.4216372Z copying path '/nix/store/9y5kd90fdbrq3r4yc9mpqn82f93zdgyq-gnumake-4.4.1' from 'https://cache.nixos.org'...
2026-02-25T03:51:06.4217982Z copying path '/nix/store/vqjygx23hkim1kpidik5xcs9whayf3sr-bzip2-1.0.8-bin' from 'https://cache.nixos.org'...
2026-02-25T03:51:06.4310269Z copying path '/nix/store/ighb6h0x1nv14ap2fj0j3bqdn0x3xra4-libXau-1.0.11' from 'https://cache.nixos.org'...
2026-02-25T03:51:06.4442168Z copying path '/nix/store/nrl5m466dwdscvavf1nqzdnqhszjyy9n-acl-2.3.2' from 'https://cache.nixos.org'...
2026-02-25T03:51:06.4520456Z copying path '/nix/store/8jqc1bpk99jgib12wgpdjmnbndrmg7vz-libXdmcp-1.1.5' from 'https://cache.nixos.org'...
2026-02-25T03:51:06.4559644Z copying path '/nix/store/rk2r5yq7al5jddg6jriwv1lg5j1dw0ih-libdatrie-2019-12-20-lib' from 'https://cache.nixos.org'...
2026-02-25T03:51:06.4610562Z copying path '/nix/store/v6m37463j6bs788wbid8yvfhp1773cax-libdeflate-1.22' from 'https://cache.nixos.org'...
2026-02-25T03:51:06.4648626Z copying path '/nix/store/lw7psn749bfn2nrn943jdh68hh2im8yl-libffi-3.4.6' from 'https://cache.nixos.org'...
2026-02-25T03:51:06.4681623Z copying path '/nix/store/g8m63j9rzhqf0i9v4pzbdyrnzshr5mkx-libjpeg-turbo-3.0.4' from 'https://cache.nixos.org'...
2026-02-25T03:51:06.4779700Z copying path '/nix/store/scb132gc1zzd904zibk2mz0q5q42z0ym-libuv-1.48.0' from 'https://cache.nixos.org'...
2026-02-25T03:51:06.4818063Z copying path '/nix/store/ggpir31aij6dj2fsas74jyz8z33dxwnc-libtool-2.4.7-lib' from 'https://cache.nixos.org'...
2026-02-25T03:51:06.6491077Z copying path '/nix/store/h11ip75g5azb1d9f9jr8c6pwjhpcx20n-libthai-0.1.29' from 'https://cache.nixos.org'...
2026-02-25T03:51:06.6557719Z copying path '/nix/store/5j9m3z3c6hygjx34xr1bzrkk8srvcs8a-libxcrypt-4.4.36' from 'https://cache.nixos.org'...
2026-02-25T03:51:06.6560173Z copying path '/nix/store/w63ks7mg1dsgm2gg302ss70wpq7g0l4d-libxcb-1.17.0' from 'https://cache.nixos.org'...
2026-02-25T03:51:06.6574559Z copying path '/nix/store/shg1vgcjxghqxhl0sifwgr0g2zg6bbv7-libxml2-2.13.4' from 'https://cache.nixos.org'...
2026-02-25T03:51:06.6591436Z copying path '/nix/store/sbc37bmgpzr7wvlbm9lgf4y6q6dyz40q-libxcrypt-4.4.36' from 'https://cache.nixos.org'...
2026-02-25T03:51:06.6711097Z copying path '/nix/store/zhaypw0znkjnymg0rk1599zn21rr0l50-gnutar-1.35' from 'https://cache.nixos.org'...
2026-02-25T03:51:06.6751642Z copying path '/nix/store/s5y8cgwj9saik6hpxq6hvry31hggnxij-libyaml-0.2.5' from 'https://cache.nixos.org'...
2026-02-25T03:51:06.7011891Z copying path '/nix/store/aqga8f06jxy5a6ci4na35v7n09j8i74f-mpdecimal-4.0.0' from 'https://cache.nixos.org'...
2026-02-25T03:51:06.7082420Z copying path '/nix/store/xxfkk4gqnaimiwzi6mmsmcs9bl2r8y7f-isl-0.20' from 'https://cache.nixos.org'...
2026-02-25T03:51:06.7094037Z copying path '/nix/store/zi4768cbcny3vx6f8k2yqy3zp90jalhz-ncompress-5.0' from 'https://cache.nixos.org'...
2026-02-25T03:51:06.7111705Z copying path '/nix/store/a7pimibppfw2m3ryijnwwzx76i780bw2-gzip-1.13' from 'https://cache.nixos.org'...
2026-02-25T03:51:06.7113550Z copying path '/nix/store/wfxkyxmg47bhj098im5rp60hmkagn96x-mpfr-4.2.1' from 'https://cache.nixos.org'...
2026-02-25T03:51:06.7351996Z copying path '/nix/store/2nvmq98zj69i1af1ksh6m08hvfdkjv1z-dtc-1.7.2' from 'https://cache.nixos.org'...
2026-02-25T03:51:06.7354514Z copying path '/nix/store/1p1j0iv3c909kcs4d5300kcsnlwmbwyj-ncurses-6.4.20221231' from 'https://cache.nixos.org'...
2026-02-25T03:51:06.7360500Z copying path '/nix/store/vj1wkvkfgcgxr93b5p6kwjbqgrjnv7d9-ncurses-abi5-compat-6.4.20221231' from 'https://cache.nixos.org'...
2026-02-25T03:51:06.7374058Z copying path '/nix/store/aygalfgrn7pvxcqc45jw53b9gc29hwzs-nghttp2-1.64.0-lib' from 'https://cache.nixos.org'...
2026-02-25T03:51:06.7401355Z copying path '/nix/store/k1dsk0zyq43pvi7f76is2rx6l4aphm5z-openssl-3.3.2' from 'https://cache.nixos.org'...
2026-02-25T03:51:06.7473757Z copying path '/nix/store/gkj66hn5cyi3d761nmcdpj35ngv7h8ph-pcre2-10.44' from 'https://cache.nixos.org'...
2026-02-25T03:51:06.7475575Z copying path '/nix/store/mdmansf6zkzsnrcf4h3yav5kz93rh03y-patch-2.7.6' from 'https://cache.nixos.org'...
2026-02-25T03:51:06.7600983Z copying path '/nix/store/n19lfs7ix2g9kdh6cf2pfaylbcwjay71-dav1d-1.5.0-dev' from 'https://cache.nixos.org'...
2026-02-25T03:51:06.7823249Z copying path '/nix/store/f86x63y57hwyx9nl4l098fpl93y3xrya-pixman-0.43.4' from 'https://cache.nixos.org'...
2026-02-25T03:51:06.7872597Z copying path '/nix/store/ikjw6a952jd9wn5k06mkj710xzabssr0-libX11-1.8.10' from 'https://cache.nixos.org'...
2026-02-25T03:51:06.7976018Z copying path '/nix/store/bdpc1864983kf51r3cznbrvnlkv4d9ff-xz-5.6.3' from 'https://cache.nixos.org'...
2026-02-25T03:51:06.7991408Z copying path '/nix/store/gm5g3xyn8iwxkag8gs6rf3ci64bqld80-util-linux-minimal-2.39.4-lib' from 'https://cache.nixos.org'...
2026-02-25T03:51:06.8021958Z copying path '/nix/store/0qqs7bkfk21h8vh7m3x84hphciqv75lm-libmpc-1.3.1' from 'https://cache.nixos.org'...
2026-02-25T03:51:06.8023851Z copying path '/nix/store/gpbi7j64vk1my8gpqgylwf9iljqb09is-rhash-1.4.4' from 'https://cache.nixos.org'...
2026-02-25T03:51:06.8034734Z copying path '/nix/store/lw21wr626v5sdcaxxkv2k4zf1121hfc9-glibc-2.40-36-dev' from 'https://cache.nixos.org'...
2026-02-25T03:51:06.8046112Z copying path '/nix/store/pz26iwsn417j90xs7y7cwbsjnk7b1riv-zephyr' from 'https://moergo-glove80-zmk-dev.cachix.org'...
2026-02-25T03:51:06.8061113Z copying path '/nix/store/bzk3q2l71qwhycsip23y6rl5n881la4n-zlib-1.3.1' from 'https://cache.nixos.org'...
2026-02-25T03:51:06.8451901Z copying path '/nix/store/44v1jwji8rksbmvsjwkd4igbb1vhxbl5-zmk-module-lvgl' from 'https://moergo-glove80-zmk-dev.cachix.org'...
2026-02-25T03:51:06.8771258Z copying path '/nix/store/85amyk92rg19l4fy0qmy7wr4jmq8p5z0-gnugrep-3.11' from 'https://cache.nixos.org'...
2026-02-25T03:51:06.8774127Z copying path '/nix/store/rp6b82pm6b7x03ngbzffsl3vj8pvay5v-libselinux-3.7' from 'https://cache.nixos.org'...
2026-02-25T03:51:07.0317665Z copying path '/nix/store/g4lksqp6l8qiab4a0as21s6556xh4gyp-file-5.45' from 'https://cache.nixos.org'...
2026-02-25T03:51:07.0347237Z copying path '/nix/store/2qssg7pjgadwmqns6jm3qlr5bbdl4dcr-binutils-2.43.1-lib' from 'https://cache.nixos.org'...
2026-02-25T03:51:07.0355369Z copying path '/nix/store/kvzfyxs3v0nb2lvfx28c5hj0vz7j9737-libpng-apng-1.6.43' from 'https://cache.nixos.org'...
2026-02-25T03:51:07.0732725Z copying path '/nix/store/1n0b29iid3y0w9i91v9zqdiwnx3inak0-libssh2-1.11.1' from 'https://cache.nixos.org'...
2026-02-25T03:51:07.0735048Z copying path '/nix/store/bbd59cqw259149r2ddk4w1q0lr2fch8c-sqlite-3.46.1' from 'https://cache.nixos.org'...
2026-02-25T03:51:07.0737543Z copying path '/nix/store/g9hgzjcj9g7hw3c2pzgz271b1g1jgc4w-krb5-1.21.3-lib' from 'https://cache.nixos.org'...
2026-02-25T03:51:07.0806052Z copying path '/nix/store/nxg637az00fnm705pinlrpjac9b4hgsc-gmp-with-cxx-6.3.0' from 'https://cache.nixos.org'...
2026-02-25T03:51:07.0837393Z copying path '/nix/store/23y66ax8z30m8xl4brrz792xlsrm0syr-graphite2-1.3.14' from 'https://cache.nixos.org'...
2026-02-25T03:51:07.0908205Z copying path '/nix/store/1dmri839kv55917flq6pyvr6xf17cb29-lerc-4.0.0' from 'https://cache.nixos.org'...
2026-02-25T03:51:07.1030930Z copying path '/nix/store/26hcp8h792wl0h52c5r94qakhvk6q717-glib-2.82.1' from 'https://cache.nixos.org'...
2026-02-25T03:51:07.1434575Z copying path '/nix/store/llj89sgbf5512bnhx76khs7aq2pkhqjv-libvmaf-3.0.0' from 'https://cache.nixos.org'...
2026-02-25T03:51:07.1876151Z copying path '/nix/store/d5y0sl4vwsb9m99r18zh1mx4fw9y70g6-libXext-1.3.6' from 'https://cache.nixos.org'...
2026-02-25T03:51:07.1926804Z copying path '/nix/store/ln8sk1vlpzmm346lx30ifihqdw0fw4g9-libXpm-3.5.17' from 'https://cache.nixos.org'...
2026-02-25T03:51:07.3580270Z copying path '/nix/store/s2lws03pga0vyq84kfa6h041n8csbg4p-ninja-1.12.1' from 'https://cache.nixos.org'...
2026-02-25T03:51:07.3591148Z copying path '/nix/store/4krab2h0hd4wvxxmscxrw21pl77j4i7j-gcc-13.3.0' from 'https://cache.nixos.org'...
2026-02-25T03:51:07.3594398Z copying path '/nix/store/43nf72jxw9m9mazn5qs7pdj52a7gmcr5-libyuv-1787' from 'https://cache.nixos.org'...
2026-02-25T03:51:07.3611313Z copying path '/nix/store/9q63d382x7k2h6cc2pfsb39ar3n6f9wg-patchelf-0.15.0' from 'https://cache.nixos.org'...
2026-02-25T03:51:07.3614961Z copying path '/nix/store/7ygszkkili3kfqh789ivdgrhyrjshm5n-libXrender-0.9.11' from 'https://cache.nixos.org'...
2026-02-25T03:51:07.3628211Z copying path '/nix/store/waj425c88y21wccgk9zpyi3q48xq0sgk-freetype-2.13.3' from 'https://cache.nixos.org'...
2026-02-25T03:51:07.3831283Z copying path '/nix/store/zgcaxpjipkvdz3185gfb8ba63xw1sv4n-libwebp-1.4.0' from 'https://cache.nixos.org'...
2026-02-25T03:51:07.3837969Z copying path '/nix/store/n0q4xhb9z19f0rfd1i8frw7a3ip3rgar-readline-8.2p13' from 'https://cache.nixos.org'...
2026-02-25T03:51:07.3871848Z copying path '/nix/store/5180mi672sl6ikiwyhvgnxasz6iqxws0-xz-5.6.3-bin' from 'https://cache.nixos.org'...
2026-02-25T03:51:07.4052729Z copying path '/nix/store/b1wvkjx96i3s7wblz38ya0zr8i93zbc5-coreutils-9.5' from 'https://cache.nixos.org'...
2026-02-25T03:51:07.4301898Z copying path '/nix/store/kabp82iq5p0l8zidw9ch1mrpq431g6jd-libaom-3.10.0' from 'https://cache.nixos.org'...
2026-02-25T03:51:07.4411384Z copying path '/nix/store/bwkb907myixfzzykp21m9iczkhrq5pfy-binutils-2.43.1' from 'https://cache.nixos.org'...
2026-02-25T03:51:07.4458709Z copying path '/nix/store/dbkf2m0b3a2n9drrbz6ra4ljfx45d4aa-libvmaf-3.0.0-dev' from 'https://cache.nixos.org'...
2026-02-25T03:51:07.4694500Z copying path '/nix/store/8pys6a47askf0g75a1k73p3rx2wim7m6-zstd-1.5.6' from 'https://cache.nixos.org'...
2026-02-25T03:51:07.5699071Z copying path '/nix/store/ps0zg8jx995br0s7k353qhal1ma3nnbd-curl-8.11.0' from 'https://cache.nixos.org'...
2026-02-25T03:51:07.5877683Z copying path '/nix/store/zv1kaq7f1q20x62kbjv6pfjygw5jmwl6-python3-3.12.7' from 'https://cache.nixos.org'...
2026-02-25T03:51:07.5883185Z copying path '/nix/store/qb69wvblgz1x2hkfxf7lwl9lg9xk4zpj-python3-3.9.20' from 'https://cache.nixos.org'...
2026-02-25T03:51:07.6451139Z copying path '/nix/store/cxwsmlr3xh1ml4r0kgdjrknw7504b9f8-diffutils-3.10' from 'https://cache.nixos.org'...
2026-02-25T03:51:07.6453038Z copying path '/nix/store/w8pnfazxqwmrqmwkb5zrz1bifsd8abxl-findutils-4.10.0' from 'https://cache.nixos.org'...
2026-02-25T03:51:07.6473412Z copying path '/nix/store/6fklzkr5x213h868q31isgy82wpmb1yb-perl-5.40.0' from 'https://cache.nixos.org'...
2026-02-25T03:51:07.6532116Z copying path '/nix/store/jfyibphs7pv1izw879lrmr0pp1x3llb8-fontconfig-2.15.0-lib' from 'https://cache.nixos.org'...
2026-02-25T03:51:07.7379038Z copying path '/nix/store/yxgc37sx1a0fswq3hvvld54491ryx6sf-harfbuzz-10.0.1' from 'https://cache.nixos.org'...
2026-02-25T03:51:07.7382264Z copying path '/nix/store/avwmwsn9v4an5v2a4k1gzbqk917avjn1-gts-0.7.6' from 'https://cache.nixos.org'...
2026-02-25T03:51:07.8037920Z copying path '/nix/store/v567mv8b0bg0ph7xn61g33qqm484xxj0-libaom-3.10.0-bin' from 'https://cache.nixos.org'...
2026-02-25T03:51:07.8954704Z copying path '/nix/store/n0gxk0ys2zgqqz6zcsq8qlv6nv5k6fpj-libarchive-3.7.7-lib' from 'https://cache.nixos.org'...
2026-02-25T03:51:07.8958791Z copying path '/nix/store/mgw74i0szz30zbmvgasvyws1y8mvkb86-libtiff-4.7.0' from 'https://cache.nixos.org'...
2026-02-25T03:51:07.9913800Z copying path '/nix/store/x9as7x6f7cdgcskvvn3yp02m662krr7y-binutils-wrapper-2.43.1' from 'https://cache.nixos.org'...
2026-02-25T03:51:08.1262555Z copying path '/nix/store/9l20xx4bw18qgkicjcrsfx7vfykp9m8h-cairo-1.18.2' from 'https://cache.nixos.org'...
2026-02-25T03:51:08.1265990Z copying path '/nix/store/a98zld1as826z4s0b71xs64k02arj4zj-libXft-2.3.8' from 'https://cache.nixos.org'...
2026-02-25T03:51:08.1455487Z copying path '/nix/store/spb2bpcnw0gbbr4x94cq8xs9n72hipwj-stdenv-linux' from 'https://cache.nixos.org'...
2026-02-25T03:51:08.3724357Z copying path '/nix/store/1asppgbns142f1sqyr6sz843h0689a1k-libaom-3.10.0-dev' from 'https://cache.nixos.org'...
2026-02-25T03:51:08.7540958Z copying path '/nix/store/4k2h9qsps52n1v56zq03yi67dwmxa81i-cmake-3.30.5' from 'https://cache.nixos.org'...
2026-02-25T03:51:08.7578730Z copying path '/nix/store/alnzmaf07kv3dl4017vrzqngay5rx904-gdk-pixbuf-2.42.12' from 'https://cache.nixos.org'...
2026-02-25T03:51:08.7588415Z copying path '/nix/store/xk1z1b27hck084x12pn24rk526arwwlz-libwebp-1.4.0' from 'https://cache.nixos.org'...
2026-02-25T03:51:08.9422268Z building '/nix/store/ryf981zc9kshrrgm5c5dphnw879gn09m-builder.pl.drv'...
2026-02-25T03:51:08.9800772Z copying path '/nix/store/vy93rplabj9l70a098rvp52ni9bg476v-pango-1.54.0' from 'https://cache.nixos.org'...
2026-02-25T03:51:09.3300193Z copying path '/nix/store/96wajifckqya26aazk4lrig5m5npw5l2-libavif-1.1.1' from 'https://cache.nixos.org'...
2026-02-25T03:51:09.7670345Z copying path '/nix/store/ascb2b0zncwlavz03zcj358p1i79hp64-gd-2.3.3' from 'https://cache.nixos.org'...
2026-02-25T03:51:10.4317940Z copying path '/nix/store/lvx8m4mh18aiqlqp5hdjpg3b34a07p35-graphviz-12.2.0' from 'https://cache.nixos.org'...
2026-02-25T03:51:11.5938221Z copying path '/nix/store/mczmw3rln2jm6nm080dapyjpj3833rg9-gcc-arm-embedded-12.3.rel1' from 'https://cache.nixos.org'...
2026-02-25T03:51:12.9802698Z copying path '/nix/store/l67gyhnl63la5pxmq4kbhl0g6xrfsdff-python3.12-msgpack-1.1.0' from 'https://cache.nixos.org'...
2026-02-25T03:51:12.9805285Z copying path '/nix/store/qnfndbdg0k5s7zb47l5q9h7cszi56gpf-python3.12-packaging-24.1' from 'https://cache.nixos.org'...
2026-02-25T03:51:12.9807584Z copying path '/nix/store/rs8cgrcn6pkdxs2ksnhs1a0x0pvx5sac-python3.12-progress-1.6' from 'https://cache.nixos.org'...
2026-02-25T03:51:12.9810751Z copying path '/nix/store/qmm23pygh0kisvsm9wrfxw2s5km97670-python3.12-pyelftools-0.31' from 'https://cache.nixos.org'...
2026-02-25T03:51:12.9812241Z copying path '/nix/store/j7q50pmxnawpif7kfimy51mjhjdjldns-python3.12-pyyaml-6.0.2' from 'https://cache.nixos.org'...
2026-02-25T03:51:12.9813730Z copying path '/nix/store/qpb0z965ffwmny4p2m2jbbaqifkkb5y9-python3.12-docopt-0.6.2' from 'https://cache.nixos.org'...
2026-02-25T03:51:12.9816102Z copying path '/nix/store/2k9j8zwlhd8vdpn0c4j5zgwkqr6digpx-python3.12-ruamel-base-1.0.0' from 'https://cache.nixos.org'...
2026-02-25T03:51:12.9818712Z copying path '/nix/store/3rghmwyhhwjaj3jmpc3drb8pzz9h14hj-python3.12-ruamel-yaml-clib-0.2.7' from 'https://cache.nixos.org'...
2026-02-25T03:51:12.9821383Z copying path '/nix/store/4743pgjalihwh1vb7jsy17ynw3s0xj04-python3.12-six-1.16.0' from 'https://cache.nixos.org'...
2026-02-25T03:51:12.9822892Z copying path '/nix/store/wg6fhwksxkxn24rnynizrr6f4rvd9dkf-python3.12-intelhex-2.3.0' from 'https://cache.nixos.org'...
2026-02-25T03:51:12.9825194Z copying path '/nix/store/2j2fcjlxczkx0yyjn3rqi1h9sd42r97v-python3.12-wrapt-1.16.0' from 'https://cache.nixos.org'...
2026-02-25T03:51:12.9836771Z copying path '/nix/store/n2pgidpi7vpq2hbpylfpa4ck7avniipp-python3.12-typing-extensions-4.12.2' from 'https://cache.nixos.org'...
2026-02-25T03:51:13.4419068Z copying path '/nix/store/09wri7s7nlgp1fs4q4ysx96scbbmr74v-python3.12-anytree-2.12.1' from 'https://cache.nixos.org'...
2026-02-25T03:51:13.4427817Z copying path '/nix/store/iz14w235v0nmwc3vnzrlbrkfpaj1qqka-python3.12-python-dateutil-2.9.0.post0' from 'https://cache.nixos.org'...
2026-02-25T03:51:13.4511955Z copying path '/nix/store/7p4gqrzavx0lpks2l0j9945zkzv77ds0-python3.12-python-can-4.5.0' from 'https://moergo-glove80-zmk-dev.cachix.org'...
2026-02-25T03:51:13.4678356Z copying path '/nix/store/4apajimszc47rxwcpvc3g3rj2icinl71-gcc-wrapper-13.3.0' from 'https://cache.nixos.org'...
2026-02-25T03:51:13.4715819Z copying path '/nix/store/7cvm89dzrkw7i4pdidyd8mvny73k07nb-python3.12-ruamel-yaml-0.18.6' from 'https://cache.nixos.org'...
2026-02-25T03:51:13.8215047Z copying path '/nix/store/gqjd4bvd683s55r0jcgc9q67rvjnmfc6-make-binary-wrapper-hook' from 'https://cache.nixos.org'...
2026-02-25T03:51:13.8539239Z copying path '/nix/store/k1hzsby2pa29jwbbdgg3y4wj0rxn8dnn-python3.12-pykwalify-1.8.0' from 'https://cache.nixos.org'...
2026-02-25T03:51:14.3524686Z building '/nix/store/14s41r3aqgw7vrl845jxarjcx3ivgvc4-python3-3.12.7-env.drv'...
2026-02-25T03:51:14.4474769Z created 296 symlinks in user environment
2026-02-25T03:51:24.7026333Z warning: Ignoring setting 'auto-allocate-uids' because experimental feature 'auto-allocate-uids' is not enabled
2026-02-25T03:51:24.7027394Z warning: Ignoring setting 'impure-env' because experimental feature 'configurable-impure-env' is not enabled
2026-02-25T03:51:24.7265527Z building '/nix/store/qq6xc0qlkhm50p3z7fi157ax9dcswp8g-zmk_go60_lh.drv'...
2026-02-25T03:51:24.7473191Z building '/nix/store/7y788gnb28his7brpgxvrg2b146dzs69-zmk_go60_rh.drv'...
2026-02-25T03:51:24.7779591Z Running phase: unpackPhase
2026-02-25T03:51:24.7822519Z unpacking source archive /nix/store/ypiphcbzypxpz9p904y3da2z7rpgj17j-source
2026-02-25T03:51:24.7993285Z Running phase: unpackPhase
2026-02-25T03:51:24.8032338Z unpacking source archive /nix/store/ypiphcbzypxpz9p904y3da2z7rpgj17j-source
2026-02-25T03:51:24.9376979Z source root is source/app
2026-02-25T03:51:24.9477061Z source root is source/app
2026-02-25T03:51:24.9812544Z Running phase: patchPhase
2026-02-25T03:51:24.9873793Z Running phase: updateAutotoolsGnuConfigScriptsPhase
2026-02-25T03:51:24.9896212Z Running phase: patchPhase
2026-02-25T03:51:24.9953967Z Running phase: updateAutotoolsGnuConfigScriptsPhase
2026-02-25T03:51:25.0107968Z Running phase: configurePhase
2026-02-25T03:51:25.0148813Z fixing cmake files...
2026-02-25T03:51:25.0182520Z Running phase: configurePhase
2026-02-25T03:51:25.0222025Z fixing cmake files...
2026-02-25T03:51:25.2074920Z cmake flags: -GNinja -DCMAKE_FIND_USE_SYSTEM_PACKAGE_REGISTRY=OFF -DCMAKE_FIND_USE_PACKAGE_REGISTRY=OFF -DCMAKE_EXPORT_NO_PACKAGE_REGISTRY=ON -DCMAKE_BUILD_TYPE=Release -DBUILD_TESTING=OFF -DCMAKE_INSTALL_LOCALEDIR=/nix/store/5gkwvrdksmayr9wfkmxlzcixdjlrfawg-zmk_go60_lh/share/locale -DCMAKE_INSTALL_LIBEXECDIR=/nix/store/5gkwvrdksmayr9wfkmxlzcixdjlrfawg-zmk_go60_lh/libexec -DCMAKE_INSTALL_LIBDIR=/nix/store/5gkwvrdksmayr9wfkmxlzcixdjlrfawg-zmk_go60_lh/lib -DCMAKE_INSTALL_DOCDIR=/nix/store/5gkwvrdksmayr9wfkmxlzcixdjlrfawg-zmk_go60_lh/share/doc/zmk -DCMAKE_INSTALL_INFODIR=/nix/store/5gkwvrdksmayr9wfkmxlzcixdjlrfawg-zmk_go60_lh/share/info -DCMAKE_INSTALL_MANDIR=/nix/store/5gkwvrdksmayr9wfkmxlzcixdjlrfawg-zmk_go60_lh/share/man -DCMAKE_INSTALL_OLDINCLUDEDIR=/nix/store/5gkwvrdksmayr9wfkmxlzcixdjlrfawg-zmk_go60_lh/include -DCMAKE_INSTALL_INCLUDEDIR=/nix/store/5gkwvrdksmayr9wfkmxlzcixdjlrfawg-zmk_go60_lh/include -DCMAKE_INSTALL_SBINDIR=/nix/store/5gkwvrdksmayr9wfkmxlzcixdjlrfawg-zmk_go60_lh/sbin -DCMAKE_INSTALL_BINDIR=/nix/store/5gkwvrdksmayr9wfkmxlzcixdjlrfawg-zmk_go60_lh/bin -DCMAKE_INSTALL_NAME_DIR=/nix/store/5gkwvrdksmayr9wfkmxlzcixdjlrfawg-zmk_go60_lh/lib -DCMAKE_POLICY_DEFAULT_CMP0025=NEW -DCMAKE_FIND_FRAMEWORK=LAST -DCMAKE_STRIP= -DCMAKE_RANLIB= -DCMAKE_AR= -DCMAKE_C_COMPILER= -DCMAKE_CXX_COMPILER= -DCMAKE_INSTALL_PREFIX=/nix/store/5gkwvrdksmayr9wfkmxlzcixdjlrfawg-zmk_go60_lh -DZEPHYR_BASE=/nix/store/pz26iwsn417j90xs7y7cwbsjnk7b1riv-zephyr/zephyr -DBOARD_ROOT=. -DBOARD=go60_lh -DZEPHYR_TOOLCHAIN_VARIANT=gnuarmemb -DGNUARMEMB_TOOLCHAIN_PATH=/nix/store/mczmw3rln2jm6nm080dapyjpj3833rg9-gcc-arm-embedded-12.3.rel1 -DCMAKE_C_COMPILER=/nix/store/mczmw3rln2jm6nm080dapyjpj3833rg9-gcc-arm-embedded-12.3.rel1/bin/arm-none-eabi-gcc -DCMAKE_CXX_COMPILER=/nix/store/mczmw3rln2jm6nm080dapyjpj3833rg9-gcc-arm-embedded-12.3.rel1/bin/arm-none-eabi-g++ -DCMAKE_AR=/nix/store/mczmw3rln2jm6nm080dapyjpj3833rg9-gcc-arm-embedded-12.3.rel1/bin/arm-none-eabi-ar -DCMAKE_RANLIB=/nix/store/mczmw3rln2jm6nm080dapyjpj3833rg9-gcc-arm-embedded-12.3.rel1/bin/arm-none-eabi-ranlib -DZEPHYR_MODULES=/nix/store/pq757h971kd946xqi9ckk2ylsj25i610-zmk-module-cmsis/cmsis\;/nix/store/wggfl9p3y2ahy21hb1gpfgr3fxsbv8ss-zmk-module-hal_nordic/hal_nordic\;/nix/store/grk5a1pd1mbzl3lgzf2amf7c0nbb0rvs-zmk-module-tinycrypt/tinycrypt\;/nix/store/44v1jwji8rksbmvsjwkd4igbb1vhxbl5-zmk-module-lvgl/lvgl\;/nix/store/4bn1207zpfrcdmf1ldh86ziaav3kwwbb-zmk-module-picolibc/picolibc\;/nix/store/w90l0zpl7slydmc947qscinn0d6rgq5c-zmk-module-segger/segger\;/nix/store/3581iwklzqcg4iyhlyqqrj7yvvm0pykl-cirque-input-module -DKEYMAP_FILE=/nix/store/cg30qjwcy517cvdqqniycpm1vbbn4lq9-zmk-multi-keyboard-build/boards/go60/go60.keymap -DEXTRA_CONF_FILE=/nix/store/cg30qjwcy517cvdqqniycpm1vbbn4lq9-zmk-multi-keyboard-build/boards/go60/go60.conf -DUSER_CACHE_DIR=/build/.cache
2026-02-25T03:51:25.2152504Z cmake flags: -GNinja -DCMAKE_FIND_USE_SYSTEM_PACKAGE_REGISTRY=OFF -DCMAKE_FIND_USE_PACKAGE_REGISTRY=OFF -DCMAKE_EXPORT_NO_PACKAGE_REGISTRY=ON -DCMAKE_BUILD_TYPE=Release -DBUILD_TESTING=OFF -DCMAKE_INSTALL_LOCALEDIR=/nix/store/z328l5mc403ql672w1dr2ln2jjqxawv6-zmk_go60_rh/share/locale -DCMAKE_INSTALL_LIBEXECDIR=/nix/store/z328l5mc403ql672w1dr2ln2jjqxawv6-zmk_go60_rh/libexec -DCMAKE_INSTALL_LIBDIR=/nix/store/z328l5mc403ql672w1dr2ln2jjqxawv6-zmk_go60_rh/lib -DCMAKE_INSTALL_DOCDIR=/nix/store/z328l5mc403ql672w1dr2ln2jjqxawv6-zmk_go60_rh/share/doc/zmk -DCMAKE_INSTALL_INFODIR=/nix/store/z328l5mc403ql672w1dr2ln2jjqxawv6-zmk_go60_rh/share/info -DCMAKE_INSTALL_MANDIR=/nix/store/z328l5mc403ql672w1dr2ln2jjqxawv6-zmk_go60_rh/share/man -DCMAKE_INSTALL_OLDINCLUDEDIR=/nix/store/z328l5mc403ql672w1dr2ln2jjqxawv6-zmk_go60_rh/include -DCMAKE_INSTALL_INCLUDEDIR=/nix/store/z328l5mc403ql672w1dr2ln2jjqxawv6-zmk_go60_rh/include -DCMAKE_INSTALL_SBINDIR=/nix/store/z328l5mc403ql672w1dr2ln2jjqxawv6-zmk_go60_rh/sbin -DCMAKE_INSTALL_BINDIR=/nix/store/z328l5mc403ql672w1dr2ln2jjqxawv6-zmk_go60_rh/bin -DCMAKE_INSTALL_NAME_DIR=/nix/store/z328l5mc403ql672w1dr2ln2jjqxawv6-zmk_go60_rh/lib -DCMAKE_POLICY_DEFAULT_CMP0025=NEW -DCMAKE_FIND_FRAMEWORK=LAST -DCMAKE_STRIP= -DCMAKE_RANLIB= -DCMAKE_AR= -DCMAKE_C_COMPILER= -DCMAKE_CXX_COMPILER= -DCMAKE_INSTALL_PREFIX=/nix/store/z328l5mc403ql672w1dr2ln2jjqxawv6-zmk_go60_rh -DZEPHYR_BASE=/nix/store/pz26iwsn417j90xs7y7cwbsjnk7b1riv-zephyr/zephyr -DBOARD_ROOT=. -DBOARD=go60_rh -DZEPHYR_TOOLCHAIN_VARIANT=gnuarmemb -DGNUARMEMB_TOOLCHAIN_PATH=/nix/store/mczmw3rln2jm6nm080dapyjpj3833rg9-gcc-arm-embedded-12.3.rel1 -DCMAKE_C_COMPILER=/nix/store/mczmw3rln2jm6nm080dapyjpj3833rg9-gcc-arm-embedded-12.3.rel1/bin/arm-none-eabi-gcc -DCMAKE_CXX_COMPILER=/nix/store/mczmw3rln2jm6nm080dapyjpj3833rg9-gcc-arm-embedded-12.3.rel1/bin/arm-none-eabi-g++ -DCMAKE_AR=/nix/store/mczmw3rln2jm6nm080dapyjpj3833rg9-gcc-arm-embedded-12.3.rel1/bin/arm-none-eabi-ar -DCMAKE_RANLIB=/nix/store/mczmw3rln2jm6nm080dapyjpj3833rg9-gcc-arm-embedded-12.3.rel1/bin/arm-none-eabi-ranlib -DZEPHYR_MODULES=/nix/store/pq757h971kd946xqi9ckk2ylsj25i610-zmk-module-cmsis/cmsis\;/nix/store/wggfl9p3y2ahy21hb1gpfgr3fxsbv8ss-zmk-module-hal_nordic/hal_nordic\;/nix/store/grk5a1pd1mbzl3lgzf2amf7c0nbb0rvs-zmk-module-tinycrypt/tinycrypt\;/nix/store/44v1jwji8rksbmvsjwkd4igbb1vhxbl5-zmk-module-lvgl/lvgl\;/nix/store/4bn1207zpfrcdmf1ldh86ziaav3kwwbb-zmk-module-picolibc/picolibc\;/nix/store/w90l0zpl7slydmc947qscinn0d6rgq5c-zmk-module-segger/segger\;/nix/store/3581iwklzqcg4iyhlyqqrj7yvvm0pykl-cirque-input-module -DKEYMAP_FILE=/nix/store/cg30qjwcy517cvdqqniycpm1vbbn4lq9-zmk-multi-keyboard-build/boards/go60/go60.keymap -DEXTRA_CONF_FILE=/nix/store/cg30qjwcy517cvdqqniycpm1vbbn4lq9-zmk-multi-keyboard-build/boards/go60/go60.conf -DUSER_CACHE_DIR=/build/.cache
2026-02-25T03:51:25.2171954Z Loading Zephyr default modules (Zephyr base (cached)).
2026-02-25T03:51:25.2172486Z -- Application: /build/source/app
2026-02-25T03:51:25.2172893Z -- CMake version: 3.30.5
2026-02-25T03:51:25.2228377Z Loading Zephyr default modules (Zephyr base (cached)).
2026-02-25T03:51:25.2230005Z -- Application: /build/source/app
2026-02-25T03:51:25.2231281Z -- CMake version: 3.30.5
2026-02-25T03:51:25.4282499Z -- Found Python3: /nix/store/3ym73yjdw7yg6sv3nwr0syligji76i3z-python3-3.12.7-env/bin/python (found suitable version "3.12.7", minimum required is "3.8") found components: Interpreter
2026-02-25T03:51:25.4290687Z -- Cache files will be written to: /build/.cache
2026-02-25T03:51:25.4371395Z -- Zephyr version: 3.5.0 (/nix/store/pz26iwsn417j90xs7y7cwbsjnk7b1riv-zephyr/zephyr)
2026-02-25T03:51:25.4373883Z -- Found Python3: /nix/store/3ym73yjdw7yg6sv3nwr0syligji76i3z-python3-3.12.7-env/bin/python (found suitable version "3.12.7", minimum required is "3.8") found components: Interpreter
2026-02-25T03:51:25.4378873Z -- Cache files will be written to: /build/.cache
2026-02-25T03:51:25.4447804Z -- Zephyr version: 3.5.0 (/nix/store/pz26iwsn417j90xs7y7cwbsjnk7b1riv-zephyr/zephyr)
2026-02-25T03:51:25.6095700Z -- Using keymap file: /nix/store/cg30qjwcy517cvdqqniycpm1vbbn4lq9-zmk-multi-keyboard-build/boards/go60/go60.keymap
2026-02-25T03:51:25.6140716Z -- Using keymap file: /nix/store/cg30qjwcy517cvdqqniycpm1vbbn4lq9-zmk-multi-keyboard-build/boards/go60/go60.keymap
2026-02-25T03:51:25.6141712Z -- Board: go60_lh
2026-02-25T03:51:25.6184509Z -- Board: go60_rh
2026-02-25T03:51:25.7841902Z -- Found toolchain: gnuarmemb (/nix/store/mczmw3rln2jm6nm080dapyjpj3833rg9-gcc-arm-embedded-12.3.rel1)
2026-02-25T03:51:25.7851326Z -- Found toolchain: gnuarmemb (/nix/store/mczmw3rln2jm6nm080dapyjpj3833rg9-gcc-arm-embedded-12.3.rel1)
2026-02-25T03:51:25.7921766Z -- Found Dtc: /nix/store/2nvmq98zj69i1af1ksh6m08hvfdkjv1z-dtc-1.7.2/bin/dtc (found suitable version "1.7.2", minimum required is "1.4.6")
2026-02-25T03:51:25.7922930Z -- Found BOARD.dts: /build/source/app/boards/arm/go60/go60_lh.dts
2026-02-25T03:51:25.7924031Z -- Found devicetree overlay: /nix/store/cg30qjwcy517cvdqqniycpm1vbbn4lq9-zmk-multi-keyboard-build/boards/go60/go60.keymap
2026-02-25T03:51:25.7925570Z -- Found Dtc: /nix/store/2nvmq98zj69i1af1ksh6m08hvfdkjv1z-dtc-1.7.2/bin/dtc (found suitable version "1.7.2", minimum required is "1.4.6")
2026-02-25T03:51:25.7926670Z -- Found BOARD.dts: /build/source/app/boards/arm/go60/go60_rh.dts
2026-02-25T03:51:25.7927725Z -- Found devicetree overlay: /nix/store/cg30qjwcy517cvdqqniycpm1vbbn4lq9-zmk-multi-keyboard-build/boards/go60/go60.keymap
2026-02-25T03:51:26.0012846Z devicetree error: /nix/store/cg30qjwcy517cvdqqniycpm1vbbn4lq9-zmk-multi-keyboard-build/boards/go60/../../shared/behaviors.dtsi:8 (column 21): parse error: expected number or parenthesized expression
2026-02-25T03:51:26.0015039Z devicetree error: /nix/store/cg30qjwcy517cvdqqniycpm1vbbn4lq9-zmk-multi-keyboard-build/boards/go60/../../shared/behaviors.dtsi:8 (column 21): parse error: expected number or parenthesized expression
2026-02-25T03:51:26.0126666Z -- In: /build/source/app/build/zephyr, command: /nix/store/3ym73yjdw7yg6sv3nwr0syligji76i3z-python3-3.12.7-env/bin/python;/nix/store/pz26iwsn417j90xs7y7cwbsjnk7b1riv-zephyr/zephyr/scripts/dts/gen_defines.py;--dts;/build/source/app/build/zephyr/zephyr.dts.pre;--dtc-flags;'-Wno-unique_unit_address_if_enabled';--bindings-dirs;/nix/store/3581iwklzqcg4iyhlyqqrj7yvvm0pykl-cirque-input-module/dts/bindings;/build/source/app/module/dts/bindings;/build/source/app/dts/bindings;/nix/store/pz26iwsn417j90xs7y7cwbsjnk7b1riv-zephyr/zephyr/dts/bindings;--header-out;/build/source/app/build/zephyr/include/generated/devicetree_generated.h.new;--dts-out;/build/source/app/build/zephyr/zephyr.dts.new;--edt-pickle-out;/build/source/app/build/zephyr/edt.pickle;--vendor-prefixes;/nix/store/3581iwklzqcg4iyhlyqqrj7yvvm0pykl-cirque-input-module/dts/bindings/vendor-prefixes.txt;--vendor-prefixes;/build/source/app/dts/bindings/vendor-prefixes.txt;--vendor-prefixes;/nix/store/pz26iwsn417j90xs7y7cwbsjnk7b1riv-zephyr/zephyr/dts/bindings/vendor-prefixes.txt
2026-02-25T03:51:26.0145325Z -- In: /build/source/app/build/zephyr, command: /nix/store/3ym73yjdw7yg6sv3nwr0syligji76i3z-python3-3.12.7-env/bin/python;/nix/store/pz26iwsn417j90xs7y7cwbsjnk7b1riv-zephyr/zephyr/scripts/dts/gen_defines.py;--dts;/build/source/app/build/zephyr/zephyr.dts.pre;--dtc-flags;'-Wno-unique_unit_address_if_enabled';--bindings-dirs;/nix/store/3581iwklzqcg4iyhlyqqrj7yvvm0pykl-cirque-input-module/dts/bindings;/build/source/app/module/dts/bindings;/build/source/app/dts/bindings;/nix/store/pz26iwsn417j90xs7y7cwbsjnk7b1riv-zephyr/zephyr/dts/bindings;--header-out;/build/source/app/build/zephyr/include/generated/devicetree_generated.h.new;--dts-out;/build/source/app/build/zephyr/zephyr.dts.new;--edt-pickle-out;/build/source/app/build/zephyr/edt.pickle;--vendor-prefixes;/nix/store/3581iwklzqcg4iyhlyqqrj7yvvm0pykl-cirque-input-module/dts/bindings/vendor-prefixes.txt;--vendor-prefixes;/build/source/app/dts/bindings/vendor-prefixes.txt;--vendor-prefixes;/nix/store/pz26iwsn417j90xs7y7cwbsjnk7b1riv-zephyr/zephyr/dts/bindings/vendor-prefixes.txt
2026-02-25T03:51:26.0155451Z CMake Error at /nix/store/pz26iwsn417j90xs7y7cwbsjnk7b1riv-zephyr/zephyr/cmake/modules/dts.cmake:279 (message):
2026-02-25T03:51:26.0156369Z   gen_defines.py failed with return code: 1
2026-02-25T03:51:26.0156814Z Call Stack (most recent call first):
2026-02-25T03:51:26.0157579Z   /nix/store/pz26iwsn417j90xs7y7cwbsjnk7b1riv-zephyr/zephyr/cmake/modules/zephyr_default.cmake:129 (include)
2026-02-25T03:51:26.0158356Z   /nix/store/pz26iwsn417j90xs7y7cwbsjnk7b1riv-zephyr/zephyr/share/zephyr-package/cmake/ZephyrConfig.cmake:66 (include)
2026-02-25T03:51:26.0159615Z   /nix/store/pz26iwsn417j90xs7y7cwbsjnk7b1riv-zephyr/zephyr/share/zephyr-package/cmake/ZephyrConfig.cmake:97 (include_boilerplate)
2026-02-25T03:51:26.0160243Z   CMakeLists.txt:9 (find_package)
2026-02-25T03:51:26.0160411Z 
2026-02-25T03:51:26.0160415Z 
2026-02-25T03:51:26.0160518Z -- Configuring incomplete, errors occurred!
2026-02-25T03:51:26.0161037Z CMake Error at /nix/store/pz26iwsn417j90xs7y7cwbsjnk7b1riv-zephyr/zephyr/cmake/modules/dts.cmake:279 (message):
2026-02-25T03:51:26.0161888Z   gen_defines.py failed with return code: 1
2026-02-25T03:51:26.0162335Z Call Stack (most recent call first):
2026-02-25T03:51:26.0163167Z   /nix/store/pz26iwsn417j90xs7y7cwbsjnk7b1riv-zephyr/zephyr/cmake/modules/zephyr_default.cmake:129 (include)
2026-02-25T03:51:26.0164510Z   /nix/store/pz26iwsn417j90xs7y7cwbsjnk7b1riv-zephyr/zephyr/share/zephyr-package/cmake/ZephyrConfig.cmake:66 (include)
2026-02-25T03:51:26.0166032Z   /nix/store/pz26iwsn417j90xs7y7cwbsjnk7b1riv-zephyr/zephyr/share/zephyr-package/cmake/ZephyrConfig.cmake:97 (include_boilerplate)
2026-02-25T03:51:26.0167166Z   CMakeLists.txt:9 (find_package)
2026-02-25T03:51:26.0167449Z 
2026-02-25T03:51:26.0167455Z 
2026-02-25T03:51:26.0167624Z -- Configuring incomplete, errors occurred!
2026-02-25T03:51:26.0961061Z error: builder for '/nix/store/7y788gnb28his7brpgxvrg2b146dzs69-zmk_go60_rh.drv' failed with exit code 1;
2026-02-25T03:51:26.0961698Z        last 10 log lines:
2026-02-25T03:51:26.0962207Z        > CMake Error at /nix/store/pz26iwsn417j90xs7y7cwbsjnk7b1riv-zephyr/zephyr/cmake/modules/dts.cmake:279 (message):
2026-02-25T03:51:26.0962780Z        >   gen_defines.py failed with return code: 1
2026-02-25T03:51:26.0963080Z        > Call Stack (most recent call first):
2026-02-25T03:51:26.0963621Z        >   /nix/store/pz26iwsn417j90xs7y7cwbsjnk7b1riv-zephyr/zephyr/cmake/modules/zephyr_default.cmake:129 (include)
2026-02-25T03:51:26.0964467Z        >   /nix/store/pz26iwsn417j90xs7y7cwbsjnk7b1riv-zephyr/zephyr/share/zephyr-package/cmake/ZephyrConfig.cmake:66 (include)
2026-02-25T03:51:26.0965386Z        >   /nix/store/pz26iwsn417j90xs7y7cwbsjnk7b1riv-zephyr/zephyr/share/zephyr-package/cmake/ZephyrConfig.cmake:97 (include_boilerplate)
2026-02-25T03:51:26.0966028Z        >   CMakeLists.txt:9 (find_package)
2026-02-25T03:51:26.0966279Z        >
2026-02-25T03:51:26.0966434Z        > 
2026-02-25T03:51:26.0966660Z        > -- Configuring incomplete, errors occurred!
2026-02-25T03:51:26.0967107Z        For full logs, run 'nix log /nix/store/7y788gnb28his7brpgxvrg2b146dzs69-zmk_go60_rh.drv'.
2026-02-25T03:51:26.1963216Z error: 1 dependencies of derivation '/nix/store/68miqjwjrx42nxx467p0bsg263g54i93-combined_zmk_go60_lh_zmk_go60_rh.drv' failed to build
2026-02-25T03:51:26.2085702Z ##[error]Process completed with exit code 1.
2026-02-25T03:51:26.2138127Z Post job cleanup.
2026-02-25T03:51:26.2568372Z ##[group]Cachix: push
2026-02-25T03:51:26.2569702Z Pushing is disabled as skipPush is set to true
2026-02-25T03:51:26.2570507Z ##[endgroup]
2026-02-25T03:51:26.2667194Z Post job cleanup.
2026-02-25T03:51:26.3601267Z [command]/usr/bin/git version
2026-02-25T03:51:26.3636230Z git version 2.52.0
2026-02-25T03:51:26.3678002Z Temporarily overriding HOME='/home/runner/work/_temp/7f4f141f-ca98-4303-84bc-475d87afcc06' before making global git config changes
2026-02-25T03:51:26.3679330Z Adding repository directory to the temporary git global config as a safe directory
2026-02-25T03:51:26.3690518Z [command]/usr/bin/git config --global --add safe.directory /home/runner/work/zmk-multi-keyboard-build/zmk-multi-keyboard-build/src
2026-02-25T03:51:26.3723245Z [command]/usr/bin/git config --local --name-only --get-regexp core\.sshCommand
2026-02-25T03:51:26.3754053Z [command]/usr/bin/git submodule foreach --recursive sh -c "git config --local --name-only --get-regexp 'core\.sshCommand' && git config --local --unset-all 'core.sshCommand' || :"
2026-02-25T03:51:26.3986275Z [command]/usr/bin/git config --local --name-only --get-regexp http\.https\:\/\/github\.com\/\.extraheader
2026-02-25T03:51:26.4005917Z http.https://github.com/.extraheader
2026-02-25T03:51:26.4018250Z [command]/usr/bin/git config --local --unset-all http.https://github.com/.extraheader
2026-02-25T03:51:26.4047241Z [command]/usr/bin/git submodule foreach --recursive sh -c "git config --local --name-only --get-regexp 'http\.https\:\/\/github\.com\/\.extraheader' && git config --local --unset-all 'http.https://github.com/.extraheader' || :"
2026-02-25T03:51:26.4267890Z [command]/usr/bin/git config --local --name-only --get-regexp ^includeIf\.gitdir:
2026-02-25T03:51:26.4298448Z [command]/usr/bin/git submodule foreach --recursive git config --local --show-origin --name-only --get-regexp remote.origin.url
2026-02-25T03:51:26.4653293Z Post job cleanup.
2026-02-25T03:51:26.5583467Z [command]/usr/bin/git version
2026-02-25T03:51:26.5618344Z git version 2.52.0
2026-02-25T03:51:26.5661926Z Temporarily overriding HOME='/home/runner/work/_temp/8918c068-7d57-41f2-a335-7fac2cc30183' before making global git config changes
2026-02-25T03:51:26.5663284Z Adding repository directory to the temporary git global config as a safe directory
2026-02-25T03:51:26.5670422Z [command]/usr/bin/git config --global --add safe.directory /home/runner/work/zmk-multi-keyboard-build/zmk-multi-keyboard-build
2026-02-25T03:51:26.5711297Z [command]/usr/bin/git config --local --name-only --get-regexp core\.sshCommand
2026-02-25T03:51:26.5743694Z [command]/usr/bin/git submodule foreach --recursive sh -c "git config --local --name-only --get-regexp 'core\.sshCommand' && git config --local --unset-all 'core.sshCommand' || :"
2026-02-25T03:51:26.5966549Z [command]/usr/bin/git config --local --name-only --get-regexp http\.https\:\/\/github\.com\/\.extraheader
2026-02-25T03:51:26.5987181Z http.https://github.com/.extraheader
2026-02-25T03:51:26.6000857Z [command]/usr/bin/git config --local --unset-all http.https://github.com/.extraheader
2026-02-25T03:51:26.6031909Z [command]/usr/bin/git submodule foreach --recursive sh -c "git config --local --name-only --get-regexp 'http\.https\:\/\/github\.com\/\.extraheader' && git config --local --unset-all 'http.https://github.com/.extraheader' || :"
2026-02-25T03:51:26.6265844Z [command]/usr/bin/git config --local --name-only --get-regexp ^includeIf\.gitdir:
2026-02-25T03:51:26.6302843Z [command]/usr/bin/git submodule foreach --recursive git config --local --show-origin --name-only --get-regexp remote.origin.url
2026-02-25T03:51:26.6653723Z Cleaning up orphan processes
