2026-02-22T00:07:32.5084687Z Current runner version: '2.331.0'
2026-02-22T00:07:32.5108490Z ##[group]Runner Image Provisioner
2026-02-22T00:07:32.5109444Z Hosted Compute Agent
2026-02-22T00:07:32.5110006Z Version: 20260123.484
2026-02-22T00:07:32.5110537Z Commit: 6bd6555ca37d84114959e1c76d2c01448ff61c5d
2026-02-22T00:07:32.5111291Z Build Date: 2026-01-23T19:41:17Z
2026-02-22T00:07:32.5111905Z Worker ID: {e4ccf8ff-6fbd-42aa-a791-8b44851de009}
2026-02-22T00:07:32.5112759Z Azure Region: westus
2026-02-22T00:07:32.5113321Z ##[endgroup]
2026-02-22T00:07:32.5114709Z ##[group]Operating System
2026-02-22T00:07:32.5115269Z Ubuntu
2026-02-22T00:07:32.5115809Z 24.04.3
2026-02-22T00:07:32.5116229Z LTS
2026-02-22T00:07:32.5116721Z ##[endgroup]
2026-02-22T00:07:32.5117258Z ##[group]Runner Image
2026-02-22T00:07:32.5117760Z Image: ubuntu-24.04
2026-02-22T00:07:32.5118266Z Version: 20260201.15.1
2026-02-22T00:07:32.5119438Z Included Software: https://github.com/actions/runner-images/blob/ubuntu24/20260201.15/images/ubuntu/Ubuntu2404-Readme.md
2026-02-22T00:07:32.5120875Z Image Release: https://github.com/actions/runner-images/releases/tag/ubuntu24%2F20260201.15
2026-02-22T00:07:32.5121821Z ##[endgroup]
2026-02-22T00:07:32.5123247Z ##[group]GITHUB_TOKEN Permissions
2026-02-22T00:07:32.5125372Z Contents: read
2026-02-22T00:07:32.5125907Z Metadata: read
2026-02-22T00:07:32.5126401Z Packages: read
2026-02-22T00:07:32.5126843Z ##[endgroup]
2026-02-22T00:07:32.5129161Z Secret source: Actions
2026-02-22T00:07:32.5129973Z Prepare workflow directory
2026-02-22T00:07:32.5458932Z Prepare all required actions
2026-02-22T00:07:32.5497318Z Getting action download info
2026-02-22T00:07:33.0268234Z Download action repository 'actions/checkout@v4' (SHA:34e114876b0b11c390a56381ad16ebd13914f8d5)
2026-02-22T00:07:33.1243611Z Download action repository 'cachix/install-nix-action@v25' (SHA:6004951b182f8860210c8d6f0d808ec5b1a33d28)
2026-02-22T00:07:33.5571984Z Download action repository 'cachix/cachix-action@v14' (SHA:18cf96c7c98e048e10a83abd92116114cd8504be)
2026-02-22T00:07:34.0708667Z Download action repository 'actions/upload-artifact@v4' (SHA:ea165f8d65b6e75b540449e92b4886f43607fa02)
2026-02-22T00:07:34.3141084Z Complete job name: Build Glove80
2026-02-22T00:07:34.3879485Z ##[group]Run actions/checkout@v4
2026-02-22T00:07:34.3880421Z with:
2026-02-22T00:07:34.3880970Z   repository: nothingfortune/zmk-custom-functions-lib
2026-02-22T00:07:34.3881841Z   token: ***
2026-02-22T00:07:34.3882450Z   ssh-strict: true
2026-02-22T00:07:34.3882909Z   ssh-user: git
2026-02-22T00:07:34.3883386Z   persist-credentials: true
2026-02-22T00:07:34.3883891Z   clean: true
2026-02-22T00:07:34.3884347Z   sparse-checkout-cone-mode: true
2026-02-22T00:07:34.3884881Z   fetch-depth: 1
2026-02-22T00:07:34.3885323Z   fetch-tags: false
2026-02-22T00:07:34.3885776Z   show-progress: true
2026-02-22T00:07:34.3886241Z   lfs: false
2026-02-22T00:07:34.3886673Z   submodules: false
2026-02-22T00:07:34.3887128Z   set-safe-directory: true
2026-02-22T00:07:34.3887896Z ##[endgroup]
2026-02-22T00:07:34.4968391Z Syncing repository: nothingfortune/zmk-custom-functions-lib
2026-02-22T00:07:34.4970395Z ##[group]Getting Git version info
2026-02-22T00:07:34.4971471Z Working directory is '/home/runner/work/zmk-custom-functions-lib/zmk-custom-functions-lib'
2026-02-22T00:07:34.4973034Z [command]/usr/bin/git version
2026-02-22T00:07:34.5077368Z git version 2.52.0
2026-02-22T00:07:34.5104011Z ##[endgroup]
2026-02-22T00:07:34.5119999Z Temporarily overriding HOME='/home/runner/work/_temp/9484d571-e33c-4e8d-9eb9-590ba54ada50' before making global git config changes
2026-02-22T00:07:34.5122995Z Adding repository directory to the temporary git global config as a safe directory
2026-02-22T00:07:34.5135438Z [command]/usr/bin/git config --global --add safe.directory /home/runner/work/zmk-custom-functions-lib/zmk-custom-functions-lib
2026-02-22T00:07:34.5177484Z Deleting the contents of '/home/runner/work/zmk-custom-functions-lib/zmk-custom-functions-lib'
2026-02-22T00:07:34.5180774Z ##[group]Initializing the repository
2026-02-22T00:07:34.5186564Z [command]/usr/bin/git init /home/runner/work/zmk-custom-functions-lib/zmk-custom-functions-lib
2026-02-22T00:07:34.5297038Z hint: Using 'master' as the name for the initial branch. This default branch name
2026-02-22T00:07:34.5298633Z hint: will change to "main" in Git 3.0. To configure the initial branch name
2026-02-22T00:07:34.5299708Z hint: to use in all of your new repositories, which will suppress this warning,
2026-02-22T00:07:34.5300811Z hint: call:
2026-02-22T00:07:34.5301623Z hint:
2026-02-22T00:07:34.5302673Z hint: 	git config --global init.defaultBranch <name>
2026-02-22T00:07:34.5303849Z hint:
2026-02-22T00:07:34.5305033Z hint: Names commonly chosen instead of 'master' are 'main', 'trunk' and
2026-02-22T00:07:34.5306973Z hint: 'development'. The just-created branch can be renamed via this command:
2026-02-22T00:07:34.5308532Z hint:
2026-02-22T00:07:34.5309356Z hint: 	git branch -m <name>
2026-02-22T00:07:34.5310263Z hint:
2026-02-22T00:07:34.5311445Z hint: Disable this message with "git config set advice.defaultBranchName false"
2026-02-22T00:07:34.5314428Z Initialized empty Git repository in /home/runner/work/zmk-custom-functions-lib/zmk-custom-functions-lib/.git/
2026-02-22T00:07:34.5318439Z [command]/usr/bin/git remote add origin https://github.com/nothingfortune/zmk-custom-functions-lib
2026-02-22T00:07:34.5353733Z ##[endgroup]
2026-02-22T00:07:34.5355118Z ##[group]Disabling automatic garbage collection
2026-02-22T00:07:34.5358616Z [command]/usr/bin/git config --local gc.auto 0
2026-02-22T00:07:34.5389522Z ##[endgroup]
2026-02-22T00:07:34.5391301Z ##[group]Setting up auth
2026-02-22T00:07:34.5397716Z [command]/usr/bin/git config --local --name-only --get-regexp core\.sshCommand
2026-02-22T00:07:34.5427933Z [command]/usr/bin/git submodule foreach --recursive sh -c "git config --local --name-only --get-regexp 'core\.sshCommand' && git config --local --unset-all 'core.sshCommand' || :"
2026-02-22T00:07:34.5822014Z [command]/usr/bin/git config --local --name-only --get-regexp http\.https\:\/\/github\.com\/\.extraheader
2026-02-22T00:07:34.5855478Z [command]/usr/bin/git submodule foreach --recursive sh -c "git config --local --name-only --get-regexp 'http\.https\:\/\/github\.com\/\.extraheader' && git config --local --unset-all 'http.https://github.com/.extraheader' || :"
2026-02-22T00:07:34.6097665Z [command]/usr/bin/git config --local --name-only --get-regexp ^includeIf\.gitdir:
2026-02-22T00:07:34.6130659Z [command]/usr/bin/git submodule foreach --recursive git config --local --show-origin --name-only --get-regexp remote.origin.url
2026-02-22T00:07:34.6387514Z [command]/usr/bin/git config --local http.https://github.com/.extraheader AUTHORIZATION: basic ***
2026-02-22T00:07:34.6423087Z ##[endgroup]
2026-02-22T00:07:34.6424005Z ##[group]Fetching the repository
2026-02-22T00:07:34.6432969Z [command]/usr/bin/git -c protocol.version=2 fetch --no-tags --prune --no-recurse-submodules --depth=1 origin +d92c15c5c4ea71b9ba6013456fecdebae200a0cf:refs/remotes/origin/main
2026-02-22T00:07:35.0405290Z From https://github.com/nothingfortune/zmk-custom-functions-lib
2026-02-22T00:07:35.0407215Z  * [new ref]         d92c15c5c4ea71b9ba6013456fecdebae200a0cf -> origin/main
2026-02-22T00:07:35.0439976Z ##[endgroup]
2026-02-22T00:07:35.0440754Z ##[group]Determining the checkout info
2026-02-22T00:07:35.0441996Z ##[endgroup]
2026-02-22T00:07:35.0447137Z [command]/usr/bin/git sparse-checkout disable
2026-02-22T00:07:35.0490360Z [command]/usr/bin/git config --local --unset-all extensions.worktreeConfig
2026-02-22T00:07:35.0516857Z ##[group]Checking out the ref
2026-02-22T00:07:35.0520349Z [command]/usr/bin/git checkout --progress --force -B main refs/remotes/origin/main
2026-02-22T00:07:35.0631465Z Switched to a new branch 'main'
2026-02-22T00:07:35.0634151Z branch 'main' set up to track 'origin/main'.
2026-02-22T00:07:35.0641328Z ##[endgroup]
2026-02-22T00:07:35.0677398Z [command]/usr/bin/git log -1 --format=%H
2026-02-22T00:07:35.0700654Z d92c15c5c4ea71b9ba6013456fecdebae200a0cf
2026-02-22T00:07:35.0961580Z ##[group]Run actions/checkout@v4
2026-02-22T00:07:35.0962601Z with:
2026-02-22T00:07:35.0963032Z   repository: moergo-sc/zmk
2026-02-22T00:07:35.0963524Z   ref: main
2026-02-22T00:07:35.0963922Z   path: src
2026-02-22T00:07:35.0964494Z   token: ***
2026-02-22T00:07:35.0964907Z   ssh-strict: true
2026-02-22T00:07:35.0965343Z   ssh-user: git
2026-02-22T00:07:35.0965785Z   persist-credentials: true
2026-02-22T00:07:35.0966275Z   clean: true
2026-02-22T00:07:35.0966709Z   sparse-checkout-cone-mode: true
2026-02-22T00:07:35.0967227Z   fetch-depth: 1
2026-02-22T00:07:35.0967649Z   fetch-tags: false
2026-02-22T00:07:35.0968085Z   show-progress: true
2026-02-22T00:07:35.0968515Z   lfs: false
2026-02-22T00:07:35.0968918Z   submodules: false
2026-02-22T00:07:35.0969363Z   set-safe-directory: true
2026-02-22T00:07:35.0969843Z ##[endgroup]
2026-02-22T00:07:35.1909981Z Syncing repository: moergo-sc/zmk
2026-02-22T00:07:35.1916757Z ##[group]Getting Git version info
2026-02-22T00:07:35.1918045Z Working directory is '/home/runner/work/zmk-custom-functions-lib/zmk-custom-functions-lib/src'
2026-02-22T00:07:35.1957585Z [command]/usr/bin/git version
2026-02-22T00:07:35.1993981Z git version 2.52.0
2026-02-22T00:07:35.2089493Z ##[endgroup]
2026-02-22T00:07:35.2093174Z Temporarily overriding HOME='/home/runner/work/_temp/f0d0d824-a606-488e-a6bd-c648269a6616' before making global git config changes
2026-02-22T00:07:35.2095810Z Adding repository directory to the temporary git global config as a safe directory
2026-02-22T00:07:35.2098420Z [command]/usr/bin/git config --global --add safe.directory /home/runner/work/zmk-custom-functions-lib/zmk-custom-functions-lib/src
2026-02-22T00:07:35.2102106Z ##[group]Initializing the repository
2026-02-22T00:07:35.2104037Z [command]/usr/bin/git init /home/runner/work/zmk-custom-functions-lib/zmk-custom-functions-lib/src
2026-02-22T00:07:35.2128354Z hint: Using 'master' as the name for the initial branch. This default branch name
2026-02-22T00:07:35.2130226Z hint: will change to "main" in Git 3.0. To configure the initial branch name
2026-02-22T00:07:35.2131395Z hint: to use in all of your new repositories, which will suppress this warning,
2026-02-22T00:07:35.2132367Z hint: call:
2026-02-22T00:07:35.2132810Z hint:
2026-02-22T00:07:35.2133327Z hint: 	git config --global init.defaultBranch <name>
2026-02-22T00:07:35.2133945Z hint:
2026-02-22T00:07:35.2134560Z hint: Names commonly chosen instead of 'master' are 'main', 'trunk' and
2026-02-22T00:07:35.2136179Z hint: 'development'. The just-created branch can be renamed via this command:
2026-02-22T00:07:35.2136948Z hint:
2026-02-22T00:07:35.2137375Z hint: 	git branch -m <name>
2026-02-22T00:07:35.2137861Z hint:
2026-02-22T00:07:35.2138695Z hint: Disable this message with "git config set advice.defaultBranchName false"
2026-02-22T00:07:35.2140668Z Initialized empty Git repository in /home/runner/work/zmk-custom-functions-lib/zmk-custom-functions-lib/src/.git/
2026-02-22T00:07:35.2142823Z [command]/usr/bin/git remote add origin https://github.com/moergo-sc/zmk
2026-02-22T00:07:35.2171174Z ##[endgroup]
2026-02-22T00:07:35.2171974Z ##[group]Disabling automatic garbage collection
2026-02-22T00:07:35.2175708Z [command]/usr/bin/git config --local gc.auto 0
2026-02-22T00:07:35.2205377Z ##[endgroup]
2026-02-22T00:07:35.2206828Z ##[group]Setting up auth
2026-02-22T00:07:35.2212467Z [command]/usr/bin/git config --local --name-only --get-regexp core\.sshCommand
2026-02-22T00:07:35.2243105Z [command]/usr/bin/git submodule foreach --recursive sh -c "git config --local --name-only --get-regexp 'core\.sshCommand' && git config --local --unset-all 'core.sshCommand' || :"
2026-02-22T00:07:35.2465791Z [command]/usr/bin/git config --local --name-only --get-regexp http\.https\:\/\/github\.com\/\.extraheader
2026-02-22T00:07:35.2498868Z [command]/usr/bin/git submodule foreach --recursive sh -c "git config --local --name-only --get-regexp 'http\.https\:\/\/github\.com\/\.extraheader' && git config --local --unset-all 'http.https://github.com/.extraheader' || :"
2026-02-22T00:07:35.2725097Z [command]/usr/bin/git config --local --name-only --get-regexp ^includeIf\.gitdir:
2026-02-22T00:07:35.2758657Z [command]/usr/bin/git submodule foreach --recursive git config --local --show-origin --name-only --get-regexp remote.origin.url
2026-02-22T00:07:35.2986373Z [command]/usr/bin/git config --local http.https://github.com/.extraheader AUTHORIZATION: basic ***
2026-02-22T00:07:35.3021620Z ##[endgroup]
2026-02-22T00:07:35.3023387Z ##[group]Fetching the repository
2026-02-22T00:07:35.3031710Z [command]/usr/bin/git -c protocol.version=2 fetch --no-tags --prune --no-recurse-submodules --depth=1 origin +refs/heads/main*:refs/remotes/origin/main* +refs/tags/main*:refs/tags/main*
2026-02-22T00:07:36.0773718Z From https://github.com/moergo-sc/zmk
2026-02-22T00:07:36.0774837Z  * [new branch]      main       -> origin/main
2026-02-22T00:07:36.0803954Z ##[endgroup]
2026-02-22T00:07:36.0805611Z ##[group]Determining the checkout info
2026-02-22T00:07:36.0810580Z [command]/usr/bin/git branch --list --remote origin/main
2026-02-22T00:07:36.0834229Z   origin/main
2026-02-22T00:07:36.0839571Z ##[endgroup]
2026-02-22T00:07:36.0843462Z [command]/usr/bin/git sparse-checkout disable
2026-02-22T00:07:36.0877604Z [command]/usr/bin/git config --local --unset-all extensions.worktreeConfig
2026-02-22T00:07:36.0903724Z ##[group]Checking out the ref
2026-02-22T00:07:36.0906797Z [command]/usr/bin/git checkout --progress --force -B main refs/remotes/origin/main
2026-02-22T00:07:36.2274500Z Switched to a new branch 'main'
2026-02-22T00:07:36.2276699Z branch 'main' set up to track 'origin/main'.
2026-02-22T00:07:36.2289848Z ##[endgroup]
2026-02-22T00:07:36.2337797Z [command]/usr/bin/git log -1 --format=%H
2026-02-22T00:07:36.2363353Z 11454d23596afbdb06380a1125371b19ab65675c
2026-02-22T00:07:36.2666282Z ##[group]Run cachix/install-nix-action@v25
2026-02-22T00:07:36.2667507Z with:
2026-02-22T00:07:36.2668344Z   nix_path: nixpkgs=channel:nixos-22.05
2026-02-22T00:07:36.2669475Z   enable_kvm: true
2026-02-22T00:07:36.2670306Z ##[endgroup]
2026-02-22T00:07:36.2781522Z ##[group]Run ${GITHUB_ACTION_PATH}/install-nix.sh
2026-02-22T00:07:36.2783127Z [36;1m${GITHUB_ACTION_PATH}/install-nix.sh[0m
2026-02-22T00:07:36.2821712Z shell: /usr/bin/bash --noprofile --norc -e -o pipefail {0}
2026-02-22T00:07:36.2823180Z env:
2026-02-22T00:07:36.2823912Z   INPUT_EXTRA_NIX_CONFIG: 
2026-02-22T00:07:36.2824857Z   INPUT_GITHUB_ACCESS_TOKEN: 
2026-02-22T00:07:36.2825831Z   INPUT_INSTALL_OPTIONS: 
2026-02-22T00:07:36.2826738Z   INPUT_INSTALL_URL: 
2026-02-22T00:07:36.2827683Z   INPUT_NIX_PATH: nixpkgs=channel:nixos-22.05
2026-02-22T00:07:36.2828833Z   INPUT_ENABLE_KVM: true
2026-02-22T00:07:36.2830244Z   GITHUB_TOKEN: ***
2026-02-22T00:07:36.2831045Z ##[endgroup]
2026-02-22T00:07:36.2941647Z ##[group]Enabling KVM support
2026-02-22T00:07:36.3008762Z KERNEL=="kvm", GROUP="kvm", MODE="0666", OPTIONS+="static_node=kvm"
2026-02-22T00:07:36.3315208Z Enabled KVM
2026-02-22T00:07:36.3317536Z ##[endgroup]
2026-02-22T00:07:36.3319117Z ##[group]Installing Nix
2026-02-22T00:07:36.3605546Z installer options: --no-channel-add --darwin-use-unencrypted-nix-store-volume --nix-extra-conf-file /tmp/tmp.5xWtjA8e9O/nix.conf --daemon --daemon-user-count 8
2026-02-22T00:07:36.3694320Z * Host releases.nixos.org:443 was resolved.
2026-02-22T00:07:36.3701045Z * IPv6: 2a04:4e42:2f::347
2026-02-22T00:07:36.3702828Z * IPv4: 151.101.201.91
2026-02-22T00:07:36.3704355Z *   Trying 151.101.201.91:443...
2026-02-22T00:07:36.3706461Z * Connected to releases.nixos.org (151.101.201.91) port 443
2026-02-22T00:07:36.3719053Z * ALPN: curl offers h2,http/1.1
2026-02-22T00:07:36.3721003Z } [5 bytes data]
2026-02-22T00:07:36.3722612Z * TLSv1.3 (OUT), TLS handshake, Client hello (1):
2026-02-22T00:07:36.3935595Z } [512 bytes data]
2026-02-22T00:07:36.3937283Z *  CAfile: /etc/ssl/certs/ca-certificates.crt
2026-02-22T00:07:36.3938870Z *  CApath: /etc/ssl/certs
2026-02-22T00:07:36.3940176Z { [5 bytes data]
2026-02-22T00:07:36.3941393Z * TLSv1.3 (IN), TLS handshake, Server hello (2):
2026-02-22T00:07:36.3943221Z { [122 bytes data]
2026-02-22T00:07:36.3945199Z * TLSv1.3 (IN), TLS handshake, Encrypted Extensions (8):
2026-02-22T00:07:36.3947722Z { [19 bytes data]
2026-02-22T00:07:36.3949361Z * TLSv1.3 (IN), TLS handshake, Certificate (11):
2026-02-22T00:07:36.3951249Z { [2602 bytes data]
2026-02-22T00:07:36.3953341Z * TLSv1.3 (IN), TLS handshake, CERT verify (15):
2026-02-22T00:07:36.3955132Z { [264 bytes data]
2026-02-22T00:07:36.3956085Z * TLSv1.3 (IN), TLS handshake, Finished (20):
2026-02-22T00:07:36.3957472Z { [36 bytes data]
2026-02-22T00:07:36.3958650Z * TLSv1.3 (OUT), TLS change cipher, Change cipher spec (1):
2026-02-22T00:07:36.3960066Z } [1 bytes data]
2026-02-22T00:07:36.3961087Z * TLSv1.3 (OUT), TLS handshake, Finished (20):
2026-02-22T00:07:36.3962472Z } [36 bytes data]
2026-02-22T00:07:36.3963793Z * SSL connection using TLSv1.3 / TLS_AES_128_GCM_SHA256 / X25519 / RSASSA-PSS
2026-02-22T00:07:36.3965369Z * ALPN: server accepted h2
2026-02-22T00:07:36.3966298Z * Server certificate:
2026-02-22T00:07:36.3967841Z *  subject: CN=releases.nixos.org
2026-02-22T00:07:36.3969485Z *  start date: Jan 13 01:58:01 2026 GMT
2026-02-22T00:07:36.3971174Z *  expire date: Apr 13 01:58:00 2026 GMT
2026-02-22T00:07:36.3974486Z *  subjectAltName: host "releases.nixos.org" matched cert's "releases.nixos.org"
2026-02-22T00:07:36.3977143Z *  issuer: C=US; O=Let's Encrypt; CN=R12
2026-02-22T00:07:36.3978859Z *  SSL certificate verify ok.
2026-02-22T00:07:36.3981696Z *   Certificate level 0: Public key type RSA (2048/112 Bits/secBits), signed using sha256WithRSAEncryption
2026-02-22T00:07:36.3985841Z *   Certificate level 1: Public key type RSA (2048/112 Bits/secBits), signed using sha256WithRSAEncryption
2026-02-22T00:07:36.3990283Z *   Certificate level 2: Public key type RSA (4096/152 Bits/secBits), signed using sha256WithRSAEncryption
2026-02-22T00:07:36.3993454Z { [5 bytes data]
2026-02-22T00:07:36.3994814Z * TLSv1.3 (IN), TLS handshake, Newsession Ticket (4):
2026-02-22T00:07:36.3996154Z { [201 bytes data]
2026-02-22T00:07:36.3996922Z * using HTTP/2
2026-02-22T00:07:36.3998202Z * [HTTP/2] [1] OPENED stream for https://releases.nixos.org/nix/nix-2.19.2/install
2026-02-22T00:07:36.3999762Z * [HTTP/2] [1] [:method: GET]
2026-02-22T00:07:36.4000683Z * [HTTP/2] [1] [:scheme: https]
2026-02-22T00:07:36.4001712Z * [HTTP/2] [1] [:authority: releases.nixos.org]
2026-02-22T00:07:36.4003164Z * [HTTP/2] [1] [:path: /nix/nix-2.19.2/install]
2026-02-22T00:07:36.4004308Z * [HTTP/2] [1] [user-agent: curl/8.5.0]
2026-02-22T00:07:36.4005350Z * [HTTP/2] [1] [accept: */*]
2026-02-22T00:07:36.4006237Z } [5 bytes data]
2026-02-22T00:07:36.4007026Z > GET /nix/nix-2.19.2/install HTTP/2
2026-02-22T00:07:36.4008057Z > Host: releases.nixos.org
2026-02-22T00:07:36.4008948Z > User-Agent: curl/8.5.0
2026-02-22T00:07:36.4009817Z > Accept: */*
2026-02-22T00:07:36.4010512Z > 
2026-02-22T00:07:36.4011206Z { [5 bytes data]
2026-02-22T00:07:36.4011976Z < HTTP/2 200 
2026-02-22T00:07:36.4013002Z < last-modified: Wed, 29 Nov 2023 16:16:25 GMT
2026-02-22T00:07:36.4014142Z < etag: "65029e6468c72d36dcb083ab91c4a430"
2026-02-22T00:07:36.4015260Z < x-amz-server-side-encryption: AES256
2026-02-22T00:07:36.4016328Z < content-type: text/plain
2026-02-22T00:07:36.4017196Z < server: AmazonS3
2026-02-22T00:07:36.4017969Z < via: 1.1 varnish, 1.1 varnish
2026-02-22T00:07:36.4018928Z < access-control-allow-origin: *
2026-02-22T00:07:36.4019915Z < accept-ranges: bytes
2026-02-22T00:07:36.4020711Z < age: 61222
2026-02-22T00:07:36.4021437Z < date: Sun, 22 Feb 2026 00:07:36 GMT
2026-02-22T00:07:36.4022838Z < x-served-by: cache-dub4395-DUB, cache-pao-kpao1770038-PAO
2026-02-22T00:07:36.4024092Z < x-cache: HIT, HIT
2026-02-22T00:07:36.4024840Z < x-cache-hits: 488, 0
2026-02-22T00:07:36.4025635Z < content-length: 4052
2026-02-22T00:07:36.4026406Z < 
2026-02-22T00:07:36.4027030Z { [4052 bytes data]
2026-02-22T00:07:36.4027968Z * Connection #0 to host releases.nixos.org left intact
2026-02-22T00:07:36.4051000Z downloading Nix 2.19.2 binary tarball for x86_64-linux from 'https://releases.nixos.org/nix/nix-2.19.2/nix-2.19.2-x86_64-linux.tar.xz' to '/tmp/nix-binary-tarball-unpack.AMZVcknzdx'...
2026-02-22T00:07:36.4097352Z   % Total    % Received % Xferd  Average Speed   Time    Time     Time  Current
2026-02-22T00:07:36.4099995Z                                  Dload  Upload   Total   Spent    Left  Speed
2026-02-22T00:07:36.4101092Z 
2026-02-22T00:07:36.5098552Z   0     0    0     0    0     0      0      0 --:--:-- --:--:-- --:--:--     0
2026-02-22T00:07:36.5100246Z 100 20.6M  100 20.6M    0     0   206M      0 --:--:-- --:--:-- --:--:--  206M
2026-02-22T00:07:37.9954378Z Note: a multi-user installation is possible. See https://nixos.org/manual/nix/stable/installation/installing-binary.html#multi-user-installation
2026-02-22T00:07:37.9962645Z Warning: the flag --darwin-use-unencrypted-nix-store-volume
2026-02-22T00:07:37.9963390Z          is no longer needed and will be removed in the future.
2026-02-22T00:07:37.9963808Z 
2026-02-22T00:07:37.9973826Z [1;31mSwitching to the Multi-user Installer[0m
2026-02-22T00:07:38.0070781Z [32mWelcome to the Multi-User Nix Installation
2026-02-22T00:07:38.0080691Z [0m
2026-02-22T00:07:38.0081108Z This installation tool will set up your computer with the Nix package
2026-02-22T00:07:38.0081665Z manager. This will happen in a few stages:
2026-02-22T00:07:38.0082039Z 
2026-02-22T00:07:38.0082874Z 1. Make sure your computer doesn't already have Nix. If it does, I
2026-02-22T00:07:38.0083757Z    will show you instructions on how to clean up your old install.
2026-02-22T00:07:38.0084288Z 
2026-02-22T00:07:38.0084585Z 2. Show you what I am going to install and where. Then I will ask
2026-02-22T00:07:38.0085251Z    if you are ready to continue.
2026-02-22T00:07:38.0085530Z 
2026-02-22T00:07:38.0086219Z 3. Create the system users [34m(uids [30001..30008])[0m and groups [34m(gid 30000)[0m
2026-02-22T00:07:38.0086729Z    that the Nix daemon uses to run builds.
2026-02-22T00:07:38.0087102Z 
2026-02-22T00:07:38.0087273Z 4. Perform the basic installation of the Nix files daemon.
2026-02-22T00:07:38.0087572Z 
2026-02-22T00:07:38.0087774Z 5. Configure your shell to import special Nix Profile files, so you
2026-02-22T00:07:38.0088166Z    can use Nix.
2026-02-22T00:07:38.0088300Z 
2026-02-22T00:07:38.0088392Z 6. Start the Nix daemon.
2026-02-22T00:07:38.0088550Z 
2026-02-22T00:07:38.0088883Z [32m[4;32mWould you like to see a more detailed list of what I will do?
2026-02-22T00:07:38.0089359Z [0mNo TTY, assuming you would say yes :)
2026-02-22T00:07:38.0093640Z 
2026-02-22T00:07:38.0094167Z I will:
2026-02-22T00:07:38.0094394Z 
2026-02-22T00:07:38.0094652Z  - make sure your computer doesn't already have Nix files
2026-02-22T00:07:38.0095221Z    (if it does, I will tell you how to clean them up.)
2026-02-22T00:07:38.0095671Z  - create local users (see the list above for the users I'll make)
2026-02-22T00:07:38.0096076Z  - create a local group (nixbld)
2026-02-22T00:07:38.0096352Z  - install Nix in to /nix
2026-02-22T00:07:38.0096618Z  - create a configuration file in /etc/nix
2026-02-22T00:07:38.0097037Z  - set up the "default profile" by creating some Nix-related files in
2026-02-22T00:07:38.0097417Z    /root
2026-02-22T00:07:38.0110173Z  - back up /etc/bash.bashrc to /etc/bash.bashrc.backup-before-nix
2026-02-22T00:07:38.0111013Z  - update /etc/bash.bashrc to include some Nix configuration
2026-02-22T00:07:38.0121363Z  - load and start a service (at /etc/systemd/system/nix-daemon.service
2026-02-22T00:07:38.0122113Z    and /etc/systemd/system/nix-daemon.socket) for nix-daemon
2026-02-22T00:07:38.0122560Z 
2026-02-22T00:07:38.0123416Z [32m[4;32mReady to continue?
2026-02-22T00:07:38.0123773Z [0mNo TTY, assuming you would say yes :)
2026-02-22T00:07:38.0141070Z 
2026-02-22T00:07:38.0141862Z [34m---- let's talk about sudo -----------------------------------------------------
2026-02-22T00:07:38.0151422Z [0mThis script is going to call sudo a lot. Normally, it would show you
2026-02-22T00:07:38.0152314Z exactly what commands it is running and why. However, the script is
2026-02-22T00:07:38.0152997Z run in a headless fashion, like this:
2026-02-22T00:07:38.0153339Z 
2026-02-22T00:07:38.0153560Z   $ curl -L https://nixos.org/nix/install | sh
2026-02-22T00:07:38.0153824Z 
2026-02-22T00:07:38.0154020Z or maybe in a CI pipeline. Because of that, I'm going to skip the
2026-02-22T00:07:38.0154429Z verbose output in the interest of brevity.
2026-02-22T00:07:38.0154651Z 
2026-02-22T00:07:38.0154747Z If you would like to
2026-02-22T00:07:38.0155010Z see the output, try like this:
2026-02-22T00:07:38.0155195Z 
2026-02-22T00:07:38.0155360Z   $ curl -L -o install-nix https://nixos.org/nix/install
2026-02-22T00:07:38.0155746Z   $ sh ./install-nix
2026-02-22T00:07:38.0155901Z 
2026-02-22T00:07:38.0155910Z 
2026-02-22T00:07:38.0156144Z [32m~~> Checking for artifacts of previous installs
2026-02-22T00:07:38.0163605Z [0mBefore I try to install, I'll check for signs Nix already is or has
2026-02-22T00:07:38.0164174Z been installed on this system.
2026-02-22T00:07:38.0197215Z 
2026-02-22T00:07:38.0198007Z [34m---- Nix config report ---------------------------------------------------------
2026-02-22T00:07:38.0199309Z [0m[1m        Temp Dir[0m:	/tmp/tmp.qZ7Qw6B0jR
2026-02-22T00:07:38.0200063Z [1m        Nix Root[0m:	/nix
2026-02-22T00:07:38.0200677Z [1m     Build Users[0m:	8
2026-02-22T00:07:38.0201247Z [1m  Build Group ID[0m:	30000
2026-02-22T00:07:38.0201638Z [1mBuild Group Name[0m:	nixbld
2026-02-22T00:07:38.0201859Z 
2026-02-22T00:07:38.0202015Z [4;34mbuild users:
2026-02-22T00:07:38.0202531Z [0m[1m    Username[0m:	UID
2026-02-22T00:07:38.0342641Z [1m     nixbld1[0m:	30001
2026-02-22T00:07:38.0352415Z [1m     nixbld2[0m:	30002
2026-02-22T00:07:38.0362097Z [1m     nixbld3[0m:	30003
2026-02-22T00:07:38.0372630Z [1m     nixbld4[0m:	30004
2026-02-22T00:07:38.0381925Z [1m     nixbld5[0m:	30005
2026-02-22T00:07:38.0391762Z [1m     nixbld6[0m:	30006
2026-02-22T00:07:38.0401575Z [1m     nixbld7[0m:	30007
2026-02-22T00:07:38.0411181Z [1m     nixbld8[0m:	30008
2026-02-22T00:07:38.0411577Z 
2026-02-22T00:07:38.0412520Z [32m[4;32mReady to continue?
2026-02-22T00:07:38.0413218Z [0mNo TTY, assuming you would say yes :)
2026-02-22T00:07:38.0413646Z 
2026-02-22T00:07:38.0413934Z [32m~~> Setting up the build group nixbld
2026-02-22T00:07:38.0673458Z [0m[1m            Created[0m:	Yes
2026-02-22T00:07:38.0697470Z 
2026-02-22T00:07:38.0698062Z [32m~~> Setting up the build user nixbld1
2026-02-22T00:07:38.0873706Z useradd warning: nixbld1's uid 30001 is greater than SYS_UID_MAX 999
2026-02-22T00:07:38.0984491Z [0m[1m           Created[0m:	Yes
2026-02-22T00:07:38.0990124Z [1m            Hidden[0m:	Yes
2026-02-22T00:07:38.1009902Z [1m    Home Directory[0m:	/var/empty
2026-02-22T00:07:38.1030482Z [1m              Note[0m:	Nix build user 1
2026-02-22T00:07:38.1048673Z [1m   Logins Disabled[0m:	Yes
2026-02-22T00:07:38.1078297Z [1m  Member of nixbld[0m:	Yes
2026-02-22T00:07:38.1096669Z [1m    PrimaryGroupID[0m:	30000
2026-02-22T00:07:38.1107464Z 
2026-02-22T00:07:38.1108316Z [32m~~> Setting up the build user nixbld2
2026-02-22T00:07:38.1248239Z useradd warning: nixbld2's uid 30002 is greater than SYS_UID_MAX 999
2026-02-22T00:07:38.1359120Z [0m[1m           Created[0m:	Yes
2026-02-22T00:07:38.1365033Z [1m            Hidden[0m:	Yes
2026-02-22T00:07:38.1385049Z [1m    Home Directory[0m:	/var/empty
2026-02-22T00:07:38.1405676Z [1m              Note[0m:	Nix build user 2
2026-02-22T00:07:38.1423484Z [1m   Logins Disabled[0m:	Yes
2026-02-22T00:07:38.1443292Z [1m  Member of nixbld[0m:	Yes
2026-02-22T00:07:38.1461429Z [1m    PrimaryGroupID[0m:	30000
2026-02-22T00:07:38.1472447Z 
2026-02-22T00:07:38.1472932Z [32m~~> Setting up the build user nixbld3
2026-02-22T00:07:38.1606951Z useradd warning: nixbld3's uid 30003 is greater than SYS_UID_MAX 999
2026-02-22T00:07:38.1707241Z [0m[1m           Created[0m:	Yes
2026-02-22T00:07:38.1712878Z [1m            Hidden[0m:	Yes
2026-02-22T00:07:38.1732396Z [1m    Home Directory[0m:	/var/empty
2026-02-22T00:07:38.1753059Z [1m              Note[0m:	Nix build user 3
2026-02-22T00:07:38.1771009Z [1m   Logins Disabled[0m:	Yes
2026-02-22T00:07:38.1790623Z [1m  Member of nixbld[0m:	Yes
2026-02-22T00:07:38.1809222Z [1m    PrimaryGroupID[0m:	30000
2026-02-22T00:07:38.1820762Z 
2026-02-22T00:07:38.1821207Z [32m~~> Setting up the build user nixbld4
2026-02-22T00:07:38.1965672Z useradd warning: nixbld4's uid 30004 is greater than SYS_UID_MAX 999
2026-02-22T00:07:38.2085226Z [0m[1m           Created[0m:	Yes
2026-02-22T00:07:38.2091195Z [1m            Hidden[0m:	Yes
2026-02-22T00:07:38.2114165Z [1m    Home Directory[0m:	/var/empty
2026-02-22T00:07:38.2135740Z [1m              Note[0m:	Nix build user 4
2026-02-22T00:07:38.2157215Z [1m   Logins Disabled[0m:	Yes
2026-02-22T00:07:38.2178954Z [1m  Member of nixbld[0m:	Yes
2026-02-22T00:07:38.2200541Z [1m    PrimaryGroupID[0m:	30000
2026-02-22T00:07:38.2211920Z 
2026-02-22T00:07:38.2212496Z [32m~~> Setting up the build user nixbld5
2026-02-22T00:07:38.2351200Z useradd warning: nixbld5's uid 30005 is greater than SYS_UID_MAX 999
2026-02-22T00:07:38.2458564Z [0m[1m           Created[0m:	Yes
2026-02-22T00:07:38.2464364Z [1m            Hidden[0m:	Yes
2026-02-22T00:07:38.2486105Z [1m    Home Directory[0m:	/var/empty
2026-02-22T00:07:38.2507266Z [1m              Note[0m:	Nix build user 5
2026-02-22T00:07:38.2530017Z [1m   Logins Disabled[0m:	Yes
2026-02-22T00:07:38.2550996Z [1m  Member of nixbld[0m:	Yes
2026-02-22T00:07:38.2573594Z [1m    PrimaryGroupID[0m:	30000
2026-02-22T00:07:38.2584849Z 
2026-02-22T00:07:38.2585388Z [32m~~> Setting up the build user nixbld6
2026-02-22T00:07:38.2724242Z useradd warning: nixbld6's uid 30006 is greater than SYS_UID_MAX 999
2026-02-22T00:07:38.2827569Z [0m[1m           Created[0m:	Yes
2026-02-22T00:07:38.2833126Z [1m            Hidden[0m:	Yes
2026-02-22T00:07:38.2852702Z [1m    Home Directory[0m:	/var/empty
2026-02-22T00:07:38.2873203Z [1m              Note[0m:	Nix build user 6
2026-02-22T00:07:38.2890958Z [1m   Logins Disabled[0m:	Yes
2026-02-22T00:07:38.2910007Z [1m  Member of nixbld[0m:	Yes
2026-02-22T00:07:38.2928664Z [1m    PrimaryGroupID[0m:	30000
2026-02-22T00:07:38.2939255Z 
2026-02-22T00:07:38.2939795Z [32m~~> Setting up the build user nixbld7
2026-02-22T00:07:38.3078615Z useradd warning: nixbld7's uid 30007 is greater than SYS_UID_MAX 999
2026-02-22T00:07:38.3188977Z [0m[1m           Created[0m:	Yes
2026-02-22T00:07:38.3195020Z [1m            Hidden[0m:	Yes
2026-02-22T00:07:38.3215121Z [1m    Home Directory[0m:	/var/empty
2026-02-22T00:07:38.3235368Z [1m              Note[0m:	Nix build user 7
2026-02-22T00:07:38.3253329Z [1m   Logins Disabled[0m:	Yes
2026-02-22T00:07:38.3273213Z [1m  Member of nixbld[0m:	Yes
2026-02-22T00:07:38.3290841Z [1m    PrimaryGroupID[0m:	30000
2026-02-22T00:07:38.3301641Z 
2026-02-22T00:07:38.3301928Z [32m~~> Setting up the build user nixbld8
2026-02-22T00:07:38.3436997Z useradd warning: nixbld8's uid 30008 is greater than SYS_UID_MAX 999
2026-02-22T00:07:38.3548458Z [0m[1m           Created[0m:	Yes
2026-02-22T00:07:38.3554219Z [1m            Hidden[0m:	Yes
2026-02-22T00:07:38.3574241Z [1m    Home Directory[0m:	/var/empty
2026-02-22T00:07:38.3594480Z [1m              Note[0m:	Nix build user 8
2026-02-22T00:07:38.3611969Z [1m   Logins Disabled[0m:	Yes
2026-02-22T00:07:38.3631914Z [1m  Member of nixbld[0m:	Yes
2026-02-22T00:07:38.3650027Z [1m    PrimaryGroupID[0m:	30000
2026-02-22T00:07:38.3650336Z 
2026-02-22T00:07:38.3650735Z [32m~~> Setting up the basic directory structure
2026-02-22T00:07:38.3835606Z [0minstall: creating directory '/nix'
2026-02-22T00:07:38.3836082Z install: creating directory '/nix/var'
2026-02-22T00:07:38.3836560Z install: creating directory '/nix/var/log'
2026-02-22T00:07:38.3837292Z install: creating directory '/nix/var/log/nix'
2026-02-22T00:07:38.3838105Z install: creating directory '/nix/var/log/nix/drvs'
2026-02-22T00:07:38.3838912Z install: creating directory '/nix/var/nix'
2026-02-22T00:07:38.3839654Z install: creating directory '/nix/var/nix/db'
2026-02-22T00:07:38.3840784Z install: creating directory '/nix/var/nix/gcroots'
2026-02-22T00:07:38.3841637Z install: creating directory '/nix/var/nix/profiles'
2026-02-22T00:07:38.3842709Z install: creating directory '/nix/var/nix/temproots'
2026-02-22T00:07:38.3843536Z install: creating directory '/nix/var/nix/userpool'
2026-02-22T00:07:38.3844509Z install: creating directory '/nix/var/nix/daemon-socket'
2026-02-22T00:07:38.3845607Z install: creating directory '/nix/var/nix/gcroots/per-user'
2026-02-22T00:07:38.3917678Z install: creating directory '/nix/var/nix/profiles/per-user'
2026-02-22T00:07:38.3918082Z install: creating directory '/nix/store'
2026-02-22T00:07:38.3993241Z install: creating directory '/etc/nix'
2026-02-22T00:07:38.4003245Z 
2026-02-22T00:07:38.4003609Z [32m~~> Installing Nix
2026-02-22T00:07:38.5934246Z [0m      Alright! We have our first nix at /nix/store/smfmnz0ylx80wkbqbjibj7zcw4q668xp-nix-2.19.2
2026-02-22T00:07:38.6350445Z       Just finished getting the nix database ready.
2026-02-22T00:07:38.6353224Z 
2026-02-22T00:07:38.6354354Z [32m~~> Setting up shell profiles: /etc/bashrc /etc/profile.d/nix.sh /etc/zshrc /etc/bash.bashrc /etc/zsh/zshrc
2026-02-22T00:07:38.6514070Z [0m
2026-02-22T00:07:38.6514404Z # Nix
2026-02-22T00:07:38.6514810Z if [ -e '/nix/var/nix/profiles/default/etc/profile.d/nix-daemon.sh' ]; then
2026-02-22T00:07:38.6515362Z   . '/nix/var/nix/profiles/default/etc/profile.d/nix-daemon.sh'
2026-02-22T00:07:38.6515862Z fi
2026-02-22T00:07:38.6516149Z # End Nix
2026-02-22T00:07:38.6516272Z 
2026-02-22T00:07:38.6673687Z 
2026-02-22T00:07:38.6673982Z # Nix
2026-02-22T00:07:38.6674643Z if [ -e '/nix/var/nix/profiles/default/etc/profile.d/nix-daemon.sh' ]; then
2026-02-22T00:07:38.6675482Z   . '/nix/var/nix/profiles/default/etc/profile.d/nix-daemon.sh'
2026-02-22T00:07:38.6676006Z fi
2026-02-22T00:07:38.6676309Z # End Nix
2026-02-22T00:07:38.6676486Z 
2026-02-22T00:07:38.6831638Z 
2026-02-22T00:07:38.6831945Z # Nix
2026-02-22T00:07:38.6832884Z if [ -e '/nix/var/nix/profiles/default/etc/profile.d/nix-daemon.sh' ]; then
2026-02-22T00:07:38.6833554Z   . '/nix/var/nix/profiles/default/etc/profile.d/nix-daemon.sh'
2026-02-22T00:07:38.6833965Z fi
2026-02-22T00:07:38.6834188Z # End Nix
2026-02-22T00:07:38.6834369Z 
2026-02-22T00:07:38.6984634Z 
2026-02-22T00:07:38.6984924Z # Nix
2026-02-22T00:07:38.6985600Z if [ -e '/nix/var/nix/profiles/default/etc/profile.d/nix-daemon.sh' ]; then
2026-02-22T00:07:38.6986231Z   . '/nix/var/nix/profiles/default/etc/profile.d/nix-daemon.sh'
2026-02-22T00:07:38.6986750Z fi
2026-02-22T00:07:38.6987055Z # End Nix
2026-02-22T00:07:38.6987248Z 
2026-02-22T00:07:38.7009541Z 
2026-02-22T00:07:38.7010883Z [32m~~> Setting up shell profiles for Fish with conf.d/nix.fish inside /etc/fish /usr/local/etc/fish /opt/homebrew/etc/fish /opt/local/etc/fish
2026-02-22T00:07:38.7103247Z [0m
2026-02-22T00:07:38.7103713Z [32m~~> Setting up the default profile
2026-02-22T00:07:38.7391273Z installing 'nix-2.19.2'
2026-02-22T00:07:38.7519149Z building '/nix/store/g8k2ay0cs99bzfzdrgl98j8rybjjki98-user-environment.drv'...
2026-02-22T00:07:38.7902559Z installing 'nss-cacert-3.92'
2026-02-22T00:07:38.8024980Z building '/nix/store/yyad8x4mww9vi0njnc0mw4ii4fcslyhc-user-environment.drv'...
2026-02-22T00:07:38.8225018Z [0m
2026-02-22T00:07:38.8225558Z [32m~~> Setting up the nix-daemon systemd service
2026-02-22T00:07:38.8503133Z Created symlink /etc/systemd/system/nix-daemon.service → /nix/var/nix/profiles/default/lib/systemd/system/nix-daemon.service.
2026-02-22T00:07:39.1180862Z Created symlink /etc/systemd/system/nix-daemon.socket → /nix/var/nix/profiles/default/lib/systemd/system/nix-daemon.socket.
2026-02-22T00:07:39.1182626Z Created symlink /etc/systemd/system/sockets.target.wants/nix-daemon.socket → /nix/var/nix/profiles/default/lib/systemd/system/nix-daemon.socket.
2026-02-22T00:07:39.6971543Z [0m[32mAlright! We're done!
2026-02-22T00:07:39.6993869Z [0mTry it! Open a new terminal, and type:
2026-02-22T00:07:39.6994415Z 
2026-02-22T00:07:39.6994695Z   $ nix-shell -p nix-info --run "nix-info -m"
2026-02-22T00:07:39.6995478Z 
2026-02-22T00:07:39.6995776Z Thank you for using this installer. If you have any feedback or need
2026-02-22T00:07:39.6996355Z help, don't hesitate:
2026-02-22T00:07:39.6996590Z 
2026-02-22T00:07:39.6996722Z You can open an issue at
2026-02-22T00:07:39.6997222Z https://github.com/NixOS/nix/issues/new?labels=installer&template=installer.md
2026-02-22T00:07:39.6997559Z 
2026-02-22T00:07:39.6997734Z Or get in touch with the community: https://nixos.org/community
2026-02-22T00:07:39.7015987Z 
2026-02-22T00:07:39.7016714Z [34m---- Reminders -----------------------------------------------------------------
2026-02-22T00:07:39.7019752Z [0m[34m[ 1 ][0m
2026-02-22T00:07:39.7020373Z Nix won't work in active shell sessions until you restart them.
2026-02-22T00:07:39.7020808Z 
2026-02-22T00:07:39.7691638Z ##[endgroup]
2026-02-22T00:07:39.7786749Z ##[group]Run cachix/cachix-action@v14
2026-02-22T00:07:39.7787012Z with:
2026-02-22T00:07:39.7787195Z   name: moergo-glove80-zmk-dev
2026-02-22T00:07:39.7787427Z   skipPush: true
2026-02-22T00:07:39.7787614Z   useDaemon: true
2026-02-22T00:07:39.7787787Z env:
2026-02-22T00:07:39.7787970Z   NIX_PATH: nixpkgs=channel:nixos-22.05
2026-02-22T00:07:39.7788231Z   TMPDIR: /home/runner/work/_temp
2026-02-22T00:07:39.7788468Z ##[endgroup]
2026-02-22T00:07:39.8239130Z ##[group]Cachix: installing
2026-02-22T00:07:39.8280208Z [command]/usr/bin/bash -c nix-env --quiet -j8 -iA cachix -f https://cachix.org/api/v1/install
2026-02-22T00:07:42.2270418Z ##[endgroup]
2026-02-22T00:07:42.2271425Z ##[group]Cachix: checking version
2026-02-22T00:07:42.2283958Z [command]/home/runner/.nix-profile/bin/cachix --version
2026-02-22T00:07:42.2667455Z cachix 1.10.1
2026-02-22T00:07:42.2709333Z ##[endgroup]
2026-02-22T00:07:42.2710029Z ##[group]Cachix: using cache moergo-glove80-zmk-dev
2026-02-22T00:07:42.2711376Z [command]/home/runner/.nix-profile/bin/cachix use moergo-glove80-zmk-dev
2026-02-22T00:07:42.4953029Z No config at /home/runner/.config/nix/nix.conf:
2026-02-22T00:07:42.4953882Z 
2026-02-22T00:07:42.4954305Z /home/runner/.config/nix/nix.conf: openFile: does not exist (No such file or directory)
2026-02-22T00:07:42.4954892Z 
2026-02-22T00:07:42.4957027Z Configured https://moergo-glove80-zmk-dev.cachix.org binary cache in /home/runner/.config/nix/nix.conf
2026-02-22T00:07:42.5047127Z ##[endgroup]
2026-02-22T00:07:42.5401798Z ##[warning]No push credentials found. Ignoring the 'useDaemon' option.
2026-02-22T00:07:42.5410348Z [command]/usr/bin/sh -c /home/runner/work/_actions/cachix/cachix-action/v14/dist/main/list-nix-store.sh > /tmp/store-path-pre-build
2026-02-22T00:07:42.5521446Z ##[group]Run nix-build build/glove80.nix --arg firmware 'import ./src {}' -o result-glove80
2026-02-22T00:07:42.5522086Z [36;1mnix-build build/glove80.nix --arg firmware 'import ./src {}' -o result-glove80[0m
2026-02-22T00:07:42.5557456Z shell: /usr/bin/bash -e {0}
2026-02-22T00:07:42.5557686Z env:
2026-02-22T00:07:42.5557881Z   NIX_PATH: nixpkgs=channel:nixos-22.05
2026-02-22T00:07:42.5558160Z   TMPDIR: /home/runner/work/_temp
2026-02-22T00:07:42.5558389Z ##[endgroup]
2026-02-22T00:08:00.9262512Z these 5 derivations will be built:
2026-02-22T00:08:00.9267957Z   /nix/store/ryf981zc9kshrrgm5c5dphnw879gn09m-builder.pl.drv
2026-02-22T00:08:00.9268746Z   /nix/store/14s41r3aqgw7vrl845jxarjcx3ivgvc4-python3-3.12.7-env.drv
2026-02-22T00:08:00.9269643Z   /nix/store/aldjqv7cr86wk3b8rw4zwf4svjwf83lp-zmk_glove80_lh.drv
2026-02-22T00:08:00.9270595Z   /nix/store/fb5w0maghws2vq9051pri4s4ah87av4l-zmk_glove80_rh.drv
2026-02-22T00:08:00.9271834Z   /nix/store/n7s9v6b2cr5p1v5k1dz5al18bj9ja7c5-combined_zmk_glove80_lh_zmk_glove80_rh.drv
2026-02-22T00:08:00.9273267Z these 156 paths will be fetched (458.96 MiB download, 2284.78 MiB unpacked):
2026-02-22T00:08:00.9274172Z   /nix/store/nrl5m466dwdscvavf1nqzdnqhszjyy9n-acl-2.3.2
2026-02-22T00:08:00.9274986Z   /nix/store/nmq6s9l9zlym3qjx76zzrqbp05a63y90-attr-2.5.2
2026-02-22T00:08:00.9275826Z   /nix/store/p6k7xp1lsfmbdd731mlglrdj2d66mr82-bash-5.2p37
2026-02-22T00:08:00.9277089Z   /nix/store/bwkb907myixfzzykp21m9iczkhrq5pfy-binutils-2.43.1
2026-02-22T00:08:00.9278083Z   /nix/store/2qssg7pjgadwmqns6jm3qlr5bbdl4dcr-binutils-2.43.1-lib
2026-02-22T00:08:00.9279117Z   /nix/store/x9as7x6f7cdgcskvvn3yp02m662krr7y-binutils-wrapper-2.43.1
2026-02-22T00:08:00.9280156Z   /nix/store/2vgwd43vqxm66grkgsy7z1d87z31nzph-brotli-1.1.0-lib
2026-02-22T00:08:00.9281055Z   /nix/store/hl3iw85v12gh9mwgvr9yfgjgy0rk81hb-bzip2-1.0.8
2026-02-22T00:08:00.9281717Z   /nix/store/vqjygx23hkim1kpidik5xcs9whayf3sr-bzip2-1.0.8-bin
2026-02-22T00:08:00.9282612Z   /nix/store/9l20xx4bw18qgkicjcrsfx7vfykp9m8h-cairo-1.18.2
2026-02-22T00:08:00.9283538Z   /nix/store/3581iwklzqcg4iyhlyqqrj7yvvm0pykl-cirque-input-module
2026-02-22T00:08:00.9284294Z   /nix/store/4k2h9qsps52n1v56zq03yi67dwmxa81i-cmake-3.30.5
2026-02-22T00:08:00.9284914Z   /nix/store/azxckjbc4f70yliac1x35z5awbzf9jzj-cmsis
2026-02-22T00:08:00.9285383Z   /nix/store/b1wvkjx96i3s7wblz38ya0zr8i93zbc5-coreutils-9.5
2026-02-22T00:08:00.9286057Z   /nix/store/ps0zg8jx995br0s7k353qhal1ma3nnbd-curl-8.11.0
2026-02-22T00:08:00.9286722Z   /nix/store/zr9c15gg53zsbyc54fsrlwh3r8kmhfyy-dav1d-1.5.0
2026-02-22T00:08:00.9287391Z   /nix/store/n19lfs7ix2g9kdh6cf2pfaylbcwjay71-dav1d-1.5.0-dev
2026-02-22T00:08:00.9288181Z   /nix/store/hbrcibdl494a5w3dypy7095dckalzlqa-dejavu-fonts-minimal-2.37
2026-02-22T00:08:00.9288921Z   /nix/store/85sj9hb9phy4fh3q4fmc1vm9vz27z1lg-die-hook
2026-02-22T00:08:00.9289562Z   /nix/store/cxwsmlr3xh1ml4r0kgdjrknw7504b9f8-diffutils-3.10
2026-02-22T00:08:00.9290207Z   /nix/store/2nvmq98zj69i1af1ksh6m08hvfdkjv1z-dtc-1.7.2
2026-02-22T00:08:00.9290819Z   /nix/store/k5x874vwcaxlan1cw248lwqr4l4v7hyk-ed-1.20.2
2026-02-22T00:08:00.9291577Z   /nix/store/ka4sync4bccr9mz2ys0dbqjn24hp8v57-expand-response-params
2026-02-22T00:08:00.9292535Z   /nix/store/8sgvk9wjq9vfz5irkl4436yhpfr10njq-expat-2.6.4
2026-02-22T00:08:00.9293439Z   /nix/store/g4lksqp6l8qiab4a0as21s6556xh4gyp-file-5.45
2026-02-22T00:08:00.9294118Z   /nix/store/w8pnfazxqwmrqmwkb5zrz1bifsd8abxl-findutils-4.10.0
2026-02-22T00:08:00.9294861Z   /nix/store/ziqnk17xikg73dfrwnyi2jd593xlxza9-fontconfig-2.15.0
2026-02-22T00:08:00.9295627Z   /nix/store/jfyibphs7pv1izw879lrmr0pp1x3llb8-fontconfig-2.15.0-lib
2026-02-22T00:08:00.9296393Z   /nix/store/waj425c88y21wccgk9zpyi3q48xq0sgk-freetype-2.13.3
2026-02-22T00:08:00.9297087Z   /nix/store/37azjaxs8cwqbmb0fywl8fa6n2x8bgwq-fribidi-1.0.16
2026-02-22T00:08:00.9297776Z   /nix/store/nnin69nrnrrmnv2scbwyfkgh1rf51gh1-gawk-5.3.1
2026-02-22T00:08:00.9298393Z   /nix/store/4krab2h0hd4wvxxmscxrw21pl77j4i7j-gcc-13.3.0
2026-02-22T00:08:00.9299364Z   /nix/store/ybjcla5bhj8g1y84998pn4a2drfxybkv-gcc-13.3.0-lib
2026-02-22T00:08:00.9300049Z   /nix/store/j8rzqx7farv0w3isp9z943zy437zk02f-gcc-13.3.0-libgcc
2026-02-22T00:08:00.9300840Z   /nix/store/mczmw3rln2jm6nm080dapyjpj3833rg9-gcc-arm-embedded-12.3.rel1
2026-02-22T00:08:00.9301661Z   /nix/store/4apajimszc47rxwcpvc3g3rj2icinl71-gcc-wrapper-13.3.0
2026-02-22T00:08:00.9302568Z   /nix/store/ascb2b0zncwlavz03zcj358p1i79hp64-gd-2.3.3
2026-02-22T00:08:00.9303175Z   /nix/store/hq7m89gp4kafmj8rr0f5sy2qyl7jq479-gdbm-1.24-lib
2026-02-22T00:08:00.9303895Z   /nix/store/alnzmaf07kv3dl4017vrzqngay5rx904-gdk-pixbuf-2.42.12
2026-02-22T00:08:00.9304613Z   /nix/store/brj8bvvn63gbdrslwsj7gpj0gqaxlprn-giflib-5.2.2
2026-02-22T00:08:00.9305257Z   /nix/store/26hcp8h792wl0h52c5r94qakhvk6q717-glib-2.82.1
2026-02-22T00:08:00.9305747Z   /nix/store/wn7v2vhyyyi6clcyn0s9ixvl7d4d87ic-glibc-2.40-36
2026-02-22T00:08:00.9306201Z   /nix/store/zw5haplzbwjgbp3yykhm6iprkpfppzxb-glibc-2.40-36-bin
2026-02-22T00:08:00.9306612Z   /nix/store/lw21wr626v5sdcaxxkv2k4zf1121hfc9-glibc-2.40-36-dev
2026-02-22T00:08:00.9306988Z   /nix/store/y11zr71f9i1zy1vrdy3kjx8j6slsb3l3-gmp-6.3.0
2026-02-22T00:08:00.9307353Z   /nix/store/nxg637az00fnm705pinlrpjac9b4hgsc-gmp-with-cxx-6.3.0
2026-02-22T00:08:00.9307782Z   /nix/store/rlnih3wlxxwqn4xdahjgfjydvv78kvki-gnu-config-2024-01-01
2026-02-22T00:08:00.9308187Z   /nix/store/85amyk92rg19l4fy0qmy7wr4jmq8p5z0-gnugrep-3.11
2026-02-22T00:08:00.9308544Z   /nix/store/9y5kd90fdbrq3r4yc9mpqn82f93zdgyq-gnumake-4.4.1
2026-02-22T00:08:00.9309201Z   /nix/store/vmby25zqxnx94awvj0k7zn0rsd0zyrwg-gnused-4.9
2026-02-22T00:08:00.9309551Z   /nix/store/zhaypw0znkjnymg0rk1599zn21rr0l50-gnutar-1.35
2026-02-22T00:08:00.9309921Z   /nix/store/23y66ax8z30m8xl4brrz792xlsrm0syr-graphite2-1.3.14
2026-02-22T00:08:00.9310300Z   /nix/store/lvx8m4mh18aiqlqp5hdjpg3b34a07p35-graphviz-12.2.0
2026-02-22T00:08:00.9310664Z   /nix/store/avwmwsn9v4an5v2a4k1gzbqk917avjn1-gts-0.7.6
2026-02-22T00:08:00.9310998Z   /nix/store/a7pimibppfw2m3ryijnwwzx76i780bw2-gzip-1.13
2026-02-22T00:08:00.9311498Z   /nix/store/a473gcmd84qs4vpapa70nwamlpkryc7b-hal_nordic
2026-02-22T00:08:00.9312638Z   /nix/store/yxgc37sx1a0fswq3hvvld54491ryx6sf-harfbuzz-10.0.1
2026-02-22T00:08:00.9313301Z   /nix/store/xxfkk4gqnaimiwzi6mmsmcs9bl2r8y7f-isl-0.20
2026-02-22T00:08:00.9313964Z   /nix/store/ys6f20b4chzkmfh9ak0hjdp60l0g5abb-keyutils-1.6.3-lib
2026-02-22T00:08:00.9314645Z   /nix/store/g9hgzjcj9g7hw3c2pzgz271b1g1jgc4w-krb5-1.21.3-lib
2026-02-22T00:08:00.9315136Z   /nix/store/1dmri839kv55917flq6pyvr6xf17cb29-lerc-4.0.0
2026-02-22T00:08:00.9315479Z   /nix/store/ikjw6a952jd9wn5k06mkj710xzabssr0-libX11-1.8.10
2026-02-22T00:08:00.9315849Z   /nix/store/ighb6h0x1nv14ap2fj0j3bqdn0x3xra4-libXau-1.0.11
2026-02-22T00:08:00.9316234Z   /nix/store/8jqc1bpk99jgib12wgpdjmnbndrmg7vz-libXdmcp-1.1.5
2026-02-22T00:08:00.9316647Z   /nix/store/d5y0sl4vwsb9m99r18zh1mx4fw9y70g6-libXext-1.3.6
2026-02-22T00:08:00.9317004Z   /nix/store/a98zld1as826z4s0b71xs64k02arj4zj-libXft-2.3.8
2026-02-22T00:08:00.9317365Z   /nix/store/ln8sk1vlpzmm346lx30ifihqdw0fw4g9-libXpm-3.5.17
2026-02-22T00:08:00.9317746Z   /nix/store/7ygszkkili3kfqh789ivdgrhyrjshm5n-libXrender-0.9.11
2026-02-22T00:08:00.9318136Z   /nix/store/kabp82iq5p0l8zidw9ch1mrpq431g6jd-libaom-3.10.0
2026-02-22T00:08:00.9318503Z   /nix/store/v567mv8b0bg0ph7xn61g33qqm484xxj0-libaom-3.10.0-bin
2026-02-22T00:08:00.9318883Z   /nix/store/1asppgbns142f1sqyr6sz843h0689a1k-libaom-3.10.0-dev
2026-02-22T00:08:00.9319287Z   /nix/store/n0gxk0ys2zgqqz6zcsq8qlv6nv5k6fpj-libarchive-3.7.7-lib
2026-02-22T00:08:00.9319694Z   /nix/store/96wajifckqya26aazk4lrig5m5npw5l2-libavif-1.1.1
2026-02-22T00:08:00.9320104Z   /nix/store/rk2r5yq7al5jddg6jriwv1lg5j1dw0ih-libdatrie-2019-12-20-lib
2026-02-22T00:08:00.9320537Z   /nix/store/v6m37463j6bs788wbid8yvfhp1773cax-libdeflate-1.22
2026-02-22T00:08:00.9321218Z   /nix/store/lw7psn749bfn2nrn943jdh68hh2im8yl-libffi-3.4.6
2026-02-22T00:08:00.9321881Z   /nix/store/qwjjm4j652ck9izaid7bz63s4hd5bnha-libidn2-2.3.7
2026-02-22T00:08:00.9323032Z   /nix/store/g8m63j9rzhqf0i9v4pzbdyrnzshr5mkx-libjpeg-turbo-3.0.4
2026-02-22T00:08:00.9323748Z   /nix/store/0qqs7bkfk21h8vh7m3x84hphciqv75lm-libmpc-1.3.1
2026-02-22T00:08:00.9324453Z   /nix/store/kvzfyxs3v0nb2lvfx28c5hj0vz7j9737-libpng-apng-1.6.43
2026-02-22T00:08:00.9325196Z   /nix/store/rp6b82pm6b7x03ngbzffsl3vj8pvay5v-libselinux-3.7
2026-02-22T00:08:00.9325870Z   /nix/store/1n0b29iid3y0w9i91v9zqdiwnx3inak0-libssh2-1.11.1
2026-02-22T00:08:00.9326547Z   /nix/store/h11ip75g5azb1d9f9jr8c6pwjhpcx20n-libthai-0.1.29
2026-02-22T00:08:00.9327222Z   /nix/store/mgw74i0szz30zbmvgasvyws1y8mvkb86-libtiff-4.7.0
2026-02-22T00:08:00.9327755Z   /nix/store/ggpir31aij6dj2fsas74jyz8z33dxwnc-libtool-2.4.7-lib
2026-02-22T00:08:00.9328145Z   /nix/store/6pqgj71r0850b0cd95yxx0d52zax016i-libunistring-1.2
2026-02-22T00:08:00.9328709Z   /nix/store/scb132gc1zzd904zibk2mz0q5q42z0ym-libuv-1.48.0
2026-02-22T00:08:00.9329376Z   /nix/store/llj89sgbf5512bnhx76khs7aq2pkhqjv-libvmaf-3.0.0
2026-02-22T00:08:00.9330068Z   /nix/store/dbkf2m0b3a2n9drrbz6ra4ljfx45d4aa-libvmaf-3.0.0-dev
2026-02-22T00:08:00.9330774Z   /nix/store/xk1z1b27hck084x12pn24rk526arwwlz-libwebp-1.4.0
2026-02-22T00:08:00.9331446Z   /nix/store/zgcaxpjipkvdz3185gfb8ba63xw1sv4n-libwebp-1.4.0
2026-02-22T00:08:00.9332097Z   /nix/store/w63ks7mg1dsgm2gg302ss70wpq7g0l4d-libxcb-1.17.0
2026-02-22T00:08:00.9333046Z   /nix/store/5j9m3z3c6hygjx34xr1bzrkk8srvcs8a-libxcrypt-4.4.36
2026-02-22T00:08:00.9333777Z   /nix/store/sbc37bmgpzr7wvlbm9lgf4y6q6dyz40q-libxcrypt-4.4.36
2026-02-22T00:08:00.9334707Z   /nix/store/shg1vgcjxghqxhl0sifwgr0g2zg6bbv7-libxml2-2.13.4
2026-02-22T00:08:00.9335462Z   /nix/store/s5y8cgwj9saik6hpxq6hvry31hggnxij-libyaml-0.2.5
2026-02-22T00:08:00.9336118Z   /nix/store/43nf72jxw9m9mazn5qs7pdj52a7gmcr5-libyuv-1787
2026-02-22T00:08:00.9336780Z   /nix/store/dvsai0ym9czjl5mcsarcdwccb70615n4-linux-headers-6.10
2026-02-22T00:08:00.9337411Z   /nix/store/wwmn97j9jv083973a7md52v4wkxr6lvd-lvgl
2026-02-22T00:08:00.9337997Z   /nix/store/77yxcw58nmqx2c67a7srpfxxp40j5rbl-mailcap-2.1.54
2026-02-22T00:08:00.9338746Z   /nix/store/gqjd4bvd683s55r0jcgc9q67rvjnmfc6-make-binary-wrapper-hook
2026-02-22T00:08:00.9339511Z   /nix/store/aqga8f06jxy5a6ci4na35v7n09j8i74f-mpdecimal-4.0.0
2026-02-22T00:08:00.9340165Z   /nix/store/wfxkyxmg47bhj098im5rp60hmkagn96x-mpfr-4.2.1
2026-02-22T00:08:00.9340822Z   /nix/store/zi4768cbcny3vx6f8k2yqy3zp90jalhz-ncompress-5.0
2026-02-22T00:08:00.9341555Z   /nix/store/1p1j0iv3c909kcs4d5300kcsnlwmbwyj-ncurses-6.4.20221231
2026-02-22T00:08:00.9342610Z   /nix/store/vj1wkvkfgcgxr93b5p6kwjbqgrjnv7d9-ncurses-abi5-compat-6.4.20221231
2026-02-22T00:08:00.9343475Z   /nix/store/aygalfgrn7pvxcqc45jw53b9gc29hwzs-nghttp2-1.64.0-lib
2026-02-22T00:08:00.9344177Z   /nix/store/s2lws03pga0vyq84kfa6h041n8csbg4p-ninja-1.12.1
2026-02-22T00:08:00.9344822Z   /nix/store/k1dsk0zyq43pvi7f76is2rx6l4aphm5z-openssl-3.3.2
2026-02-22T00:08:00.9345414Z   /nix/store/vy93rplabj9l70a098rvp52ni9bg476v-pango-1.54.0
2026-02-22T00:08:00.9346049Z   /nix/store/mdmansf6zkzsnrcf4h3yav5kz93rh03y-patch-2.7.6
2026-02-22T00:08:00.9346702Z   /nix/store/9q63d382x7k2h6cc2pfsb39ar3n6f9wg-patchelf-0.15.0
2026-02-22T00:08:00.9347362Z   /nix/store/gkj66hn5cyi3d761nmcdpj35ngv7h8ph-pcre2-10.44
2026-02-22T00:08:00.9347982Z   /nix/store/6fklzkr5x213h868q31isgy82wpmb1yb-perl-5.40.0
2026-02-22T00:08:00.9348583Z   /nix/store/kxawdq25ad6x9cb63yvslaprm4ihx5hr-picolibc
2026-02-22T00:08:00.9349197Z   /nix/store/f86x63y57hwyx9nl4l098fpl93y3xrya-pixman-0.43.4
2026-02-22T00:08:00.9349583Z   /nix/store/zv1kaq7f1q20x62kbjv6pfjygw5jmwl6-python3-3.12.7
2026-02-22T00:08:00.9349967Z   /nix/store/qb69wvblgz1x2hkfxf7lwl9lg9xk4zpj-python3-3.9.20
2026-02-22T00:08:00.9350385Z   /nix/store/09wri7s7nlgp1fs4q4ysx96scbbmr74v-python3.12-anytree-2.12.1
2026-02-22T00:08:00.9350856Z   /nix/store/qpb0z965ffwmny4p2m2jbbaqifkkb5y9-python3.12-docopt-0.6.2
2026-02-22T00:08:00.9351320Z   /nix/store/wg6fhwksxkxn24rnynizrr6f4rvd9dkf-python3.12-intelhex-2.3.0
2026-02-22T00:08:00.9351787Z   /nix/store/l67gyhnl63la5pxmq4kbhl0g6xrfsdff-python3.12-msgpack-1.1.0
2026-02-22T00:08:00.9352845Z   /nix/store/qnfndbdg0k5s7zb47l5q9h7cszi56gpf-python3.12-packaging-24.1
2026-02-22T00:08:00.9353374Z   /nix/store/rs8cgrcn6pkdxs2ksnhs1a0x0pvx5sac-python3.12-progress-1.6
2026-02-22T00:08:00.9353875Z   /nix/store/qmm23pygh0kisvsm9wrfxw2s5km97670-python3.12-pyelftools-0.31
2026-02-22T00:08:00.9354364Z   /nix/store/k1hzsby2pa29jwbbdgg3y4wj0rxn8dnn-python3.12-pykwalify-1.8.0
2026-02-22T00:08:00.9354842Z   /nix/store/7p4gqrzavx0lpks2l0j9945zkzv77ds0-python3.12-python-can-4.5.0
2026-02-22T00:08:00.9355388Z   /nix/store/iz14w235v0nmwc3vnzrlbrkfpaj1qqka-python3.12-python-dateutil-2.9.0.post0
2026-02-22T00:08:00.9355916Z   /nix/store/j7q50pmxnawpif7kfimy51mjhjdjldns-python3.12-pyyaml-6.0.2
2026-02-22T00:08:00.9356397Z   /nix/store/2k9j8zwlhd8vdpn0c4j5zgwkqr6digpx-python3.12-ruamel-base-1.0.0
2026-02-22T00:08:00.9356900Z   /nix/store/7cvm89dzrkw7i4pdidyd8mvny73k07nb-python3.12-ruamel-yaml-0.18.6
2026-02-22T00:08:00.9357415Z   /nix/store/3rghmwyhhwjaj3jmpc3drb8pzz9h14hj-python3.12-ruamel-yaml-clib-0.2.7
2026-02-22T00:08:00.9357921Z   /nix/store/4743pgjalihwh1vb7jsy17ynw3s0xj04-python3.12-six-1.16.0
2026-02-22T00:08:00.9358416Z   /nix/store/n2pgidpi7vpq2hbpylfpa4ck7avniipp-python3.12-typing-extensions-4.12.2
2026-02-22T00:08:00.9358929Z   /nix/store/2j2fcjlxczkx0yyjn3rqi1h9sd42r97v-python3.12-wrapt-1.16.0
2026-02-22T00:08:00.9359347Z   /nix/store/n0q4xhb9z19f0rfd1i8frw7a3ip3rgar-readline-8.2p13
2026-02-22T00:08:00.9359726Z   /nix/store/gpbi7j64vk1my8gpqgylwf9iljqb09is-rhash-1.4.4
2026-02-22T00:08:00.9360357Z   /nix/store/wkad860jvdc881ngy6r0fbjg6s5i8alh-segger
2026-02-22T00:08:00.9360708Z   /nix/store/bbd59cqw259149r2ddk4w1q0lr2fch8c-sqlite-3.46.1
2026-02-22T00:08:00.9361074Z   /nix/store/spb2bpcnw0gbbr4x94cq8xs9n72hipwj-stdenv-linux
2026-02-22T00:08:00.9361423Z   /nix/store/n4xjlyn5hk979p2ywqpajw7dq5y94q1g-tinycrypt
2026-02-22T00:08:00.9361768Z   /nix/store/dfsiy184c8z6gf5x6cqfyahxv9g16828-tzdata-2024b
2026-02-22T00:08:00.9362425Z   /nix/store/ljlah5wqcbix5wg8rvm3g8rc7k9zn1qg-update-autotools-gnu-config-scripts-hook
2026-02-22T00:08:00.9363001Z   /nix/store/gm5g3xyn8iwxkag8gs6rf3ci64bqld80-util-linux-minimal-2.39.4-lib
2026-02-22T00:08:00.9363460Z   /nix/store/2d5spnl8j5r4n1s4bj1zmra7mwx0f1n8-xgcc-13.3.0-libgcc
2026-02-22T00:08:00.9363821Z   /nix/store/bdpc1864983kf51r3cznbrvnlkv4d9ff-xz-5.6.3
2026-02-22T00:08:00.9364156Z   /nix/store/5180mi672sl6ikiwyhvgnxasz6iqxws0-xz-5.6.3-bin
2026-02-22T00:08:00.9364496Z   /nix/store/pz26iwsn417j90xs7y7cwbsjnk7b1riv-zephyr
2026-02-22T00:08:00.9365005Z   /nix/store/bzk3q2l71qwhycsip23y6rl5n881la4n-zlib-1.3.1
2026-02-22T00:08:00.9365367Z   /nix/store/pq757h971kd946xqi9ckk2ylsj25i610-zmk-module-cmsis
2026-02-22T00:08:00.9365776Z   /nix/store/wggfl9p3y2ahy21hb1gpfgr3fxsbv8ss-zmk-module-hal_nordic
2026-02-22T00:08:00.9366292Z   /nix/store/44v1jwji8rksbmvsjwkd4igbb1vhxbl5-zmk-module-lvgl
2026-02-22T00:08:00.9366744Z   /nix/store/4bn1207zpfrcdmf1ldh86ziaav3kwwbb-zmk-module-picolibc
2026-02-22T00:08:00.9367161Z   /nix/store/w90l0zpl7slydmc947qscinn0d6rgq5c-zmk-module-segger
2026-02-22T00:08:00.9367578Z   /nix/store/grk5a1pd1mbzl3lgzf2amf7c0nbb0rvs-zmk-module-tinycrypt
2026-02-22T00:08:00.9367964Z   /nix/store/8pys6a47askf0g75a1k73p3rx2wim7m6-zstd-1.5.6
2026-02-22T00:08:00.9423090Z copying path '/nix/store/rlnih3wlxxwqn4xdahjgfjydvv78kvki-gnu-config-2024-01-01' from 'https://cache.nixos.org'...
2026-02-22T00:08:00.9427606Z copying path '/nix/store/2d5spnl8j5r4n1s4bj1zmra7mwx0f1n8-xgcc-13.3.0-libgcc' from 'https://cache.nixos.org'...
2026-02-22T00:08:00.9465572Z copying path '/nix/store/3581iwklzqcg4iyhlyqqrj7yvvm0pykl-cirque-input-module' from 'https://moergo-glove80-zmk-dev.cachix.org'...
2026-02-22T00:08:00.9475776Z copying path '/nix/store/j8rzqx7farv0w3isp9z943zy437zk02f-gcc-13.3.0-libgcc' from 'https://cache.nixos.org'...
2026-02-22T00:08:00.9512607Z copying path '/nix/store/6pqgj71r0850b0cd95yxx0d52zax016i-libunistring-1.2' from 'https://cache.nixos.org'...
2026-02-22T00:08:00.9514331Z copying path '/nix/store/azxckjbc4f70yliac1x35z5awbzf9jzj-cmsis' from 'https://moergo-glove80-zmk-dev.cachix.org'...
2026-02-22T00:08:00.9527939Z copying path '/nix/store/a473gcmd84qs4vpapa70nwamlpkryc7b-hal_nordic' from 'https://moergo-glove80-zmk-dev.cachix.org'...
2026-02-22T00:08:00.9551195Z copying path '/nix/store/wwmn97j9jv083973a7md52v4wkxr6lvd-lvgl' from 'https://moergo-glove80-zmk-dev.cachix.org'...
2026-02-22T00:08:00.9559923Z copying path '/nix/store/kxawdq25ad6x9cb63yvslaprm4ihx5hr-picolibc' from 'https://moergo-glove80-zmk-dev.cachix.org'...
2026-02-22T00:08:00.9563246Z copying path '/nix/store/wkad860jvdc881ngy6r0fbjg6s5i8alh-segger' from 'https://moergo-glove80-zmk-dev.cachix.org'...
2026-02-22T00:08:00.9565822Z copying path '/nix/store/n4xjlyn5hk979p2ywqpajw7dq5y94q1g-tinycrypt' from 'https://moergo-glove80-zmk-dev.cachix.org'...
2026-02-22T00:08:00.9580399Z copying path '/nix/store/85sj9hb9phy4fh3q4fmc1vm9vz27z1lg-die-hook' from 'https://cache.nixos.org'...
2026-02-22T00:08:00.9618682Z copying path '/nix/store/dvsai0ym9czjl5mcsarcdwccb70615n4-linux-headers-6.10' from 'https://cache.nixos.org'...
2026-02-22T00:08:00.9621056Z copying path '/nix/store/77yxcw58nmqx2c67a7srpfxxp40j5rbl-mailcap-2.1.54' from 'https://cache.nixos.org'...
2026-02-22T00:08:00.9626554Z copying path '/nix/store/dfsiy184c8z6gf5x6cqfyahxv9g16828-tzdata-2024b' from 'https://cache.nixos.org'...
2026-02-22T00:08:00.9672446Z copying path '/nix/store/hbrcibdl494a5w3dypy7095dckalzlqa-dejavu-fonts-minimal-2.37' from 'https://cache.nixos.org'...
2026-02-22T00:08:00.9694098Z copying path '/nix/store/ljlah5wqcbix5wg8rvm3g8rc7k9zn1qg-update-autotools-gnu-config-scripts-hook' from 'https://cache.nixos.org'...
2026-02-22T00:08:00.9955564Z copying path '/nix/store/qwjjm4j652ck9izaid7bz63s4hd5bnha-libidn2-2.3.7' from 'https://cache.nixos.org'...
2026-02-22T00:08:01.0023826Z copying path '/nix/store/ziqnk17xikg73dfrwnyi2jd593xlxza9-fontconfig-2.15.0' from 'https://cache.nixos.org'...
2026-02-22T00:08:01.0195773Z copying path '/nix/store/wn7v2vhyyyi6clcyn0s9ixvl7d4d87ic-glibc-2.40-36' from 'https://cache.nixos.org'...
2026-02-22T00:08:01.4563891Z copying path '/nix/store/w90l0zpl7slydmc947qscinn0d6rgq5c-zmk-module-segger' from 'https://moergo-glove80-zmk-dev.cachix.org'...
2026-02-22T00:08:01.4614412Z copying path '/nix/store/grk5a1pd1mbzl3lgzf2amf7c0nbb0rvs-zmk-module-tinycrypt' from 'https://moergo-glove80-zmk-dev.cachix.org'...
2026-02-22T00:08:01.4836840Z copying path '/nix/store/pq757h971kd946xqi9ckk2ylsj25i610-zmk-module-cmsis' from 'https://moergo-glove80-zmk-dev.cachix.org'...
2026-02-22T00:08:01.6590704Z copying path '/nix/store/nmq6s9l9zlym3qjx76zzrqbp05a63y90-attr-2.5.2' from 'https://cache.nixos.org'...
2026-02-22T00:08:01.6593451Z copying path '/nix/store/zr9c15gg53zsbyc54fsrlwh3r8kmhfyy-dav1d-1.5.0' from 'https://cache.nixos.org'...
2026-02-22T00:08:01.6598133Z copying path '/nix/store/2vgwd43vqxm66grkgsy7z1d87z31nzph-brotli-1.1.0-lib' from 'https://cache.nixos.org'...
2026-02-22T00:08:01.6599627Z copying path '/nix/store/ka4sync4bccr9mz2ys0dbqjn24hp8v57-expand-response-params' from 'https://cache.nixos.org'...
2026-02-22T00:08:01.6601125Z copying path '/nix/store/k5x874vwcaxlan1cw248lwqr4l4v7hyk-ed-1.20.2' from 'https://cache.nixos.org'...
2026-02-22T00:08:01.6605398Z copying path '/nix/store/p6k7xp1lsfmbdd731mlglrdj2d66mr82-bash-5.2p37' from 'https://cache.nixos.org'...
2026-02-22T00:08:01.6609315Z copying path '/nix/store/8sgvk9wjq9vfz5irkl4436yhpfr10njq-expat-2.6.4' from 'https://cache.nixos.org'...
2026-02-22T00:08:01.6611481Z copying path '/nix/store/hl3iw85v12gh9mwgvr9yfgjgy0rk81hb-bzip2-1.0.8' from 'https://cache.nixos.org'...
2026-02-22T00:08:01.6663856Z copying path '/nix/store/37azjaxs8cwqbmb0fywl8fa6n2x8bgwq-fribidi-1.0.16' from 'https://cache.nixos.org'...
2026-02-22T00:08:01.6667583Z copying path '/nix/store/nnin69nrnrrmnv2scbwyfkgh1rf51gh1-gawk-5.3.1' from 'https://cache.nixos.org'...
2026-02-22T00:08:01.6866859Z copying path '/nix/store/ybjcla5bhj8g1y84998pn4a2drfxybkv-gcc-13.3.0-lib' from 'https://cache.nixos.org'...
2026-02-22T00:08:01.6868751Z copying path '/nix/store/hq7m89gp4kafmj8rr0f5sy2qyl7jq479-gdbm-1.24-lib' from 'https://cache.nixos.org'...
2026-02-22T00:08:01.6870867Z copying path '/nix/store/brj8bvvn63gbdrslwsj7gpj0gqaxlprn-giflib-5.2.2' from 'https://cache.nixos.org'...
2026-02-22T00:08:01.8054953Z copying path '/nix/store/zw5haplzbwjgbp3yykhm6iprkpfppzxb-glibc-2.40-36-bin' from 'https://cache.nixos.org'...
2026-02-22T00:08:01.8496395Z copying path '/nix/store/nrl5m466dwdscvavf1nqzdnqhszjyy9n-acl-2.3.2' from 'https://cache.nixos.org'...
2026-02-22T00:08:01.8618715Z copying path '/nix/store/y11zr71f9i1zy1vrdy3kjx8j6slsb3l3-gmp-6.3.0' from 'https://cache.nixos.org'...
2026-02-22T00:08:01.8640779Z copying path '/nix/store/9y5kd90fdbrq3r4yc9mpqn82f93zdgyq-gnumake-4.4.1' from 'https://cache.nixos.org'...
2026-02-22T00:08:01.8675145Z copying path '/nix/store/vqjygx23hkim1kpidik5xcs9whayf3sr-bzip2-1.0.8-bin' from 'https://cache.nixos.org'...
2026-02-22T00:08:01.8731850Z copying path '/nix/store/vmby25zqxnx94awvj0k7zn0rsd0zyrwg-gnused-4.9' from 'https://cache.nixos.org'...
2026-02-22T00:08:01.8733502Z copying path '/nix/store/ys6f20b4chzkmfh9ak0hjdp60l0g5abb-keyutils-1.6.3-lib' from 'https://cache.nixos.org'...
2026-02-22T00:08:01.8983510Z copying path '/nix/store/ighb6h0x1nv14ap2fj0j3bqdn0x3xra4-libXau-1.0.11' from 'https://cache.nixos.org'...
2026-02-22T00:08:01.9112461Z copying path '/nix/store/8jqc1bpk99jgib12wgpdjmnbndrmg7vz-libXdmcp-1.1.5' from 'https://cache.nixos.org'...
2026-02-22T00:08:01.9209182Z copying path '/nix/store/a7pimibppfw2m3ryijnwwzx76i780bw2-gzip-1.13' from 'https://cache.nixos.org'...
2026-02-22T00:08:01.9902907Z copying path '/nix/store/rk2r5yq7al5jddg6jriwv1lg5j1dw0ih-libdatrie-2019-12-20-lib' from 'https://cache.nixos.org'...
2026-02-22T00:08:01.9935920Z copying path '/nix/store/v6m37463j6bs788wbid8yvfhp1773cax-libdeflate-1.22' from 'https://cache.nixos.org'...
2026-02-22T00:08:01.9979241Z copying path '/nix/store/lw7psn749bfn2nrn943jdh68hh2im8yl-libffi-3.4.6' from 'https://cache.nixos.org'...
2026-02-22T00:08:02.0676973Z copying path '/nix/store/n19lfs7ix2g9kdh6cf2pfaylbcwjay71-dav1d-1.5.0-dev' from 'https://cache.nixos.org'...
2026-02-22T00:08:02.1202946Z copying path '/nix/store/zhaypw0znkjnymg0rk1599zn21rr0l50-gnutar-1.35' from 'https://cache.nixos.org'...
2026-02-22T00:08:02.1358483Z copying path '/nix/store/lw21wr626v5sdcaxxkv2k4zf1121hfc9-glibc-2.40-36-dev' from 'https://cache.nixos.org'...
2026-02-22T00:08:02.1626301Z copying path '/nix/store/nxg637az00fnm705pinlrpjac9b4hgsc-gmp-with-cxx-6.3.0' from 'https://cache.nixos.org'...
2026-02-22T00:08:02.1639774Z copying path '/nix/store/23y66ax8z30m8xl4brrz792xlsrm0syr-graphite2-1.3.14' from 'https://cache.nixos.org'...
2026-02-22T00:08:02.1645361Z copying path '/nix/store/1dmri839kv55917flq6pyvr6xf17cb29-lerc-4.0.0' from 'https://cache.nixos.org'...
2026-02-22T00:08:02.1675357Z copying path '/nix/store/g8m63j9rzhqf0i9v4pzbdyrnzshr5mkx-libjpeg-turbo-3.0.4' from 'https://cache.nixos.org'...
2026-02-22T00:08:02.1693761Z copying path '/nix/store/ggpir31aij6dj2fsas74jyz8z33dxwnc-libtool-2.4.7-lib' from 'https://cache.nixos.org'...
2026-02-22T00:08:02.1755655Z copying path '/nix/store/scb132gc1zzd904zibk2mz0q5q42z0ym-libuv-1.48.0' from 'https://cache.nixos.org'...
2026-02-22T00:08:02.1793869Z copying path '/nix/store/h11ip75g5azb1d9f9jr8c6pwjhpcx20n-libthai-0.1.29' from 'https://cache.nixos.org'...
2026-02-22T00:08:02.1917049Z copying path '/nix/store/llj89sgbf5512bnhx76khs7aq2pkhqjv-libvmaf-3.0.0' from 'https://cache.nixos.org'...
2026-02-22T00:08:02.1919705Z copying path '/nix/store/xxfkk4gqnaimiwzi6mmsmcs9bl2r8y7f-isl-0.20' from 'https://cache.nixos.org'...
2026-02-22T00:08:02.1970312Z copying path '/nix/store/w63ks7mg1dsgm2gg302ss70wpq7g0l4d-libxcb-1.17.0' from 'https://cache.nixos.org'...
2026-02-22T00:08:02.2081927Z copying path '/nix/store/5j9m3z3c6hygjx34xr1bzrkk8srvcs8a-libxcrypt-4.4.36' from 'https://cache.nixos.org'...
2026-02-22T00:08:02.2172829Z copying path '/nix/store/sbc37bmgpzr7wvlbm9lgf4y6q6dyz40q-libxcrypt-4.4.36' from 'https://cache.nixos.org'...
2026-02-22T00:08:02.2708379Z copying path '/nix/store/shg1vgcjxghqxhl0sifwgr0g2zg6bbv7-libxml2-2.13.4' from 'https://cache.nixos.org'...
2026-02-22T00:08:02.2814907Z copying path '/nix/store/s5y8cgwj9saik6hpxq6hvry31hggnxij-libyaml-0.2.5' from 'https://cache.nixos.org'...
2026-02-22T00:08:02.2976405Z copying path '/nix/store/aqga8f06jxy5a6ci4na35v7n09j8i74f-mpdecimal-4.0.0' from 'https://cache.nixos.org'...
2026-02-22T00:08:02.2984089Z copying path '/nix/store/wfxkyxmg47bhj098im5rp60hmkagn96x-mpfr-4.2.1' from 'https://cache.nixos.org'...
2026-02-22T00:08:02.3085352Z copying path '/nix/store/b1wvkjx96i3s7wblz38ya0zr8i93zbc5-coreutils-9.5' from 'https://cache.nixos.org'...
2026-02-22T00:08:02.3145752Z copying path '/nix/store/zi4768cbcny3vx6f8k2yqy3zp90jalhz-ncompress-5.0' from 'https://cache.nixos.org'...
2026-02-22T00:08:02.3147354Z copying path '/nix/store/vj1wkvkfgcgxr93b5p6kwjbqgrjnv7d9-ncurses-abi5-compat-6.4.20221231' from 'https://cache.nixos.org'...
2026-02-22T00:08:02.3148937Z copying path '/nix/store/1p1j0iv3c909kcs4d5300kcsnlwmbwyj-ncurses-6.4.20221231' from 'https://cache.nixos.org'...
2026-02-22T00:08:02.3287637Z copying path '/nix/store/aygalfgrn7pvxcqc45jw53b9gc29hwzs-nghttp2-1.64.0-lib' from 'https://cache.nixos.org'...
2026-02-22T00:08:02.3312383Z copying path '/nix/store/s2lws03pga0vyq84kfa6h041n8csbg4p-ninja-1.12.1' from 'https://cache.nixos.org'...
2026-02-22T00:08:02.3401282Z copying path '/nix/store/k1dsk0zyq43pvi7f76is2rx6l4aphm5z-openssl-3.3.2' from 'https://cache.nixos.org'...
2026-02-22T00:08:02.3466643Z copying path '/nix/store/43nf72jxw9m9mazn5qs7pdj52a7gmcr5-libyuv-1787' from 'https://cache.nixos.org'...
2026-02-22T00:08:02.3522771Z copying path '/nix/store/ikjw6a952jd9wn5k06mkj710xzabssr0-libX11-1.8.10' from 'https://cache.nixos.org'...
2026-02-22T00:08:02.3524888Z copying path '/nix/store/kabp82iq5p0l8zidw9ch1mrpq431g6jd-libaom-3.10.0' from 'https://cache.nixos.org'...
2026-02-22T00:08:02.3867013Z copying path '/nix/store/2nvmq98zj69i1af1ksh6m08hvfdkjv1z-dtc-1.7.2' from 'https://cache.nixos.org'...
2026-02-22T00:08:02.3937353Z copying path '/nix/store/dbkf2m0b3a2n9drrbz6ra4ljfx45d4aa-libvmaf-3.0.0-dev' from 'https://cache.nixos.org'...
2026-02-22T00:08:02.3965988Z copying path '/nix/store/mdmansf6zkzsnrcf4h3yav5kz93rh03y-patch-2.7.6' from 'https://cache.nixos.org'...
2026-02-22T00:08:02.4234176Z copying path '/nix/store/gkj66hn5cyi3d761nmcdpj35ngv7h8ph-pcre2-10.44' from 'https://cache.nixos.org'...
2026-02-22T00:08:02.4322629Z copying path '/nix/store/9q63d382x7k2h6cc2pfsb39ar3n6f9wg-patchelf-0.15.0' from 'https://cache.nixos.org'...
2026-02-22T00:08:02.4326296Z copying path '/nix/store/f86x63y57hwyx9nl4l098fpl93y3xrya-pixman-0.43.4' from 'https://cache.nixos.org'...
2026-02-22T00:08:02.4451651Z copying path '/nix/store/gpbi7j64vk1my8gpqgylwf9iljqb09is-rhash-1.4.4' from 'https://cache.nixos.org'...
2026-02-22T00:08:02.4543496Z copying path '/nix/store/gm5g3xyn8iwxkag8gs6rf3ci64bqld80-util-linux-minimal-2.39.4-lib' from 'https://cache.nixos.org'...
2026-02-22T00:08:02.4548520Z copying path '/nix/store/0qqs7bkfk21h8vh7m3x84hphciqv75lm-libmpc-1.3.1' from 'https://cache.nixos.org'...
2026-02-22T00:08:02.4614722Z copying path '/nix/store/bdpc1864983kf51r3cznbrvnlkv4d9ff-xz-5.6.3' from 'https://cache.nixos.org'...
2026-02-22T00:08:02.4706894Z copying path '/nix/store/pz26iwsn417j90xs7y7cwbsjnk7b1riv-zephyr' from 'https://moergo-glove80-zmk-dev.cachix.org'...
2026-02-22T00:08:02.4732731Z copying path '/nix/store/bzk3q2l71qwhycsip23y6rl5n881la4n-zlib-1.3.1' from 'https://cache.nixos.org'...
2026-02-22T00:08:02.5539957Z copying path '/nix/store/wggfl9p3y2ahy21hb1gpfgr3fxsbv8ss-zmk-module-hal_nordic' from 'https://moergo-glove80-zmk-dev.cachix.org'...
2026-02-22T00:08:02.5575651Z copying path '/nix/store/4bn1207zpfrcdmf1ldh86ziaav3kwwbb-zmk-module-picolibc' from 'https://moergo-glove80-zmk-dev.cachix.org'...
2026-02-22T00:08:02.5638761Z copying path '/nix/store/85amyk92rg19l4fy0qmy7wr4jmq8p5z0-gnugrep-3.11' from 'https://cache.nixos.org'...
2026-02-22T00:08:02.5644691Z copying path '/nix/store/rp6b82pm6b7x03ngbzffsl3vj8pvay5v-libselinux-3.7' from 'https://cache.nixos.org'...
2026-02-22T00:08:02.6086174Z copying path '/nix/store/cxwsmlr3xh1ml4r0kgdjrknw7504b9f8-diffutils-3.10' from 'https://cache.nixos.org'...
2026-02-22T00:08:02.6126294Z copying path '/nix/store/2qssg7pjgadwmqns6jm3qlr5bbdl4dcr-binutils-2.43.1-lib' from 'https://cache.nixos.org'...
2026-02-22T00:08:02.6179248Z copying path '/nix/store/g4lksqp6l8qiab4a0as21s6556xh4gyp-file-5.45' from 'https://cache.nixos.org'...
2026-02-22T00:08:02.6230955Z copying path '/nix/store/w8pnfazxqwmrqmwkb5zrz1bifsd8abxl-findutils-4.10.0' from 'https://cache.nixos.org'...
2026-02-22T00:08:02.6294997Z copying path '/nix/store/d5y0sl4vwsb9m99r18zh1mx4fw9y70g6-libXext-1.3.6' from 'https://cache.nixos.org'...
2026-02-22T00:08:02.6533696Z copying path '/nix/store/4krab2h0hd4wvxxmscxrw21pl77j4i7j-gcc-13.3.0' from 'https://cache.nixos.org'...
2026-02-22T00:08:02.6565148Z copying path '/nix/store/ln8sk1vlpzmm346lx30ifihqdw0fw4g9-libXpm-3.5.17' from 'https://cache.nixos.org'...
2026-02-22T00:08:02.6678080Z copying path '/nix/store/7ygszkkili3kfqh789ivdgrhyrjshm5n-libXrender-0.9.11' from 'https://cache.nixos.org'...
2026-02-22T00:08:02.6705263Z copying path '/nix/store/kvzfyxs3v0nb2lvfx28c5hj0vz7j9737-libpng-apng-1.6.43' from 'https://cache.nixos.org'...
2026-02-22T00:08:02.6774405Z copying path '/nix/store/6fklzkr5x213h868q31isgy82wpmb1yb-perl-5.40.0' from 'https://cache.nixos.org'...
2026-02-22T00:08:02.7129595Z copying path '/nix/store/5180mi672sl6ikiwyhvgnxasz6iqxws0-xz-5.6.3-bin' from 'https://cache.nixos.org'...
2026-02-22T00:08:02.7131357Z copying path '/nix/store/bbd59cqw259149r2ddk4w1q0lr2fch8c-sqlite-3.46.1' from 'https://cache.nixos.org'...
2026-02-22T00:08:02.7410903Z copying path '/nix/store/44v1jwji8rksbmvsjwkd4igbb1vhxbl5-zmk-module-lvgl' from 'https://moergo-glove80-zmk-dev.cachix.org'...
2026-02-22T00:08:02.7449024Z copying path '/nix/store/8pys6a47askf0g75a1k73p3rx2wim7m6-zstd-1.5.6' from 'https://cache.nixos.org'...
2026-02-22T00:08:02.7533917Z copying path '/nix/store/26hcp8h792wl0h52c5r94qakhvk6q717-glib-2.82.1' from 'https://cache.nixos.org'...
2026-02-22T00:08:02.7671855Z copying path '/nix/store/bwkb907myixfzzykp21m9iczkhrq5pfy-binutils-2.43.1' from 'https://cache.nixos.org'...
2026-02-22T00:08:02.7698640Z copying path '/nix/store/g9hgzjcj9g7hw3c2pzgz271b1g1jgc4w-krb5-1.21.3-lib' from 'https://cache.nixos.org'...
2026-02-22T00:08:02.7734344Z copying path '/nix/store/1n0b29iid3y0w9i91v9zqdiwnx3inak0-libssh2-1.11.1' from 'https://cache.nixos.org'...
2026-02-22T00:08:02.7737471Z copying path '/nix/store/v567mv8b0bg0ph7xn61g33qqm484xxj0-libaom-3.10.0-bin' from 'https://cache.nixos.org'...
2026-02-22T00:08:02.8568864Z copying path '/nix/store/waj425c88y21wccgk9zpyi3q48xq0sgk-freetype-2.13.3' from 'https://cache.nixos.org'...
2026-02-22T00:08:02.8570608Z copying path '/nix/store/zgcaxpjipkvdz3185gfb8ba63xw1sv4n-libwebp-1.4.0' from 'https://cache.nixos.org'...
2026-02-22T00:08:02.9527752Z copying path '/nix/store/n0q4xhb9z19f0rfd1i8frw7a3ip3rgar-readline-8.2p13' from 'https://cache.nixos.org'...
2026-02-22T00:08:03.1245730Z copying path '/nix/store/spb2bpcnw0gbbr4x94cq8xs9n72hipwj-stdenv-linux' from 'https://cache.nixos.org'...
2026-02-22T00:08:03.1655936Z copying path '/nix/store/n0gxk0ys2zgqqz6zcsq8qlv6nv5k6fpj-libarchive-3.7.7-lib' from 'https://cache.nixos.org'...
2026-02-22T00:08:03.1797640Z copying path '/nix/store/1asppgbns142f1sqyr6sz843h0689a1k-libaom-3.10.0-dev' from 'https://cache.nixos.org'...
2026-02-22T00:08:03.3305019Z copying path '/nix/store/ps0zg8jx995br0s7k353qhal1ma3nnbd-curl-8.11.0' from 'https://cache.nixos.org'...
2026-02-22T00:08:03.3330646Z copying path '/nix/store/qb69wvblgz1x2hkfxf7lwl9lg9xk4zpj-python3-3.9.20' from 'https://cache.nixos.org'...
2026-02-22T00:08:03.3333337Z copying path '/nix/store/zv1kaq7f1q20x62kbjv6pfjygw5jmwl6-python3-3.12.7' from 'https://cache.nixos.org'...
2026-02-22T00:08:03.3642811Z copying path '/nix/store/mgw74i0szz30zbmvgasvyws1y8mvkb86-libtiff-4.7.0' from 'https://cache.nixos.org'...
2026-02-22T00:08:03.3740290Z copying path '/nix/store/jfyibphs7pv1izw879lrmr0pp1x3llb8-fontconfig-2.15.0-lib' from 'https://cache.nixos.org'...
2026-02-22T00:08:03.6367782Z copying path '/nix/store/avwmwsn9v4an5v2a4k1gzbqk917avjn1-gts-0.7.6' from 'https://cache.nixos.org'...
2026-02-22T00:08:03.6369215Z copying path '/nix/store/yxgc37sx1a0fswq3hvvld54491ryx6sf-harfbuzz-10.0.1' from 'https://cache.nixos.org'...
2026-02-22T00:08:03.9076296Z building '/nix/store/ryf981zc9kshrrgm5c5dphnw879gn09m-builder.pl.drv'...
2026-02-22T00:08:03.9226540Z copying path '/nix/store/x9as7x6f7cdgcskvvn3yp02m662krr7y-binutils-wrapper-2.43.1' from 'https://cache.nixos.org'...
2026-02-22T00:08:04.0966777Z copying path '/nix/store/4k2h9qsps52n1v56zq03yi67dwmxa81i-cmake-3.30.5' from 'https://cache.nixos.org'...
2026-02-22T00:08:04.0969021Z copying path '/nix/store/9l20xx4bw18qgkicjcrsfx7vfykp9m8h-cairo-1.18.2' from 'https://cache.nixos.org'...
2026-02-22T00:08:04.0975771Z copying path '/nix/store/a98zld1as826z4s0b71xs64k02arj4zj-libXft-2.3.8' from 'https://cache.nixos.org'...
2026-02-22T00:08:04.1102957Z copying path '/nix/store/xk1z1b27hck084x12pn24rk526arwwlz-libwebp-1.4.0' from 'https://cache.nixos.org'...
2026-02-22T00:08:04.1123712Z copying path '/nix/store/alnzmaf07kv3dl4017vrzqngay5rx904-gdk-pixbuf-2.42.12' from 'https://cache.nixos.org'...
2026-02-22T00:08:04.8469778Z copying path '/nix/store/vy93rplabj9l70a098rvp52ni9bg476v-pango-1.54.0' from 'https://cache.nixos.org'...
2026-02-22T00:08:04.8628390Z copying path '/nix/store/96wajifckqya26aazk4lrig5m5npw5l2-libavif-1.1.1' from 'https://cache.nixos.org'...
2026-02-22T00:08:05.2995426Z copying path '/nix/store/ascb2b0zncwlavz03zcj358p1i79hp64-gd-2.3.3' from 'https://cache.nixos.org'...
2026-02-22T00:08:05.7237383Z copying path '/nix/store/lvx8m4mh18aiqlqp5hdjpg3b34a07p35-graphviz-12.2.0' from 'https://cache.nixos.org'...
2026-02-22T00:08:07.1888045Z copying path '/nix/store/mczmw3rln2jm6nm080dapyjpj3833rg9-gcc-arm-embedded-12.3.rel1' from 'https://cache.nixos.org'...
2026-02-22T00:08:08.8079225Z copying path '/nix/store/qpb0z965ffwmny4p2m2jbbaqifkkb5y9-python3.12-docopt-0.6.2' from 'https://cache.nixos.org'...
2026-02-22T00:08:08.8080842Z copying path '/nix/store/wg6fhwksxkxn24rnynizrr6f4rvd9dkf-python3.12-intelhex-2.3.0' from 'https://cache.nixos.org'...
2026-02-22T00:08:08.8082565Z copying path '/nix/store/qnfndbdg0k5s7zb47l5q9h7cszi56gpf-python3.12-packaging-24.1' from 'https://cache.nixos.org'...
2026-02-22T00:08:08.8084164Z copying path '/nix/store/l67gyhnl63la5pxmq4kbhl0g6xrfsdff-python3.12-msgpack-1.1.0' from 'https://cache.nixos.org'...
2026-02-22T00:08:08.8085721Z copying path '/nix/store/rs8cgrcn6pkdxs2ksnhs1a0x0pvx5sac-python3.12-progress-1.6' from 'https://cache.nixos.org'...
2026-02-22T00:08:08.8087272Z copying path '/nix/store/qmm23pygh0kisvsm9wrfxw2s5km97670-python3.12-pyelftools-0.31' from 'https://cache.nixos.org'...
2026-02-22T00:08:08.8088896Z copying path '/nix/store/3rghmwyhhwjaj3jmpc3drb8pzz9h14hj-python3.12-ruamel-yaml-clib-0.2.7' from 'https://cache.nixos.org'...
2026-02-22T00:08:08.8090536Z copying path '/nix/store/2k9j8zwlhd8vdpn0c4j5zgwkqr6digpx-python3.12-ruamel-base-1.0.0' from 'https://cache.nixos.org'...
2026-02-22T00:08:08.8092098Z copying path '/nix/store/2j2fcjlxczkx0yyjn3rqi1h9sd42r97v-python3.12-wrapt-1.16.0' from 'https://cache.nixos.org'...
2026-02-22T00:08:08.8093823Z copying path '/nix/store/j7q50pmxnawpif7kfimy51mjhjdjldns-python3.12-pyyaml-6.0.2' from 'https://cache.nixos.org'...
2026-02-22T00:08:08.8095319Z copying path '/nix/store/4743pgjalihwh1vb7jsy17ynw3s0xj04-python3.12-six-1.16.0' from 'https://cache.nixos.org'...
2026-02-22T00:08:08.8096919Z copying path '/nix/store/n2pgidpi7vpq2hbpylfpa4ck7avniipp-python3.12-typing-extensions-4.12.2' from 'https://cache.nixos.org'...
2026-02-22T00:08:08.8944077Z copying path '/nix/store/4apajimszc47rxwcpvc3g3rj2icinl71-gcc-wrapper-13.3.0' from 'https://cache.nixos.org'...
2026-02-22T00:08:09.1535244Z copying path '/nix/store/09wri7s7nlgp1fs4q4ysx96scbbmr74v-python3.12-anytree-2.12.1' from 'https://cache.nixos.org'...
2026-02-22T00:08:09.1537293Z copying path '/nix/store/iz14w235v0nmwc3vnzrlbrkfpaj1qqka-python3.12-python-dateutil-2.9.0.post0' from 'https://cache.nixos.org'...
2026-02-22T00:08:09.1577395Z copying path '/nix/store/7cvm89dzrkw7i4pdidyd8mvny73k07nb-python3.12-ruamel-yaml-0.18.6' from 'https://cache.nixos.org'...
2026-02-22T00:08:09.1584619Z copying path '/nix/store/7p4gqrzavx0lpks2l0j9945zkzv77ds0-python3.12-python-can-4.5.0' from 'https://moergo-glove80-zmk-dev.cachix.org'...
2026-02-22T00:08:09.3172529Z copying path '/nix/store/gqjd4bvd683s55r0jcgc9q67rvjnmfc6-make-binary-wrapper-hook' from 'https://cache.nixos.org'...
2026-02-22T00:08:09.6387065Z copying path '/nix/store/k1hzsby2pa29jwbbdgg3y4wj0rxn8dnn-python3.12-pykwalify-1.8.0' from 'https://cache.nixos.org'...
2026-02-22T00:08:10.0918181Z building '/nix/store/14s41r3aqgw7vrl845jxarjcx3ivgvc4-python3-3.12.7-env.drv'...
2026-02-22T00:08:10.2237127Z created 296 symlinks in user environment
2026-02-22T00:08:20.6535825Z warning: Ignoring setting 'auto-allocate-uids' because experimental feature 'auto-allocate-uids' is not enabled
2026-02-22T00:08:20.6537248Z warning: Ignoring setting 'impure-env' because experimental feature 'configurable-impure-env' is not enabled
2026-02-22T00:08:20.6791378Z building '/nix/store/aldjqv7cr86wk3b8rw4zwf4svjwf83lp-zmk_glove80_lh.drv'...
2026-02-22T00:08:20.6995996Z building '/nix/store/fb5w0maghws2vq9051pri4s4ah87av4l-zmk_glove80_rh.drv'...
2026-02-22T00:08:20.7524259Z Running phase: unpackPhase
2026-02-22T00:08:20.7554157Z unpacking source archive /nix/store/ypiphcbzypxpz9p904y3da2z7rpgj17j-source
2026-02-22T00:08:20.7617469Z Running phase: unpackPhase
2026-02-22T00:08:20.8027842Z unpacking source archive /nix/store/ypiphcbzypxpz9p904y3da2z7rpgj17j-source
2026-02-22T00:08:20.9153129Z source root is source/app
2026-02-22T00:08:21.2475887Z source root is source/app
2026-02-22T00:08:21.2491059Z Running phase: patchPhase
2026-02-22T00:08:21.2889632Z Running phase: patchPhase
2026-02-22T00:08:21.3168181Z Running phase: updateAutotoolsGnuConfigScriptsPhase
2026-02-22T00:08:21.3173309Z Running phase: updateAutotoolsGnuConfigScriptsPhase
2026-02-22T00:08:21.3869830Z Running phase: configurePhase
2026-02-22T00:08:21.3870641Z Running phase: configurePhase
2026-02-22T00:08:21.4599204Z fixing cmake files...
2026-02-22T00:08:21.4599573Z fixing cmake files...
2026-02-22T00:08:21.8927056Z cmake flags: -GNinja -DCMAKE_FIND_USE_SYSTEM_PACKAGE_REGISTRY=OFF -DCMAKE_FIND_USE_PACKAGE_REGISTRY=OFF -DCMAKE_EXPORT_NO_PACKAGE_REGISTRY=ON -DCMAKE_BUILD_TYPE=Release -DBUILD_TESTING=OFF -DCMAKE_INSTALL_LOCALEDIR=/nix/store/mr3ri2zx5x7y0ir6kh6r87lsqdrl3d2m-zmk_glove80_lh/share/locale -DCMAKE_INSTALL_LIBEXECDIR=/nix/store/mr3ri2zx5x7y0ir6kh6r87lsqdrl3d2m-zmk_glove80_lh/libexec -DCMAKE_INSTALL_LIBDIR=/nix/store/mr3ri2zx5x7y0ir6kh6r87lsqdrl3d2m-zmk_glove80_lh/lib -DCMAKE_INSTALL_DOCDIR=/nix/store/mr3ri2zx5x7y0ir6kh6r87lsqdrl3d2m-zmk_glove80_lh/share/doc/zmk -DCMAKE_INSTALL_INFODIR=/nix/store/mr3ri2zx5x7y0ir6kh6r87lsqdrl3d2m-zmk_glove80_lh/share/info -DCMAKE_INSTALL_MANDIR=/nix/store/mr3ri2zx5x7y0ir6kh6r87lsqdrl3d2m-zmk_glove80_lh/share/man -DCMAKE_INSTALL_OLDINCLUDEDIR=/nix/store/mr3ri2zx5x7y0ir6kh6r87lsqdrl3d2m-zmk_glove80_lh/include -DCMAKE_INSTALL_INCLUDEDIR=/nix/store/mr3ri2zx5x7y0ir6kh6r87lsqdrl3d2m-zmk_glove80_lh/include -DCMAKE_INSTALL_SBINDIR=/nix/store/mr3ri2zx5x7y0ir6kh6r87lsqdrl3d2m-zmk_glove80_lh/sbin -DCMAKE_INSTALL_BINDIR=/nix/store/mr3ri2zx5x7y0ir6kh6r87lsqdrl3d2m-zmk_glove80_lh/bin -DCMAKE_INSTALL_NAME_DIR=/nix/store/mr3ri2zx5x7y0ir6kh6r87lsqdrl3d2m-zmk_glove80_lh/lib -DCMAKE_POLICY_DEFAULT_CMP0025=NEW -DCMAKE_FIND_FRAMEWORK=LAST -DCMAKE_STRIP= -DCMAKE_RANLIB= -DCMAKE_AR= -DCMAKE_C_COMPILER= -DCMAKE_CXX_COMPILER= -DCMAKE_INSTALL_PREFIX=/nix/store/mr3ri2zx5x7y0ir6kh6r87lsqdrl3d2m-zmk_glove80_lh -DZEPHYR_BASE=/nix/store/pz26iwsn417j90xs7y7cwbsjnk7b1riv-zephyr/zephyr -DBOARD_ROOT=. -DBOARD=glove80_lh -DZEPHYR_TOOLCHAIN_VARIANT=gnuarmemb -DGNUARMEMB_TOOLCHAIN_PATH=/nix/store/mczmw3rln2jm6nm080dapyjpj3833rg9-gcc-arm-embedded-12.3.rel1 -DCMAKE_C_COMPILER=/nix/store/mczmw3rln2jm6nm080dapyjpj3833rg9-gcc-arm-embedded-12.3.rel1/bin/arm-none-eabi-gcc -DCMAKE_CXX_COMPILER=/nix/store/mczmw3rln2jm6nm080dapyjpj3833rg9-gcc-arm-embedded-12.3.rel1/bin/arm-none-eabi-g++ -DCMAKE_AR=/nix/store/mczmw3rln2jm6nm080dapyjpj3833rg9-gcc-arm-embedded-12.3.rel1/bin/arm-none-eabi-ar -DCMAKE_RANLIB=/nix/store/mczmw3rln2jm6nm080dapyjpj3833rg9-gcc-arm-embedded-12.3.rel1/bin/arm-none-eabi-ranlib -DZEPHYR_MODULES=/nix/store/pq757h971kd946xqi9ckk2ylsj25i610-zmk-module-cmsis/cmsis\;/nix/store/wggfl9p3y2ahy21hb1gpfgr3fxsbv8ss-zmk-module-hal_nordic/hal_nordic\;/nix/store/grk5a1pd1mbzl3lgzf2amf7c0nbb0rvs-zmk-module-tinycrypt/tinycrypt\;/nix/store/44v1jwji8rksbmvsjwkd4igbb1vhxbl5-zmk-module-lvgl/lvgl\;/nix/store/4bn1207zpfrcdmf1ldh86ziaav3kwwbb-zmk-module-picolibc/picolibc\;/nix/store/w90l0zpl7slydmc947qscinn0d6rgq5c-zmk-module-segger/segger\;/nix/store/3581iwklzqcg4iyhlyqqrj7yvvm0pykl-cirque-input-module -DKEYMAP_FILE=/nix/store/ln4rj57i9k2q4889bvyh7fx6ly7gvx8h-zmk-custom-functions-lib/boards/glove80/glove80.keymap -DEXTRA_CONF_FILE=/nix/store/ln4rj57i9k2q4889bvyh7fx6ly7gvx8h-zmk-custom-functions-lib/boards/glove80/glove80.conf -DUSER_CACHE_DIR=/build/.cache
2026-02-22T00:08:21.8967234Z cmake flags: -GNinja -DCMAKE_FIND_USE_SYSTEM_PACKAGE_REGISTRY=OFF -DCMAKE_FIND_USE_PACKAGE_REGISTRY=OFF -DCMAKE_EXPORT_NO_PACKAGE_REGISTRY=ON -DCMAKE_BUILD_TYPE=Release -DBUILD_TESTING=OFF -DCMAKE_INSTALL_LOCALEDIR=/nix/store/vhyg2khh7xv3pk352pzb0pjjr3llj3a4-zmk_glove80_rh/share/locale -DCMAKE_INSTALL_LIBEXECDIR=/nix/store/vhyg2khh7xv3pk352pzb0pjjr3llj3a4-zmk_glove80_rh/libexec -DCMAKE_INSTALL_LIBDIR=/nix/store/vhyg2khh7xv3pk352pzb0pjjr3llj3a4-zmk_glove80_rh/lib -DCMAKE_INSTALL_DOCDIR=/nix/store/vhyg2khh7xv3pk352pzb0pjjr3llj3a4-zmk_glove80_rh/share/doc/zmk -DCMAKE_INSTALL_INFODIR=/nix/store/vhyg2khh7xv3pk352pzb0pjjr3llj3a4-zmk_glove80_rh/share/info -DCMAKE_INSTALL_MANDIR=/nix/store/vhyg2khh7xv3pk352pzb0pjjr3llj3a4-zmk_glove80_rh/share/man -DCMAKE_INSTALL_OLDINCLUDEDIR=/nix/store/vhyg2khh7xv3pk352pzb0pjjr3llj3a4-zmk_glove80_rh/include -DCMAKE_INSTALL_INCLUDEDIR=/nix/store/vhyg2khh7xv3pk352pzb0pjjr3llj3a4-zmk_glove80_rh/include -DCMAKE_INSTALL_SBINDIR=/nix/store/vhyg2khh7xv3pk352pzb0pjjr3llj3a4-zmk_glove80_rh/sbin -DCMAKE_INSTALL_BINDIR=/nix/store/vhyg2khh7xv3pk352pzb0pjjr3llj3a4-zmk_glove80_rh/bin -DCMAKE_INSTALL_NAME_DIR=/nix/store/vhyg2khh7xv3pk352pzb0pjjr3llj3a4-zmk_glove80_rh/lib -DCMAKE_POLICY_DEFAULT_CMP0025=NEW -DCMAKE_FIND_FRAMEWORK=LAST -DCMAKE_STRIP= -DCMAKE_RANLIB= -DCMAKE_AR= -DCMAKE_C_COMPILER= -DCMAKE_CXX_COMPILER= -DCMAKE_INSTALL_PREFIX=/nix/store/vhyg2khh7xv3pk352pzb0pjjr3llj3a4-zmk_glove80_rh -DZEPHYR_BASE=/nix/store/pz26iwsn417j90xs7y7cwbsjnk7b1riv-zephyr/zephyr -DBOARD_ROOT=. -DBOARD=glove80_rh -DZEPHYR_TOOLCHAIN_VARIANT=gnuarmemb -DGNUARMEMB_TOOLCHAIN_PATH=/nix/store/mczmw3rln2jm6nm080dapyjpj3833rg9-gcc-arm-embedded-12.3.rel1 -DCMAKE_C_COMPILER=/nix/store/mczmw3rln2jm6nm080dapyjpj3833rg9-gcc-arm-embedded-12.3.rel1/bin/arm-none-eabi-gcc -DCMAKE_CXX_COMPILER=/nix/store/mczmw3rln2jm6nm080dapyjpj3833rg9-gcc-arm-embedded-12.3.rel1/bin/arm-none-eabi-g++ -DCMAKE_AR=/nix/store/mczmw3rln2jm6nm080dapyjpj3833rg9-gcc-arm-embedded-12.3.rel1/bin/arm-none-eabi-ar -DCMAKE_RANLIB=/nix/store/mczmw3rln2jm6nm080dapyjpj3833rg9-gcc-arm-embedded-12.3.rel1/bin/arm-none-eabi-ranlib -DZEPHYR_MODULES=/nix/store/pq757h971kd946xqi9ckk2ylsj25i610-zmk-module-cmsis/cmsis\;/nix/store/wggfl9p3y2ahy21hb1gpfgr3fxsbv8ss-zmk-module-hal_nordic/hal_nordic\;/nix/store/grk5a1pd1mbzl3lgzf2amf7c0nbb0rvs-zmk-module-tinycrypt/tinycrypt\;/nix/store/44v1jwji8rksbmvsjwkd4igbb1vhxbl5-zmk-module-lvgl/lvgl\;/nix/store/4bn1207zpfrcdmf1ldh86ziaav3kwwbb-zmk-module-picolibc/picolibc\;/nix/store/w90l0zpl7slydmc947qscinn0d6rgq5c-zmk-module-segger/segger\;/nix/store/3581iwklzqcg4iyhlyqqrj7yvvm0pykl-cirque-input-module -DKEYMAP_FILE=/nix/store/ln4rj57i9k2q4889bvyh7fx6ly7gvx8h-zmk-custom-functions-lib/boards/glove80/glove80.keymap -DEXTRA_CONF_FILE=/nix/store/ln4rj57i9k2q4889bvyh7fx6ly7gvx8h-zmk-custom-functions-lib/boards/glove80/glove80.conf -DUSER_CACHE_DIR=/build/.cache
2026-02-22T00:08:21.9007610Z Loading Zephyr default modules (Zephyr base (cached)).
2026-02-22T00:08:21.9009585Z -- Application: /build/source/app
2026-02-22T00:08:21.9012037Z -- CMake version: 3.30.5
2026-02-22T00:08:21.9012742Z Loading Zephyr default modules (Zephyr base (cached)).
2026-02-22T00:08:21.9020458Z -- Application: /build/source/app
2026-02-22T00:08:21.9021038Z -- CMake version: 3.30.5
2026-02-22T00:08:22.1034888Z -- Found Python3: /nix/store/3ym73yjdw7yg6sv3nwr0syligji76i3z-python3-3.12.7-env/bin/python (found suitable version "3.12.7", minimum required is "3.8") found components: Interpreter
2026-02-22T00:08:22.1064041Z -- Found Python3: /nix/store/3ym73yjdw7yg6sv3nwr0syligji76i3z-python3-3.12.7-env/bin/python (found suitable version "3.12.7", minimum required is "3.8") found components: Interpreter
2026-02-22T00:08:22.1071147Z -- Cache files will be written to: /build/.cache
2026-02-22T00:08:22.1073410Z -- Cache files will be written to: /build/.cache
2026-02-22T00:08:22.1118589Z -- Zephyr version: 3.5.0 (/nix/store/pz26iwsn417j90xs7y7cwbsjnk7b1riv-zephyr/zephyr)
2026-02-22T00:08:22.1125915Z -- Zephyr version: 3.5.0 (/nix/store/pz26iwsn417j90xs7y7cwbsjnk7b1riv-zephyr/zephyr)
2026-02-22T00:08:22.2971149Z -- Using keymap file: /nix/store/ln4rj57i9k2q4889bvyh7fx6ly7gvx8h-zmk-custom-functions-lib/boards/glove80/glove80.keymap
2026-02-22T00:08:22.3007742Z -- Using keymap file: /nix/store/ln4rj57i9k2q4889bvyh7fx6ly7gvx8h-zmk-custom-functions-lib/boards/glove80/glove80.keymap
2026-02-22T00:08:22.3016322Z -- Board: glove80_lh
2026-02-22T00:08:22.3053258Z -- Board: glove80_rh
2026-02-22T00:08:22.4748283Z -- Found toolchain: gnuarmemb (/nix/store/mczmw3rln2jm6nm080dapyjpj3833rg9-gcc-arm-embedded-12.3.rel1)
2026-02-22T00:08:22.4749503Z -- Found toolchain: gnuarmemb (/nix/store/mczmw3rln2jm6nm080dapyjpj3833rg9-gcc-arm-embedded-12.3.rel1)
2026-02-22T00:08:22.4844375Z -- Found Dtc: /nix/store/2nvmq98zj69i1af1ksh6m08hvfdkjv1z-dtc-1.7.2/bin/dtc (found suitable version "1.7.2", minimum required is "1.4.6")
2026-02-22T00:08:22.4846095Z -- Found BOARD.dts: /build/source/app/boards/arm/glove80/glove80_lh.dts
2026-02-22T00:08:22.4849066Z -- Found devicetree overlay: /nix/store/ln4rj57i9k2q4889bvyh7fx6ly7gvx8h-zmk-custom-functions-lib/boards/glove80/glove80.keymap
2026-02-22T00:08:22.4850747Z -- Found Dtc: /nix/store/2nvmq98zj69i1af1ksh6m08hvfdkjv1z-dtc-1.7.2/bin/dtc (found suitable version "1.7.2", minimum required is "1.4.6")
2026-02-22T00:08:22.4851943Z -- Found BOARD.dts: /build/source/app/boards/arm/glove80/glove80_rh.dts
2026-02-22T00:08:22.4853268Z -- Found devicetree overlay: /nix/store/ln4rj57i9k2q4889bvyh7fx6ly7gvx8h-zmk-custom-functions-lib/boards/glove80/glove80.keymap
2026-02-22T00:08:22.6804640Z devicetree error: /nix/store/ln4rj57i9k2q4889bvyh7fx6ly7gvx8h-zmk-custom-functions-lib/boards/glove80/../../shared/macros.dtsi:2 (column 12): parse error: expected label reference (&foo)
2026-02-22T00:08:22.6814112Z devicetree error: /nix/store/ln4rj57i9k2q4889bvyh7fx6ly7gvx8h-zmk-custom-functions-lib/boards/glove80/../../shared/macros.dtsi:2 (column 12): parse error: expected label reference (&foo)
2026-02-22T00:08:22.6925295Z -- In: /build/source/app/build/zephyr, command: /nix/store/3ym73yjdw7yg6sv3nwr0syligji76i3z-python3-3.12.7-env/bin/python;/nix/store/pz26iwsn417j90xs7y7cwbsjnk7b1riv-zephyr/zephyr/scripts/dts/gen_defines.py;--dts;/build/source/app/build/zephyr/zephyr.dts.pre;--dtc-flags;'-Wno-unique_unit_address_if_enabled';--bindings-dirs;/nix/store/3581iwklzqcg4iyhlyqqrj7yvvm0pykl-cirque-input-module/dts/bindings;/build/source/app/module/dts/bindings;/build/source/app/dts/bindings;/nix/store/pz26iwsn417j90xs7y7cwbsjnk7b1riv-zephyr/zephyr/dts/bindings;--header-out;/build/source/app/build/zephyr/include/generated/devicetree_generated.h.new;--dts-out;/build/source/app/build/zephyr/zephyr.dts.new;--edt-pickle-out;/build/source/app/build/zephyr/edt.pickle;--vendor-prefixes;/nix/store/3581iwklzqcg4iyhlyqqrj7yvvm0pykl-cirque-input-module/dts/bindings/vendor-prefixes.txt;--vendor-prefixes;/build/source/app/dts/bindings/vendor-prefixes.txt;--vendor-prefixes;/nix/store/pz26iwsn417j90xs7y7cwbsjnk7b1riv-zephyr/zephyr/dts/bindings/vendor-prefixes.txt
2026-02-22T00:08:22.6932883Z CMake Error at /nix/store/pz26iwsn417j90xs7y7cwbsjnk7b1riv-zephyr/zephyr/cmake/modules/dts.cmake:279 (message):
2026-02-22T00:08:22.6933756Z   gen_defines.py failed with return code: 1
2026-02-22T00:08:22.6934196Z Call Stack (most recent call first):
2026-02-22T00:08:22.6934995Z   /nix/store/pz26iwsn417j90xs7y7cwbsjnk7b1riv-zephyr/zephyr/cmake/modules/zephyr_default.cmake:129 (include)
2026-02-22T00:08:22.6936306Z   /nix/store/pz26iwsn417j90xs7y7cwbsjnk7b1riv-zephyr/zephyr/share/zephyr-package/cmake/ZephyrConfig.cmake:66 (include)
2026-02-22T00:08:22.6937775Z   /nix/store/pz26iwsn417j90xs7y7cwbsjnk7b1riv-zephyr/zephyr/share/zephyr-package/cmake/ZephyrConfig.cmake:97 (include_boilerplate)
2026-02-22T00:08:22.6938833Z   CMakeLists.txt:9 (find_package)
2026-02-22T00:08:22.6939102Z 
2026-02-22T00:08:22.6939108Z 
2026-02-22T00:08:22.6949778Z -- In: /build/source/app/build/zephyr, command: /nix/store/3ym73yjdw7yg6sv3nwr0syligji76i3z-python3-3.12.7-env/bin/python;/nix/store/pz26iwsn417j90xs7y7cwbsjnk7b1riv-zephyr/zephyr/scripts/dts/gen_defines.py;--dts;/build/source/app/build/zephyr/zephyr.dts.pre;--dtc-flags;'-Wno-unique_unit_address_if_enabled';--bindings-dirs;/nix/store/3581iwklzqcg4iyhlyqqrj7yvvm0pykl-cirque-input-module/dts/bindings;/build/source/app/module/dts/bindings;/build/source/app/dts/bindings;/nix/store/pz26iwsn417j90xs7y7cwbsjnk7b1riv-zephyr/zephyr/dts/bindings;--header-out;/build/source/app/build/zephyr/include/generated/devicetree_generated.h.new;--dts-out;/build/source/app/build/zephyr/zephyr.dts.new;--edt-pickle-out;/build/source/app/build/zephyr/edt.pickle;--vendor-prefixes;/nix/store/3581iwklzqcg4iyhlyqqrj7yvvm0pykl-cirque-input-module/dts/bindings/vendor-prefixes.txt;--vendor-prefixes;/build/source/app/dts/bindings/vendor-prefixes.txt;--vendor-prefixes;/nix/store/pz26iwsn417j90xs7y7cwbsjnk7b1riv-zephyr/zephyr/dts/bindings/vendor-prefixes.txt
2026-02-22T00:08:22.6967557Z CMake Error at /nix/store/pz26iwsn417j90xs7y7cwbsjnk7b1riv-zephyr/zephyr/cmake/modules/dts.cmake:279 (message):
2026-02-22T00:08:22.6968135Z   gen_defines.py failed with return code: 1
2026-02-22T00:08:22.6968422Z Call Stack (most recent call first):
2026-02-22T00:08:22.6968931Z   /nix/store/pz26iwsn417j90xs7y7cwbsjnk7b1riv-zephyr/zephyr/cmake/modules/zephyr_default.cmake:129 (include)
2026-02-22T00:08:22.6969735Z   /nix/store/pz26iwsn417j90xs7y7cwbsjnk7b1riv-zephyr/zephyr/share/zephyr-package/cmake/ZephyrConfig.cmake:66 (include)
2026-02-22T00:08:22.6971021Z   /nix/store/pz26iwsn417j90xs7y7cwbsjnk7b1riv-zephyr/zephyr/share/zephyr-package/cmake/ZephyrConfig.cmake:97 (include_boilerplate)
2026-02-22T00:08:22.6972074Z   CMakeLists.txt:9 (find_package)
2026-02-22T00:08:22.6972552Z 
2026-02-22T00:08:22.6972558Z 
2026-02-22T00:08:22.6972732Z -- Configuring incomplete, errors occurred!
2026-02-22T00:08:22.6973231Z -- Configuring incomplete, errors occurred!
2026-02-22T00:08:22.7760499Z error: builder for '/nix/store/fb5w0maghws2vq9051pri4s4ah87av4l-zmk_glove80_rh.drv' failed with exit code 1;
2026-02-22T00:08:22.7761295Z        last 10 log lines:
2026-02-22T00:08:22.7762025Z        > CMake Error at /nix/store/pz26iwsn417j90xs7y7cwbsjnk7b1riv-zephyr/zephyr/cmake/modules/dts.cmake:279 (message):
2026-02-22T00:08:22.7763135Z        >   gen_defines.py failed with return code: 1
2026-02-22T00:08:22.7763550Z        > Call Stack (most recent call first):
2026-02-22T00:08:22.7764297Z        >   /nix/store/pz26iwsn417j90xs7y7cwbsjnk7b1riv-zephyr/zephyr/cmake/modules/zephyr_default.cmake:129 (include)
2026-02-22T00:08:22.7765489Z        >   /nix/store/pz26iwsn417j90xs7y7cwbsjnk7b1riv-zephyr/zephyr/share/zephyr-package/cmake/ZephyrConfig.cmake:66 (include)
2026-02-22T00:08:22.7766812Z        >   /nix/store/pz26iwsn417j90xs7y7cwbsjnk7b1riv-zephyr/zephyr/share/zephyr-package/cmake/ZephyrConfig.cmake:97 (include_boilerplate)
2026-02-22T00:08:22.7767695Z        >   CMakeLists.txt:9 (find_package)
2026-02-22T00:08:22.7768026Z        >
2026-02-22T00:08:22.7768241Z        > 
2026-02-22T00:08:22.7768539Z        > -- Configuring incomplete, errors occurred!
2026-02-22T00:08:22.7769430Z        For full logs, run 'nix log /nix/store/fb5w0maghws2vq9051pri4s4ah87av4l-zmk_glove80_rh.drv'.
2026-02-22T00:08:22.8774907Z error: 1 dependencies of derivation '/nix/store/n7s9v6b2cr5p1v5k1dz5al18bj9ja7c5-combined_zmk_glove80_lh_zmk_glove80_rh.drv' failed to build
2026-02-22T00:08:22.8891696Z ##[error]Process completed with exit code 1.
2026-02-22T00:08:22.8964623Z Post job cleanup.
2026-02-22T00:08:22.9398899Z ##[group]Cachix: push
2026-02-22T00:08:22.9399725Z Pushing is disabled as skipPush is set to true
2026-02-22T00:08:22.9400454Z ##[endgroup]
2026-02-22T00:08:22.9498133Z Post job cleanup.
2026-02-22T00:08:23.0422029Z [command]/usr/bin/git version
2026-02-22T00:08:23.0458911Z git version 2.52.0
2026-02-22T00:08:23.0502695Z Temporarily overriding HOME='/home/runner/work/_temp/235f85b2-658b-43cc-98d7-917bb3082776' before making global git config changes
2026-02-22T00:08:23.0504070Z Adding repository directory to the temporary git global config as a safe directory
2026-02-22T00:08:23.0509446Z [command]/usr/bin/git config --global --add safe.directory /home/runner/work/zmk-custom-functions-lib/zmk-custom-functions-lib/src
2026-02-22T00:08:23.0552896Z [command]/usr/bin/git config --local --name-only --get-regexp core\.sshCommand
2026-02-22T00:08:23.0587234Z [command]/usr/bin/git submodule foreach --recursive sh -c "git config --local --name-only --get-regexp 'core\.sshCommand' && git config --local --unset-all 'core.sshCommand' || :"
2026-02-22T00:08:23.0827967Z [command]/usr/bin/git config --local --name-only --get-regexp http\.https\:\/\/github\.com\/\.extraheader
2026-02-22T00:08:23.0849809Z http.https://github.com/.extraheader
2026-02-22T00:08:23.0862545Z [command]/usr/bin/git config --local --unset-all http.https://github.com/.extraheader
2026-02-22T00:08:23.0892997Z [command]/usr/bin/git submodule foreach --recursive sh -c "git config --local --name-only --get-regexp 'http\.https\:\/\/github\.com\/\.extraheader' && git config --local --unset-all 'http.https://github.com/.extraheader' || :"
2026-02-22T00:08:23.1118246Z [command]/usr/bin/git config --local --name-only --get-regexp ^includeIf\.gitdir:
2026-02-22T00:08:23.1148526Z [command]/usr/bin/git submodule foreach --recursive git config --local --show-origin --name-only --get-regexp remote.origin.url
2026-02-22T00:08:23.1560160Z Post job cleanup.
2026-02-22T00:08:23.2559197Z [command]/usr/bin/git version
2026-02-22T00:08:23.2595718Z git version 2.52.0
2026-02-22T00:08:23.2637025Z Temporarily overriding HOME='/home/runner/work/_temp/e5e12846-986f-4d1b-b93b-11ab7ccc92b3' before making global git config changes
2026-02-22T00:08:23.2639050Z Adding repository directory to the temporary git global config as a safe directory
2026-02-22T00:08:23.2649972Z [command]/usr/bin/git config --global --add safe.directory /home/runner/work/zmk-custom-functions-lib/zmk-custom-functions-lib
2026-02-22T00:08:23.2683097Z [command]/usr/bin/git config --local --name-only --get-regexp core\.sshCommand
2026-02-22T00:08:23.2714796Z [command]/usr/bin/git submodule foreach --recursive sh -c "git config --local --name-only --get-regexp 'core\.sshCommand' && git config --local --unset-all 'core.sshCommand' || :"
2026-02-22T00:08:23.2944641Z [command]/usr/bin/git config --local --name-only --get-regexp http\.https\:\/\/github\.com\/\.extraheader
2026-02-22T00:08:23.2966610Z http.https://github.com/.extraheader
2026-02-22T00:08:23.2984375Z [command]/usr/bin/git config --local --unset-all http.https://github.com/.extraheader
2026-02-22T00:08:23.3019272Z [command]/usr/bin/git submodule foreach --recursive sh -c "git config --local --name-only --get-regexp 'http\.https\:\/\/github\.com\/\.extraheader' && git config --local --unset-all 'http.https://github.com/.extraheader' || :"
2026-02-22T00:08:23.3265214Z [command]/usr/bin/git config --local --name-only --get-regexp ^includeIf\.gitdir:
2026-02-22T00:08:23.3303567Z [command]/usr/bin/git submodule foreach --recursive git config --local --show-origin --name-only --get-regexp remote.origin.url
2026-02-22T00:08:23.3661329Z Cleaning up orphan processes
